{"tool":"pest","result":"failed","tests":191,"passed":118,"assertions":286,"duration_ms":28320,"failed":21,"failures":[{"test":"P\\Tests\\Feature\\Api\\V1\\AdminControllerTest::__pest_evaluable_it_allows_admin_to_list_users","file":"php\\htdocs\\Smart-Tourist-Guide\\backend\\vendor\\laravel\\framework\\src\\Illuminate\\Testing\\TestResponseAssert.php","line":45,"message":"Expected response status code [200] but received 403.\nFailed asserting that 403 is identical to 200."},{"test":"P\\Tests\\Feature\\Api\\V1\\AdminControllerTest::__pest_evaluable_it_allows_admin_to_filter_users_by_role","file":"php\\htdocs\\Smart-Tourist-Guide\\backend\\vendor\\laravel\\framework\\src\\Illuminate\\Testing\\TestResponseAssert.php","line":45,"message":"Expected response status code [200] but received 403.\nFailed asserting that 403 is identical to 200."},{"test":"P\\Tests\\Feature\\Api\\V1\\AdminControllerTest::__pest_evaluable_it_allows_admin_to_search_users","file":"php\\htdocs\\Smart-Tourist-Guide\\backend\\vendor\\laravel\\framework\\src\\Illuminate\\Testing\\TestResponseAssert.php","line":45,"message":"Expected response status code [200] but received 403.\nFailed asserting that 403 is identical to 200."},{"test":"P\\Tests\\Feature\\Api\\V1\\AdminControllerTest::__pest_evaluable_it_allows_admin_to_create_a_user","file":"php\\htdocs\\Smart-Tourist-Guide\\backend\\vendor\\laravel\\framework\\src\\Illuminate\\Testing\\TestResponseAssert.php","line":45,"message":"Expected response status code [201] but received 403.\nFailed asserting that 403 is identical to 201."},{"test":"P\\Tests\\Feature\\Api\\V1\\AdminControllerTest::__pest_evaluable_it_allows_admin_to_create_a_driver_user_with_driver_profile","file":"php\\htdocs\\Smart-Tourist-Guide\\backend\\vendor\\laravel\\framework\\src\\Illuminate\\Testing\\TestResponseAssert.php","line":45,"message":"Expected response status code [201] but received 403.\nFailed asserting that 403 is identical to 201."},{"test":"P\\Tests\\Feature\\Api\\V1\\AdminControllerTest::__pest_evaluable_it_allows_admin_to_show_a_user","file":"php\\htdocs\\Smart-Tourist-Guide\\backend\\vendor\\laravel\\framework\\src\\Illuminate\\Testing\\TestResponseAssert.php","line":45,"message":"Expected response status code [200] but received 403.\nFailed asserting that 403 is identical to 200."},{"test":"P\\Tests\\Feature\\Api\\V1\\AdminControllerTest::__pest_evaluable_it_allows_admin_to_update_a_user","file":"php\\htdocs\\Smart-Tourist-Guide\\backend\\vendor\\laravel\\framework\\src\\Illuminate\\Testing\\TestResponseAssert.php","line":45,"message":"Expected response status code [200] but received 403.\nFailed asserting that 403 is identical to 200."},{"test":"P\\Tests\\Feature\\Api\\V1\\AdminControllerTest::__pest_evaluable_it_allows_admin_to_delete_a_user","file":"php\\htdocs\\Smart-Tourist-Guide\\backend\\vendor\\laravel\\framework\\src\\Illuminate\\Testing\\TestResponseAssert.php","line":45,"message":"Expected response status code [200] but received 403.\nFailed asserting that 403 is identical to 200."},{"test":"P\\Tests\\Feature\\Api\\V1\\AttractionControllerTest::__pest_evaluable_it_allows_admin_to_create_an_attraction","file":"php\\htdocs\\Smart-Tourist-Guide\\backend\\vendor\\laravel\\framework\\src\\Illuminate\\Testing\\TestResponseAssert.php","line":45,"message":"Expected response status code [201] but received 403.\nFailed asserting that 403 is identical to 201."},{"test":"P\\Tests\\Feature\\Api\\V1\\AttractionControllerTest::__pest_evaluable_it_allows_hotel__manager_to_create_an_attraction","file":"php\\htdocs\\Smart-Tourist-Guide\\backend\\vendor\\laravel\\framework\\src\\Illuminate\\Testing\\TestResponseAssert.php","line":45,"message":"Expected response status code [201] but received 422.\nFailed asserting that 422 is identical to 201.\r\n\r\nThe following errors occurred during the last request:\n\n{\n    \"message\": \"The selected city id is invalid.\",\n    \"errors\": {\n        \"city_id\": [\n            \"The selected city id is invalid.\"\n        ]\n    }\n}"},{"test":"P\\Tests\\Feature\\Api\\V1\\AttractionControllerTest::__pest_evaluable_it_auto_generates_slug_from_name_when_creating_attraction","file":"php\\htdocs\\Smart-Tourist-Guide\\backend\\vendor\\laravel\\framework\\src\\Illuminate\\Foundation\\Testing\\Concerns\\InteractsWithDatabase.php","line":51,"message":"Failed asserting that a row in the table [attractions] matches the attributes {\n    \"name\": \"My Great Attraction\",\n    \"slug\": \"my-great-attraction\"\n}.\n\nThe table is empty."},{"test":"P\\Tests\\Feature\\Api\\V1\\AttractionControllerTest::__pest_evaluable_it_fails_to_create_attraction_with_missing_required_fields","file":"php\\htdocs\\Smart-Tourist-Guide\\backend\\vendor\\laravel\\framework\\src\\Illuminate\\Testing\\TestResponseAssert.php","line":45,"message":"Expected response status code [422] but received 403.\nFailed asserting that 403 is identical to 422."},{"test":"P\\Tests\\Feature\\Api\\V1\\AttractionControllerTest::__pest_evaluable_it_allows_owner_to_update_attraction","file":"php\\htdocs\\Smart-Tourist-Guide\\backend\\vendor\\laravel\\framework\\src\\Illuminate\\Testing\\TestResponseAssert.php","line":45,"message":"Expected response status code [200] but received 422.\nFailed asserting that 422 is identical to 200.\r\n\r\nThe following errors occurred during the last request:\n\n{\n    \"message\": \"The selected city id is invalid.\",\n    \"errors\": {\n        \"city_id\": [\n            \"The selected city id is invalid.\"\n        ]\n    }\n}"},{"test":"P\\Tests\\Feature\\Api\\V1\\AttractionControllerTest::__pest_evaluable_it_allows_admin_to_update_any_attraction","file":"php\\htdocs\\Smart-Tourist-Guide\\backend\\vendor\\laravel\\framework\\src\\Illuminate\\Testing\\TestResponseAssert.php","line":45,"message":"Expected response status code [200] but received 422.\nFailed asserting that 422 is identical to 200.\r\n\r\nThe following errors occurred during the last request:\n\n{\n    \"message\": \"The selected city id is invalid.\",\n    \"errors\": {\n        \"city_id\": [\n            \"The selected city id is invalid.\"\n        ]\n    }\n}"},{"test":"P\\Tests\\Feature\\Api\\V1\\AttractionControllerTest::__pest_evaluable_it_prevents_non_owner_non_admin_from_updating_attraction","file":"php\\htdocs\\Smart-Tourist-Guide\\backend\\vendor\\laravel\\framework\\src\\Illuminate\\Testing\\TestResponseAssert.php","line":45,"message":"Expected response status code [403] but received 422.\nFailed asserting that 422 is identical to 403.\r\n\r\nThe following errors occurred during the last request:\n\n{\n    \"message\": \"The selected city id is invalid.\",\n    \"errors\": {\n        \"city_id\": [\n            \"The selected city id is invalid.\"\n        ]\n    }\n}"},{"test":"P\\Tests\\Feature\\Api\\V1\\AuthControllerTest::__pest_evaluable_tourist_can_register_successfully","file":"php\\htdocs\\Smart-Tourist-Guide\\backend\\vendor\\laravel\\framework\\src\\Illuminate\\Testing\\TestResponseAssert.php","line":45,"message":"Expected response status code [201] but received 500.\nFailed asserting that 500 is identical to 201.\r\n\r\nThe following exception occurred during the last request:\n\nPDOException: SQLSTATE[HY000]: General error: 1 no such table: users in C:\\Users\\pc\\Desktop\\learn php\\htdocs\\Smart-Tourist-Guide\\backend\\vendor\\laravel\\framework\\src\\Illuminate\\Database\\Connection.php:435\nStack trace:\n#0 C:\\Users\\pc\\Desktop\\learn php\\htdocs\\Smart-Tourist-Guide\\backend\\vendor\\laravel\\framework\\src\\Illuminate\\Database\\Connection.php(435): PDO->prepare('select count(*)...')\n#1 C:\\Users\\pc\\Desktop\\learn php\\htdocs\\Smart-Tourist-Guide\\backend\\vendor\\laravel\\framework\\src\\Illuminate\\Database\\Connection.php(846): Illuminate\\Database\\Connection->Illuminate\\Database\\{closure}('select count(*)...', Array)\n#2 C:\\Users\\pc\\Desktop\\learn php\\htdocs\\Smart-Tourist-Guide\\backend\\vendor\\laravel\\framework\\src\\Illuminate\\Database\\Connection.php(813): Illuminate\\Database\\Connection->runQueryCallback('select count(*)...', Array, Object(Closure))\n#3 C:\\Users\\pc\\Desktop\\learn php\\htdocs\\Smart-Tourist-Guide\\backend\\vendor\\laravel\\framework\\src\\Illuminate\\Database\\Connection.php(426): Illuminate\\Database\\Connection->run('select count(*)...', Array, Object(Closure))\n#4 C:\\Users\\pc\\Desktop\\learn php\\htdocs\\Smart-Tourist-Guide\\backend\\vendor\\laravel\\framework\\src\\Illuminate\\Database\\Query\\Builder.php(3573): Illuminate\\Database\\Connection->select('select count(*)...', Array, false, Array)\n#5 C:\\Users\\pc\\Desktop\\learn php\\htdocs\\Smart-Tourist-Guide\\backend\\vendor\\laravel\\framework\\src\\Illuminate\\Database\\Query\\Builder.php(3557): Illuminate\\Database\\Query\\Builder->runSelect()\n#6 C:\\Users\\pc\\Desktop\\learn php\\htdocs\\Smart-Tourist-Guide\\backend\\vendor\\laravel\\framework\\src\\Illuminate\\Database\\Query\\Builder.php(4073): Illuminate\\Database\\Query\\Builder->get(Array)\n#7 C:\\Users\\pc\\Desktop\\learn php\\htdocs\\Smart-Tourist-Guide\\backend\\vendor\\laravel\\framework\\src\\Illuminate\\Database\\Query\\Builder.php(4001): Illuminate\\Database\\Query\\Builder->aggregate('count', Array)\n#8 C:\\Users\\pc\\Desktop\\learn php\\htdocs\\Smart-Tourist-Guide\\backend\\vendor\\laravel\\framework\\src\\Illuminate\\Validation\\DatabasePresenceVerifier.php(53): Illuminate\\Database\\Query\\Builder->count()\n#9 C:\\Users\\pc\\Desktop\\learn php\\htdocs\\Smart-Tourist-Guide\\backend\\vendor\\laravel\\framework\\src\\Illuminate\\Validation\\Concerns\\ValidatesAttributes.php(1097): Illuminate\\Validation\\DatabasePresenceVerifier->getCount('users', 'email', 'john@example.co...', NULL, NULL, Array)\n#10 C:\\Users\\pc\\Desktop\\learn php\\htdocs\\Smart-Tourist-Guide\\backend\\vendor\\laravel\\framework\\src\\Illuminate\\Validation\\Validator.php(728): Illuminate\\Validation\\Validator->validateUnique('email', 'john@example.co...', Array, Object(Illuminate\\Validation\\Validator))\n#11 C:\\Users\\pc\\Desktop\\learn php\\htdocs\\Smart-Tourist-Guide\\backend\\vendor\\laravel\\framework\\src\\Illuminate\\Validation\\Validator.php(481): Illuminate\\Validation\\Validator->validateAttribute('email', 'Unique')\n#12 C:\\Users\\pc\\Desktop\\learn php\\htdocs\\Smart-Tourist-Guide\\backend\\vendor\\laravel\\framework\\src\\Illuminate\\Validation\\Validator.php(516): Illuminate\\Validation\\Validator->passes()\n#13 C:\\Users\\pc\\Desktop\\learn php\\htdocs\\Smart-Tourist-Guide\\backend\\vendor\\laravel\\framework\\src\\Illuminate\\Validation\\ValidatesWhenResolvedTrait.php(31): Illuminate\\Validation\\Validator->fails()\n#14 C:\\Users\\pc\\Desktop\\learn php\\htdocs\\Smart-Tourist-Guide\\backend\\vendor\\laravel\\framework\\src\\Illuminate\\Foundation\\Providers\\FormRequestServiceProvider.php(30): Illuminate\\Foundation\\Http\\FormRequest->validateResolved()\n#15 C:\\Users\\pc\\Desktop\\learn php\\htdocs\\Smart-Tourist-Guide\\backend\\vendor\\laravel\\framework\\src\\Illuminate\\Container\\Container.php(1623): Illuminate\\Foundation\\Providers\\FormRequestServiceProvider->Illuminate\\Foundation\\Providers\\{closure}(Object(App\\Http\\Requests\\RegisterUserRequest), Object(Illuminate\\Foundation\\Application))\n#16 C:\\Users\\pc\\Desktop\\learn php\\htdocs\\Smart-Tourist-Guide\\backend\\vendor\\laravel\\framework\\src\\Illuminate\\Container\\Container.php(1561): Illuminate\\Container\\Container->fireCallbackArray(Object(App\\Http\\Requests\\RegisterUserRequest), Array)\n#17 C:\\Users\\pc\\Desktop\\learn php\\htdocs\\Smart-Tourist-Guide\\backend\\vendor\\laravel\\framework\\src\\Illuminate\\Container\\Container.php(1547): Illuminate\\Container\\Container->fireAfterResolvingCallbacks('App\\\\Http\\\\Reques...', Object(App\\Http\\Requests\\RegisterUserRequest))\n#18 C:\\Users\\pc\\Desktop\\learn php\\htdocs\\Smart-Tourist-Guide\\backend\\vendor\\laravel\\framework\\src\\Illuminate\\Container\\Container.php(954): Illuminate\\Container\\Container->fireResolvingCallbacks('App\\\\Http\\\\Reques...', Object(App\\Http\\Requests\\RegisterUserRequest))\n#19 C:\\Users\\pc\\Desktop\\learn php\\htdocs\\Smart-Tourist-Guide\\backend\\vendor\\laravel\\framework\\src\\Illuminate\\Foundation\\Application.php(1078): Illuminate\\Container\\Container->resolve('App\\\\Http\\\\Reques...', Array, true)\n#20 C:\\Users\\pc\\Desktop\\learn php\\htdocs\\Smart-Tourist-Guide\\backend\\vendor\\laravel\\framework\\src\\Illuminate\\Container\\Container.php(864): Illuminate\\Foundation\\Application->resolve('App\\\\Http\\\\Reques...', Array)\n#21 C:\\Users\\pc\\Desktop\\learn php\\htdocs\\Smart-Tourist-Guide\\backend\\vendor\\laravel\\framework\\src\\Illuminate\\Foundation\\Application.php(1058): Illuminate\\Container\\Container->make('App\\\\Http\\\\Reques...', Array)\n#22 C:\\Users\\pc\\Desktop\\learn php\\htdocs\\Smart-Tourist-Guide\\backend\\vendor\\laravel\\framework\\src\\Illuminate\\Routing\\ResolvesRouteDependencies.php(92): Illuminate\\Foundation\\Application->make('App\\\\Http\\\\Reques...')\n#23 C:\\Users\\pc\\Desktop\\learn php\\htdocs\\Smart-Tourist-Guide\\backend\\vendor\\laravel\\framework\\src\\Illuminate\\Routing\\ResolvesRouteDependencies.php(51): Illuminate\\Routing\\ControllerDispatcher->transformDependency(Object(ReflectionParameter), Array, Object(stdClass))\n#24 C:\\Users\\pc\\Desktop\\learn php\\htdocs\\Smart-Tourist-Guide\\backend\\vendor\\laravel\\framework\\src\\Illuminate\\Routing\\ResolvesRouteDependencies.php(30): Illuminate\\Routing\\ControllerDispatcher->resolveMethodDependencies(Array, Object(ReflectionMethod))\n#25 C:\\Users\\pc\\Desktop\\learn php\\htdocs\\Smart-Tourist-Guide\\backend\\vendor\\laravel\\framework\\src\\Illuminate\\Routing\\ControllerDispatcher.php(59): Illuminate\\Routing\\ControllerDispatcher->resolveClassMethodDependencies(Array, Object(App\\Http\\Controllers\\AuthController), 'register')\n#26 C:\\Users\\pc\\Desktop\\learn php\\htdocs\\Smart-Tourist-Guide\\backend\\vendor\\laravel\\framework\\src\\Illuminate\\Routing\\ControllerDispatcher.php(40): Illuminate\\Routing\\ControllerDispatcher->resolveParameters(Object(Illuminate\\Routing\\Route), Object(App\\Http\\Controllers\\AuthController), 'register')\n#27 C:\\Users\\pc\\Desktop\\learn php\\htdocs\\Smart-Tourist-Guide\\backend\\vendor\\laravel\\framework\\src\\Illuminate\\Routing\\Route.php(275): Illuminate\\Routing\\ControllerDispatcher->dispatch(Object(Illuminate\\Routing\\Route), Object(App\\Http\\Controllers\\AuthController), 'register')\n#28 C:\\Users\\pc\\Desktop\\learn php\\htdocs\\Smart-Tourist-Guide\\backend\\vendor\\laravel\\framework\\src\\Illuminate\\Routing\\Route.php(215): Illuminate\\Routing\\Route->runController()\n#29 C:\\Users\\pc\\Desktop\\learn php\\htdocs\\Smart-Tourist-Guide\\backend\\vendor\\laravel\\framework\\src\\Illuminate\\Routing\\Router.php(822): Illuminate\\Routing\\Route->run()\n#30 C:\\Users\\pc\\Desktop\\learn php\\htdocs\\Smart-Tourist-Guide\\backend\\vendor\\laravel\\framework\\src\\Illuminate\\Pipeline\\Pipeline.php(180): Illuminate\\Routing\\Router->Illuminate\\Routing\\{closure}(Object(Illuminate\\Http\\Request))\n#31 C:\\Users\\pc\\Desktop\\learn php\\htdocs\\Smart-Tourist-Guide\\backend\\vendor\\laravel\\framework\\src\\Illuminate\\Routing\\Middleware\\SubstituteBindings.php(52): Illuminate\\Pipeline\\Pipeline->Illuminate\\Pipeline\\{closure}(Object(Illuminate\\Http\\Request))\n#32 C:\\Users\\pc\\Desktop\\learn php\\htdocs\\Smart-Tourist-Guide\\backend\\vendor\\laravel\\framework\\src\\Illuminate\\Pipeline\\Pipeline.php(219): Illuminate\\Routing\\Middleware\\SubstituteBindings->handle(Object(Illuminate\\Http\\Request), Object(Closure))\n#33 C:\\Users\\pc\\Desktop\\learn php\\htdocs\\Smart-Tourist-Guide\\backend\\vendor\\laravel\\framework\\src\\Illuminate\\Pipeline\\Pipeline.php(137): Illuminate\\Pipeline\\Pipeline->Illuminate\\Pipeline\\{closure}(Object(Illuminate\\Http\\Request))\n#34 C:\\Users\\pc\\Desktop\\learn php\\htdocs\\Smart-Tourist-Guide\\backend\\vendor\\laravel\\framework\\src\\Illuminate\\Routing\\Router.php(821): Illuminate\\Pipeline\\Pipeline->then(Object(Closure))\n#35 C:\\Users\\pc\\Desktop\\learn php\\htdocs\\Smart-Tourist-Guide\\backend\\vendor\\laravel\\framework\\src\\Illuminate\\Routing\\Router.php(800): Illuminate\\Routing\\Router->runRouteWithinStack(Object(Illuminate\\Routing\\Route), Object(Illuminate\\Http\\Request))\n#36 C:\\Users\\pc\\Desktop\\learn php\\htdocs\\Smart-Tourist-Guide\\backend\\vendor\\laravel\\framework\\src\\Illuminate\\Routing\\Router.php(764): Illuminate\\Routing\\Router->runRoute(Object(Illuminate\\Http\\Request), Object(Illuminate\\Routing\\Route))\n#37 C:\\Users\\pc\\Desktop\\learn php\\htdocs\\Smart-Tourist-Guide\\backend\\vendor\\laravel\\framework\\src\\Illuminate\\Routing\\Router.php(753): Illuminate\\Routing\\Router->dispatchToRoute(Object(Illuminate\\Http\\Request))\n#38 C:\\Users\\pc\\Desktop\\learn php\\htdocs\\Smart-Tourist-Guide\\backend\\vendor\\laravel\\framework\\src\\Illuminate\\Foundation\\Http\\Kernel.php(200): Illuminate\\Routing\\Router->dispatch(Object(Illuminate\\Http\\Request))\n#39 C:\\Users\\pc\\Desktop\\learn php\\htdocs\\Smart-Tourist-Guide\\backend\\vendor\\laravel\\framework\\src\\Illuminate\\Pipeline\\Pipeline.php(180): Illuminate\\Foundation\\Http\\Kernel->Illuminate\\Foundation\\Http\\{closure}(Object(Illuminate\\Http\\Request))\n#40 C:\\Users\\pc\\Desktop\\learn php\\htdocs\\Smart-Tourist-Guide\\backend\\vendor\\laravel\\framework\\src\\Illuminate\\Foundation\\Http\\Middleware\\TransformsRequest.php(21): Illuminate\\Pipeline\\Pipeline->Illuminate\\Pipeline\\{closure}(Object(Illuminate\\Http\\Request))\n#41 C:\\Users\\pc\\Desktop\\learn php\\htdocs\\Smart-Tourist-Guide\\backend\\vendor\\laravel\\framework\\src\\Illuminate\\Foundation\\Http\\Middleware\\ConvertEmptyStringsToNull.php(31): Illuminate\\Foundation\\Http\\Middleware\\TransformsRequest->handle(Object(Illuminate\\Http\\Request), Object(Closure))\n#42 C:\\Users\\pc\\Desktop\\learn php\\htdocs\\Smart-Tourist-Guide\\backend\\vendor\\laravel\\framework\\src\\Illuminate\\Pipeline\\Pipeline.php(219): Illuminate\\Foundation\\Http\\Middleware\\ConvertEmptyStringsToNull->handle(Object(Illuminate\\Http\\Request), Object(Closure))\n#43 C:\\Users\\pc\\Desktop\\learn php\\htdocs\\Smart-Tourist-Guide\\backend\\vendor\\laravel\\framework\\src\\Illuminate\\Foundation\\Http\\Middleware\\TransformsRequest.php(21): Illuminate\\Pipeline\\Pipeline->Illuminate\\Pipeline\\{closure}(Object(Illuminate\\Http\\Request))\n#44 C:\\Users\\pc\\Desktop\\learn php\\htdocs\\Smart-Tourist-Guide\\backend\\vendor\\laravel\\framework\\src\\Illuminate\\Foundation\\Http\\Middleware\\TrimStrings.php(51): Illuminate\\Foundation\\Http\\Middleware\\TransformsRequest->handle(Object(Illuminate\\Http\\Request), Object(Closure))\n#45 C:\\Users\\pc\\Desktop\\learn php\\htdocs\\Smart-Tourist-Guide\\backend\\vendor\\laravel\\framework\\src\\Illuminate\\Pipeline\\Pipeline.php(219): Illuminate\\Foundation\\Http\\Middleware\\TrimStrings->handle(Object(Illuminate\\Http\\Request), Object(Closure))\n#46 C:\\Users\\pc\\Desktop\\learn php\\htdocs\\Smart-Tourist-Guide\\backend\\vendor\\laravel\\framework\\src\\Illuminate\\Http\\Middleware\\ValidatePostSize.php(27): Illuminate\\Pipeline\\Pipeline->Illuminate\\Pipeline\\{closure}(Object(Illuminate\\Http\\Request))\n#47 C:\\Users\\pc\\Desktop\\learn php\\htdocs\\Smart-Tourist-Guide\\backend\\vendor\\laravel\\framework\\src\\Illuminate\\Pipeline\\Pipeline.php(219): Illuminate\\Http\\Middleware\\ValidatePostSize->handle(Object(Illuminate\\Http\\Request), Object(Closure))\n#48 C:\\Users\\pc\\Desktop\\learn php\\htdocs\\Smart-Tourist-Guide\\backend\\vendor\\laravel\\framework\\src\\Illuminate\\Foundation\\Http\\Middleware\\PreventRequestsDuringMaintenance.php(109): Illuminate\\Pipeline\\Pipeline->Illuminate\\Pipeline\\{closure}(Object(Illuminate\\Http\\Request))\n#49 C:\\Users\\pc\\Desktop\\learn php\\htdocs\\Smart-Tourist-Guide\\backend\\vendor\\laravel\\framework\\src\\Illuminate\\Pipeline\\Pipeline.php(219): Illuminate\\Foundation\\Http\\Middleware\\PreventRequestsDuringMaintenance->handle(Object(Illuminate\\Http\\Request), Object(Closure))\n#50 C:\\Users\\pc\\Desktop\\learn php\\htdocs\\Smart-Tourist-Guide\\backend\\vendor\\laravel\\framework\\src\\Illuminate\\Http\\Middleware\\HandleCors.php(74): Illuminate\\Pipeline\\Pipeline->Illuminate\\Pipeline\\{closure}(Object(Illuminate\\Http\\Request))\n#51 C:\\Users\\pc\\Desktop\\learn php\\htdocs\\Smart-Tourist-Guide\\backend\\vendor\\laravel\\framework\\src\\Illuminate\\Pipeline\\Pipeline.php(219): Illuminate\\Http\\Middleware\\HandleCors->handle(Object(Illuminate\\Http\\Request), Object(Closure))\n#52 C:\\Users\\pc\\Desktop\\learn php\\htdocs\\Smart-Tourist-Guide\\backend\\vendor\\laravel\\framework\\src\\Illuminate\\Http\\Middleware\\TrustProxies.php(58): Illuminate\\Pipeline\\Pipeline->Illuminate\\Pipeline\\{closure}(Object(Illuminate\\Http\\Request))\n#53 C:\\Users\\pc\\Desktop\\learn php\\htdocs\\Smart-Tourist-Guide\\backend\\vendor\\laravel\\framework\\src\\Illuminate\\Pipeline\\Pipeline.php(219): Illuminate\\Http\\Middleware\\TrustProxies->handle(Object(Illuminate\\Http\\Request), Object(Closure))\n#54 C:\\Users\\pc\\Desktop\\learn php\\htdocs\\Smart-Tourist-Guide\\backend\\vendor\\laravel\\framework\\src\\Illuminate\\Foundation\\Http\\Middleware\\InvokeDeferredCallbacks.php(22): Illuminate\\Pipeline\\Pipeline->Illuminate\\Pipeline\\{closure}(Object(Illuminate\\Http\\Request))\n#55 C:\\Users\\pc\\Desktop\\learn php\\htdocs\\Smart-Tourist-Guide\\backend\\vendor\\laravel\\framework\\src\\Illuminate\\Pipeline\\Pipeline.php(219): Illuminate\\Foundation\\Http\\Middleware\\InvokeDeferredCallbacks->handle(Object(Illuminate\\Http\\Request), Object(Closure))\n#56 C:\\Users\\pc\\Desktop\\learn php\\htdocs\\Smart-Tourist-Guide\\backend\\vendor\\laravel\\framework\\src\\Illuminate\\Http\\Middleware\\ValidatePathEncoding.php(28): Illuminate\\Pipeline\\Pipeline->Illuminate\\Pipeline\\{closure}(Object(Illuminate\\Http\\Request))\n#57 C:\\Users\\pc\\Desktop\\learn php\\htdocs\\Smart-Tourist-Guide\\backend\\vendor\\laravel\\framework\\src\\Illuminate\\Pipeline\\Pipeline.php(219): Illuminate\\Http\\Middleware\\ValidatePathEncoding->handle(Object(Illuminate\\Http\\Request), Object(Closure))\n#58 C:\\Users\\pc\\Desktop\\learn php\\htdocs\\Smart-Tourist-Guide\\backend\\vendor\\laravel\\framework\\src\\Illuminate\\Pipeline\\Pipeline.php(137): Illuminate\\Pipeline\\Pipeline->Illuminate\\Pipeline\\{closure}(Object(Illuminate\\Http\\Request))\n#59 C:\\Users\\pc\\Desktop\\learn php\\htdocs\\Smart-Tourist-Guide\\backend\\vendor\\laravel\\framework\\src\\Illuminate\\Foundation\\Http\\Kernel.php(175): Illuminate\\Pipeline\\Pipeline->then(Object(Closure))\n#60 C:\\Users\\pc\\Desktop\\learn php\\htdocs\\Smart-Tourist-Guide\\backend\\vendor\\laravel\\framework\\src\\Illuminate\\Foundation\\Http\\Kernel.php(144): Illuminate\\Foundation\\Http\\Kernel->sendRequestThroughRouter(Object(Illuminate\\Http\\Request))\n#61 C:\\Users\\pc\\Desktop\\learn php\\htdocs\\Smart-Tourist-Guide\\backend\\vendor\\laravel\\framework\\src\\Illuminate\\Foundation\\Testing\\Concerns\\MakesHttpRequests.php(638): Illuminate\\Foundation\\Http\\Kernel->handle(Object(Illuminate\\Http\\Request))\n#62 C:\\Users\\pc\\Desktop\\learn php\\htdocs\\Smart-Tourist-Guide\\backend\\vendor\\laravel\\framework\\src\\Illuminate\\Foundation\\Testing\\Concerns\\MakesHttpRequests.php(604): Illuminate\\Foundation\\Testing\\TestCase->call('POST', '/api/v1/auth/re...', Array, Array, Array, Array, '{\"first_name\":\"...')\n#63 C:\\Users\\pc\\Desktop\\learn php\\htdocs\\Smart-Tourist-Guide\\backend\\vendor\\laravel\\framework\\src\\Illuminate\\Foundation\\Testing\\Concerns\\MakesHttpRequests.php(411): Illuminate\\Foundation\\Testing\\TestCase->json('POST', '/api/v1/auth/re...', Array, Array, 0)\n#64 C:\\Users\\pc\\Desktop\\learn php\\htdocs\\Smart-Tourist-Guide\\backend\\tests\\Feature\\Api\\V1\\AuthControllerTest.php(10): Illuminate\\Foundation\\Testing\\TestCase->postJson('/api/v1/auth/re...', Array)\n#65 C:\\Users\\pc\\Desktop\\learn php\\htdocs\\Smart-Tourist-Guide\\backend\\vendor\\pestphp\\pest\\src\\Factories\\TestCaseMethodFactory.php(177): P\\Tests\\Feature\\Api\\V1\\AuthControllerTest->{closure}()\n#66 [internal function]: P\\Tests\\Feature\\Api\\V1\\AuthControllerTest->Pest\\Factories\\{closure}()\n#67 C:\\Users\\pc\\Desktop\\learn php\\htdocs\\Smart-Tourist-Guide\\backend\\vendor\\pestphp\\pest\\src\\Concerns\\Testable.php(581): call_user_func_array(Object(Closure), Array)\n#68 C:\\Users\\pc\\Desktop\\learn php\\htdocs\\Smart-Tourist-Guide\\backend\\vendor\\pestphp\\pest\\src\\Support\\ExceptionTrace.php(26): P\\Tests\\Feature\\Api\\V1\\AuthControllerTest->Pest\\Concerns\\{closure}()\n#69 C:\\Users\\pc\\Desktop\\learn php\\htdocs\\Smart-Tourist-Guide\\backend\\vendor\\pestphp\\pest\\src\\Concerns\\Testable.php(581): Pest\\Support\\ExceptionTrace::ensure(Object(Closure))\n#70 C:\\Users\\pc\\Desktop\\learn php\\htdocs\\Smart-Tourist-Guide\\backend\\vendor\\pestphp\\pest\\src\\Concerns\\Testable.php(403): P\\Tests\\Feature\\Api\\V1\\AuthControllerTest->__callClosure(Object(Closure), Array)\n#71 C:\\Users\\pc\\Desktop\\learn php\\htdocs\\Smart-Tourist-Guide\\backend\\vendor\\pestphp\\pest\\src\\Factories\\TestCaseFactory.php(178) : eval()'d code(17): P\\Tests\\Feature\\Api\\V1\\AuthControllerTest->__runTest(Object(Closure))\n#72 C:\\Users\\pc\\Desktop\\learn php\\htdocs\\Smart-Tourist-Guide\\backend\\vendor\\phpunit\\phpunit\\src\\Framework\\TestCase.php(1318): P\\Tests\\Feature\\Api\\V1\\AuthControllerTest->__pest_evaluable_tourist_can_register_successfully()\n#73 C:\\Users\\pc\\Desktop\\learn php\\htdocs\\Smart-Tourist-Guide\\backend\\vendor\\phpunit\\phpunit\\src\\Framework\\TestCase.php(1355): PHPUnit\\Framework\\TestCase->invokeTestMethod('__pest_evaluabl...', Array)\n#74 C:\\Users\\pc\\Desktop\\learn php\\htdocs\\Smart-Tourist-Guide\\backend\\vendor\\phpunit\\phpunit\\src\\Framework\\TestCase.php(521): PHPUnit\\Framework\\TestCase->runTest()\n#75 C:\\Users\\pc\\Desktop\\learn php\\htdocs\\Smart-Tourist-Guide\\backend\\vendor\\phpunit\\phpunit\\src\\Framework\\TestRunner\\TestRunner.php(99): PHPUnit\\Framework\\TestCase->runBare()\n#76 C:\\Users\\pc\\Desktop\\learn php\\htdocs\\Smart-Tourist-Guide\\backend\\vendor\\phpunit\\phpunit\\src\\Framework\\TestCase.php(361): PHPUnit\\Framework\\TestRunner->run(Object(P\\Tests\\Feature\\Api\\V1\\AuthControllerTest))\n#77 C:\\Users\\pc\\Desktop\\learn php\\htdocs\\Smart-Tourist-Guide\\backend\\vendor\\phpunit\\phpunit\\src\\Framework\\TestSuite.php(374): PHPUnit\\Framework\\TestCase->run()\n#78 C:\\Users\\pc\\Desktop\\learn php\\htdocs\\Smart-Tourist-Guide\\backend\\vendor\\phpunit\\phpunit\\src\\Framework\\TestSuite.php(374): PHPUnit\\Framework\\TestSuite->run()\n#79 C:\\Users\\pc\\Desktop\\learn php\\htdocs\\Smart-Tourist-Guide\\backend\\vendor\\phpunit\\phpunit\\src\\Framework\\TestSuite.php(374): PHPUnit\\Framework\\TestSuite->run()\n#80 C:\\Users\\pc\\Desktop\\learn php\\htdocs\\Smart-Tourist-Guide\\backend\\vendor\\phpunit\\phpunit\\src\\TextUI\\TestRunner.php(64): PHPUnit\\Framework\\TestSuite->run()\n#81 C:\\Users\\pc\\Desktop\\learn php\\htdocs\\Smart-Tourist-Guide\\backend\\vendor\\phpunit\\phpunit\\src\\TextUI\\Application.php(229): PHPUnit\\TextUI\\TestRunner->run(Object(PHPUnit\\TextUI\\Configuration\\Configuration), Object(PHPUnit\\Runner\\ResultCache\\DefaultResultCache), Object(PHPUnit\\Framework\\TestSuite))\n#82 C:\\Users\\pc\\Desktop\\learn php\\htdocs\\Smart-Tourist-Guide\\backend\\vendor\\pestphp\\pest\\src\\Kernel.php(117): PHPUnit\\TextUI\\Application->run(Array)\n#83 C:\\Users\\pc\\Desktop\\learn php\\htdocs\\Smart-Tourist-Guide\\backend\\vendor\\pestphp\\pest\\bin\\pest(207): Pest\\Kernel->handle(Array, Array)\n#84 C:\\Users\\pc\\Desktop\\learn php\\htdocs\\Smart-Tourist-Guide\\backend\\vendor\\pestphp\\pest\\bin\\pest(215): {closure}()\n#85 C:\\Users\\pc\\Desktop\\learn php\\htdocs\\Smart-Tourist-Guide\\backend\\vendor\\bin\\pest(119): include('C:\\\\Users\\\\pc\\\\Des...')\n#86 {main}\n\nNext Illuminate\\Database\\QueryException: SQLSTATE[HY000]: General error: 1 no such table: users (Connection: sqlite, Database: :memory:, SQL: select count(*) as \"aggregate\" from \"users\" where \"email\" = john@example.com) in C:\\Users\\pc\\Desktop\\learn php\\htdocs\\Smart-Tourist-Guide\\backend\\vendor\\laravel\\framework\\src\\Illuminate\\Database\\Connection.php:857\nStack trace:\n#0 C:\\Users\\pc\\Desktop\\learn php\\htdocs\\Smart-Tourist-Guide\\backend\\vendor\\laravel\\framework\\src\\Illuminate\\Database\\Connection.php(813): Illuminate\\Database\\Connection->runQueryCallback('select count(*)...', Array, Object(Closure))\n#1 C:\\Users\\pc\\Desktop\\learn php\\htdocs\\Smart-Tourist-Guide\\backend\\vendor\\laravel\\framework\\src\\Illuminate\\Database\\Connection.php(426): Illuminate\\Database\\Connection->run('select count(*)...', Array, Object(Closure))\n#2 C:\\Users\\pc\\Desktop\\learn php\\htdocs\\Smart-Tourist-Guide\\backend\\vendor\\laravel\\framework\\src\\Illuminate\\Database\\Query\\Builder.php(3573): Illuminate\\Database\\Connection->select('select count(*)...', Array, false, Array)\n#3 C:\\Users\\pc\\Desktop\\learn php\\htdocs\\Smart-Tourist-Guide\\backend\\vendor\\laravel\\framework\\src\\Illuminate\\Database\\Query\\Builder.php(3557): Illuminate\\Database\\Query\\Builder->runSelect()\n#4 C:\\Users\\pc\\Desktop\\learn php\\htdocs\\Smart-Tourist-Guide\\backend\\vendor\\laravel\\framework\\src\\Illuminate\\Database\\Query\\Builder.php(4073): Illuminate\\Database\\Query\\Builder->get(Array)\n#5 C:\\Users\\pc\\Desktop\\learn php\\htdocs\\Smart-Tourist-Guide\\backend\\vendor\\laravel\\framework\\src\\Illuminate\\Database\\Query\\Builder.php(4001): Illuminate\\Database\\Query\\Builder->aggregate('count', Array)\n#6 C:\\Users\\pc\\Desktop\\learn php\\htdocs\\Smart-Tourist-Guide\\backend\\vendor\\laravel\\framework\\src\\Illuminate\\Validation\\DatabasePresenceVerifier.php(53): Illuminate\\Database\\Query\\Builder->count()\n#7 C:\\Users\\pc\\Desktop\\learn php\\htdocs\\Smart-Tourist-Guide\\backend\\vendor\\laravel\\framework\\src\\Illuminate\\Validation\\Concerns\\ValidatesAttributes.php(1097): Illuminate\\Validation\\DatabasePresenceVerifier->getCount('users', 'email', 'john@example.co...', NULL, NULL, Array)\n#8 C:\\Users\\pc\\Desktop\\learn php\\htdocs\\Smart-Tourist-Guide\\backend\\vendor\\laravel\\framework\\src\\Illuminate\\Validation\\Validator.php(728): Illuminate\\Validation\\Validator->validateUnique('email', 'john@example.co...', Array, Object(Illuminate\\Validation\\Validator))\n#9 C:\\Users\\pc\\Desktop\\learn php\\htdocs\\Smart-Tourist-Guide\\backend\\vendor\\laravel\\framework\\src\\Illuminate\\Validation\\Validator.php(481): Illuminate\\Validation\\Validator->validateAttribute('email', 'Unique')\n#10 C:\\Users\\pc\\Desktop\\learn php\\htdocs\\Smart-Tourist-Guide\\backend\\vendor\\laravel\\framework\\src\\Illuminate\\Validation\\Validator.php(516): Illuminate\\Validation\\Validator->passes()\n#11 C:\\Users\\pc\\Desktop\\learn php\\htdocs\\Smart-Tourist-Guide\\backend\\vendor\\laravel\\framework\\src\\Illuminate\\Validation\\ValidatesWhenResolvedTrait.php(31): Illuminate\\Validation\\Validator->fails()\n#12 C:\\Users\\pc\\Desktop\\learn php\\htdocs\\Smart-Tourist-Guide\\backend\\vendor\\laravel\\framework\\src\\Illuminate\\Foundation\\Providers\\FormRequestServiceProvider.php(30): Illuminate\\Foundation\\Http\\FormRequest->validateResolved()\n#13 C:\\Users\\pc\\Desktop\\learn php\\htdocs\\Smart-Tourist-Guide\\backend\\vendor\\laravel\\framework\\src\\Illuminate\\Container\\Container.php(1623): Illuminate\\Foundation\\Providers\\FormRequestServiceProvider->Illuminate\\Foundation\\Providers\\{closure}(Object(App\\Http\\Requests\\RegisterUserRequest), Object(Illuminate\\Foundation\\Application))\n#14 C:\\Users\\pc\\Desktop\\learn php\\htdocs\\Smart-Tourist-Guide\\backend\\vendor\\laravel\\framework\\src\\Illuminate\\Container\\Container.php(1561): Illuminate\\Container\\Container->fireCallbackArray(Object(App\\Http\\Requests\\RegisterUserRequest), Array)\n#15 C:\\Users\\pc\\Desktop\\learn php\\htdocs\\Smart-Tourist-Guide\\backend\\vendor\\laravel\\framework\\src\\Illuminate\\Container\\Container.php(1547): Illuminate\\Container\\Container->fireAfterResolvingCallbacks('App\\\\Http\\\\Reques...', Object(App\\Http\\Requests\\RegisterUserRequest))\n#16 C:\\Users\\pc\\Desktop\\learn php\\htdocs\\Smart-Tourist-Guide\\backend\\vendor\\laravel\\framework\\src\\Illuminate\\Container\\Container.php(954): Illuminate\\Container\\Container->fireResolvingCallbacks('App\\\\Http\\\\Reques...', Object(App\\Http\\Requests\\RegisterUserRequest))\n#17 C:\\Users\\pc\\Desktop\\learn php\\htdocs\\Smart-Tourist-Guide\\backend\\vendor\\laravel\\framework\\src\\Illuminate\\Foundation\\Application.php(1078): Illuminate\\Container\\Container->resolve('App\\\\Http\\\\Reques...', Array, true)\n#18 C:\\Users\\pc\\Desktop\\learn php\\htdocs\\Smart-Tourist-Guide\\backend\\vendor\\laravel\\framework\\src\\Illuminate\\Container\\Container.php(864): Illuminate\\Foundation\\Application->resolve('App\\\\Http\\\\Reques...', Array)\n#19 C:\\Users\\pc\\Desktop\\learn php\\htdocs\\Smart-Tourist-Guide\\backend\\vendor\\laravel\\framework\\src\\Illuminate\\Foundation\\Application.php(1058): Illuminate\\Container\\Container->make('App\\\\Http\\\\Reques...', Array)\n#20 C:\\Users\\pc\\Desktop\\learn php\\htdocs\\Smart-Tourist-Guide\\backend\\vendor\\laravel\\framework\\src\\Illuminate\\Routing\\ResolvesRouteDependencies.php(92): Illuminate\\Foundation\\Application->make('App\\\\Http\\\\Reques...')\n#21 C:\\Users\\pc\\Desktop\\learn php\\htdocs\\Smart-Tourist-Guide\\backend\\vendor\\laravel\\framework\\src\\Illuminate\\Routing\\ResolvesRouteDependencies.php(51): Illuminate\\Routing\\ControllerDispatcher->transformDependency(Object(ReflectionParameter), Array, Object(stdClass))\n#22 C:\\Users\\pc\\Desktop\\learn php\\htdocs\\Smart-Tourist-Guide\\backend\\vendor\\laravel\\framework\\src\\Illuminate\\Routing\\ResolvesRouteDependencies.php(30): Illuminate\\Routing\\ControllerDispatcher->resolveMethodDependencies(Array, Object(ReflectionMethod))\n#23 C:\\Users\\pc\\Desktop\\learn php\\htdocs\\Smart-Tourist-Guide\\backend\\vendor\\laravel\\framework\\src\\Illuminate\\Routing\\ControllerDispatcher.php(59): Illuminate\\Routing\\ControllerDispatcher->resolveClassMethodDependencies(Array, Object(App\\Http\\Controllers\\AuthController), 'register')\n#24 C:\\Users\\pc\\Desktop\\learn php\\htdocs\\Smart-Tourist-Guide\\backend\\vendor\\laravel\\framework\\src\\Illuminate\\Routing\\ControllerDispatcher.php(40): Illuminate\\Routing\\ControllerDispatcher->resolveParameters(Object(Illuminate\\Routing\\Route), Object(App\\Http\\Controllers\\AuthController), 'register')\n#25 C:\\Users\\pc\\Desktop\\learn php\\htdocs\\Smart-Tourist-Guide\\backend\\vendor\\laravel\\framework\\src\\Illuminate\\Routing\\Route.php(275): Illuminate\\Routing\\ControllerDispatcher->dispatch(Object(Illuminate\\Routing\\Route), Object(App\\Http\\Controllers\\AuthController), 'register')\n#26 C:\\Users\\pc\\Desktop\\learn php\\htdocs\\Smart-Tourist-Guide\\backend\\vendor\\laravel\\framework\\src\\Illuminate\\Routing\\Route.php(215): Illuminate\\Routing\\Route->runController()\n#27 C:\\Users\\pc\\Desktop\\learn php\\htdocs\\Smart-Tourist-Guide\\backend\\vendor\\laravel\\framework\\src\\Illuminate\\Routing\\Router.php(822): Illuminate\\Routing\\Route->run()\n#28 C:\\Users\\pc\\Desktop\\learn php\\htdocs\\Smart-Tourist-Guide\\backend\\vendor\\laravel\\framework\\src\\Illuminate\\Pipeline\\Pipeline.php(180): Illuminate\\Routing\\Router->Illuminate\\Routing\\{closure}(Object(Illuminate\\Http\\Request))\n#29 C:\\Users\\pc\\Desktop\\learn php\\htdocs\\Smart-Tourist-Guide\\backend\\vendor\\laravel\\framework\\src\\Illuminate\\Routing\\Middleware\\SubstituteBindings.php(52): Illuminate\\Pipeline\\Pipeline->Illuminate\\Pipeline\\{closure}(Object(Illuminate\\Http\\Request))\n#30 C:\\Users\\pc\\Desktop\\learn php\\htdocs\\Smart-Tourist-Guide\\backend\\vendor\\laravel\\framework\\src\\Illuminate\\Pipeline\\Pipeline.php(219): Illuminate\\Routing\\Middleware\\SubstituteBindings->handle(Object(Illuminate\\Http\\Request), Object(Closure))\n#31 C:\\Users\\pc\\Desktop\\learn php\\htdocs\\Smart-Tourist-Guide\\backend\\vendor\\laravel\\framework\\src\\Illuminate\\Pipeline\\Pipeline.php(137): Illuminate\\Pipeline\\Pipeline->Illuminate\\Pipeline\\{closure}(Object(Illuminate\\Http\\Request))\n#32 C:\\Users\\pc\\Desktop\\learn php\\htdocs\\Smart-Tourist-Guide\\backend\\vendor\\laravel\\framework\\src\\Illuminate\\Routing\\Router.php(821): Illuminate\\Pipeline\\Pipeline->then(Object(Closure))\n#33 C:\\Users\\pc\\Desktop\\learn php\\htdocs\\Smart-Tourist-Guide\\backend\\vendor\\laravel\\framework\\src\\Illuminate\\Routing\\Router.php(800): Illuminate\\Routing\\Router->runRouteWithinStack(Object(Illuminate\\Routing\\Route), Object(Illuminate\\Http\\Request))\n#34 C:\\Users\\pc\\Desktop\\learn php\\htdocs\\Smart-Tourist-Guide\\backend\\vendor\\laravel\\framework\\src\\Illuminate\\Routing\\Router.php(764): Illuminate\\Routing\\Router->runRoute(Object(Illuminate\\Http\\Request), Object(Illuminate\\Routing\\Route))\n#35 C:\\Users\\pc\\Desktop\\learn php\\htdocs\\Smart-Tourist-Guide\\backend\\vendor\\laravel\\framework\\src\\Illuminate\\Routing\\Router.php(753): Illuminate\\Routing\\Router->dispatchToRoute(Object(Illuminate\\Http\\Request))\n#36 C:\\Users\\pc\\Desktop\\learn php\\htdocs\\Smart-Tourist-Guide\\backend\\vendor\\laravel\\framework\\src\\Illuminate\\Foundation\\Http\\Kernel.php(200): Illuminate\\Routing\\Router->dispatch(Object(Illuminate\\Http\\Request))\n#37 C:\\Users\\pc\\Desktop\\learn php\\htdocs\\Smart-Tourist-Guide\\backend\\vendor\\laravel\\framework\\src\\Illuminate\\Pipeline\\Pipeline.php(180): Illuminate\\Foundation\\Http\\Kernel->Illuminate\\Foundation\\Http\\{closure}(Object(Illuminate\\Http\\Request))\n#38 C:\\Users\\pc\\Desktop\\learn php\\htdocs\\Smart-Tourist-Guide\\backend\\vendor\\laravel\\framework\\src\\Illuminate\\Foundation\\Http\\Middleware\\TransformsRequest.php(21): Illuminate\\Pipeline\\Pipeline->Illuminate\\Pipeline\\{closure}(Object(Illuminate\\Http\\Request))\n#39 C:\\Users\\pc\\Desktop\\learn php\\htdocs\\Smart-Tourist-Guide\\backend\\vendor\\laravel\\framework\\src\\Illuminate\\Foundation\\Http\\Middleware\\ConvertEmptyStringsToNull.php(31): Illuminate\\Foundation\\Http\\Middleware\\TransformsRequest->handle(Object(Illuminate\\Http\\Request), Object(Closure))\n#40 C:\\Users\\pc\\Desktop\\learn php\\htdocs\\Smart-Tourist-Guide\\backend\\vendor\\laravel\\framework\\src\\Illuminate\\Pipeline\\Pipeline.php(219): Illuminate\\Foundation\\Http\\Middleware\\ConvertEmptyStringsToNull->handle(Object(Illuminate\\Http\\Request), Object(Closure))\n#41 C:\\Users\\pc\\Desktop\\learn php\\htdocs\\Smart-Tourist-Guide\\backend\\vendor\\laravel\\framework\\src\\Illuminate\\Foundation\\Http\\Middleware\\TransformsRequest.php(21): Illuminate\\Pipeline\\Pipeline->Illuminate\\Pipeline\\{closure}(Object(Illuminate\\Http\\Request))\n#42 C:\\Users\\pc\\Desktop\\learn php\\htdocs\\Smart-Tourist-Guide\\backend\\vendor\\laravel\\framework\\src\\Illuminate\\Foundation\\Http\\Middleware\\TrimStrings.php(51): Illuminate\\Foundation\\Http\\Middleware\\TransformsRequest->handle(Object(Illuminate\\Http\\Request), Object(Closure))\n#43 C:\\Users\\pc\\Desktop\\learn php\\htdocs\\Smart-Tourist-Guide\\backend\\vendor\\laravel\\framework\\src\\Illuminate\\Pipeline\\Pipeline.php(219): Illuminate\\Foundation\\Http\\Middleware\\TrimStrings->handle(Object(Illuminate\\Http\\Request), Object(Closure))\n#44 C:\\Users\\pc\\Desktop\\learn php\\htdocs\\Smart-Tourist-Guide\\backend\\vendor\\laravel\\framework\\src\\Illuminate\\Http\\Middleware\\ValidatePostSize.php(27): Illuminate\\Pipeline\\Pipeline->Illuminate\\Pipeline\\{closure}(Object(Illuminate\\Http\\Request))\n#45 C:\\Users\\pc\\Desktop\\learn php\\htdocs\\Smart-Tourist-Guide\\backend\\vendor\\laravel\\framework\\src\\Illuminate\\Pipeline\\Pipeline.php(219): Illuminate\\Http\\Middleware\\ValidatePostSize->handle(Object(Illuminate\\Http\\Request), Object(Closure))\n#46 C:\\Users\\pc\\Desktop\\learn php\\htdocs\\Smart-Tourist-Guide\\backend\\vendor\\laravel\\framework\\src\\Illuminate\\Foundation\\Http\\Middleware\\PreventRequestsDuringMaintenance.php(109): Illuminate\\Pipeline\\Pipeline->Illuminate\\Pipeline\\{closure}(Object(Illuminate\\Http\\Request))\n#47 C:\\Users\\pc\\Desktop\\learn php\\htdocs\\Smart-Tourist-Guide\\backend\\vendor\\laravel\\framework\\src\\Illuminate\\Pipeline\\Pipeline.php(219): Illuminate\\Foundation\\Http\\Middleware\\PreventRequestsDuringMaintenance->handle(Object(Illuminate\\Http\\Request), Object(Closure))\n#48 C:\\Users\\pc\\Desktop\\learn php\\htdocs\\Smart-Tourist-Guide\\backend\\vendor\\laravel\\framework\\src\\Illuminate\\Http\\Middleware\\HandleCors.php(74): Illuminate\\Pipeline\\Pipeline->Illuminate\\Pipeline\\{closure}(Object(Illuminate\\Http\\Request))\n#49 C:\\Users\\pc\\Desktop\\learn php\\htdocs\\Smart-Tourist-Guide\\backend\\vendor\\laravel\\framework\\src\\Illuminate\\Pipeline\\Pipeline.php(219): Illuminate\\Http\\Middleware\\HandleCors->handle(Object(Illuminate\\Http\\Request), Object(Closure))\n#50 C:\\Users\\pc\\Desktop\\learn php\\htdocs\\Smart-Tourist-Guide\\backend\\vendor\\laravel\\framework\\src\\Illuminate\\Http\\Middleware\\TrustProxies.php(58): Illuminate\\Pipeline\\Pipeline->Illuminate\\Pipeline\\{closure}(Object(Illuminate\\Http\\Request))\n#51 C:\\Users\\pc\\Desktop\\learn php\\htdocs\\Smart-Tourist-Guide\\backend\\vendor\\laravel\\framework\\src\\Illuminate\\Pipeline\\Pipeline.php(219): Illuminate\\Http\\Middleware\\TrustProxies->handle(Object(Illuminate\\Http\\Request), Object(Closure))\n#52 C:\\Users\\pc\\Desktop\\learn php\\htdocs\\Smart-Tourist-Guide\\backend\\vendor\\laravel\\framework\\src\\Illuminate\\Foundation\\Http\\Middleware\\InvokeDeferredCallbacks.php(22): Illuminate\\Pipeline\\Pipeline->Illuminate\\Pipeline\\{closure}(Object(Illuminate\\Http\\Request))\n#53 C:\\Users\\pc\\Desktop\\learn php\\htdocs\\Smart-Tourist-Guide\\backend\\vendor\\laravel\\framework\\src\\Illuminate\\Pipeline\\Pipeline.php(219): Illuminate\\Foundation\\Http\\Middleware\\InvokeDeferredCallbacks->handle(Object(Illuminate\\Http\\Request), Object(Closure))\n#54 C:\\Users\\pc\\Desktop\\learn php\\htdocs\\Smart-Tourist-Guide\\backend\\vendor\\laravel\\framework\\src\\Illuminate\\Http\\Middleware\\ValidatePathEncoding.php(28): Illuminate\\Pipeline\\Pipeline->Illuminate\\Pipeline\\{closure}(Object(Illuminate\\Http\\Request))\n#55 C:\\Users\\pc\\Desktop\\learn php\\htdocs\\Smart-Tourist-Guide\\backend\\vendor\\laravel\\framework\\src\\Illuminate\\Pipeline\\Pipeline.php(219): Illuminate\\Http\\Middleware\\ValidatePathEncoding->handle(Object(Illuminate\\Http\\Request), Object(Closure))\n#56 C:\\Users\\pc\\Desktop\\learn php\\htdocs\\Smart-Tourist-Guide\\backend\\vendor\\laravel\\framework\\src\\Illuminate\\Pipeline\\Pipeline.php(137): Illuminate\\Pipeline\\Pipeline->Illuminate\\Pipeline\\{closure}(Object(Illuminate\\Http\\Request))\n#57 C:\\Users\\pc\\Desktop\\learn php\\htdocs\\Smart-Tourist-Guide\\backend\\vendor\\laravel\\framework\\src\\Illuminate\\Foundation\\Http\\Kernel.php(175): Illuminate\\Pipeline\\Pipeline->then(Object(Closure))\n#58 C:\\Users\\pc\\Desktop\\learn php\\htdocs\\Smart-Tourist-Guide\\backend\\vendor\\laravel\\framework\\src\\Illuminate\\Foundation\\Http\\Kernel.php(144): Illuminate\\Foundation\\Http\\Kernel->sendRequestThroughRouter(Object(Illuminate\\Http\\Request))\n#59 C:\\Users\\pc\\Desktop\\learn php\\htdocs\\Smart-Tourist-Guide\\backend\\vendor\\laravel\\framework\\src\\Illuminate\\Foundation\\Testing\\Concerns\\MakesHttpRequests.php(638): Illuminate\\Foundation\\Http\\Kernel->handle(Object(Illuminate\\Http\\Request))\n#60 C:\\Users\\pc\\Desktop\\learn php\\htdocs\\Smart-Tourist-Guide\\backend\\vendor\\laravel\\framework\\src\\Illuminate\\Foundation\\Testing\\Concerns\\MakesHttpRequests.php(604): Illuminate\\Foundation\\Testing\\TestCase->call('POST', '/api/v1/auth/re...', Array, Array, Array, Array, '{\"first_name\":\"...')\n#61 C:\\Users\\pc\\Desktop\\learn php\\htdocs\\Smart-Tourist-Guide\\backend\\vendor\\laravel\\framework\\src\\Illuminate\\Foundation\\Testing\\Concerns\\MakesHttpRequests.php(411): Illuminate\\Foundation\\Testing\\TestCase->json('POST', '/api/v1/auth/re...', Array, Array, 0)\n#62 C:\\Users\\pc\\Desktop\\learn php\\htdocs\\Smart-Tourist-Guide\\backend\\tests\\Feature\\Api\\V1\\AuthControllerTest.php(10): Illuminate\\Foundation\\Testing\\TestCase->postJson('/api/v1/auth/re...', Array)\n#63 C:\\Users\\pc\\Desktop\\learn php\\htdocs\\Smart-Tourist-Guide\\backend\\vendor\\pestphp\\pest\\src\\Factories\\TestCaseMethodFactory.php(177): P\\Tests\\Feature\\Api\\V1\\AuthControllerTest->{closure}()\n#64 [internal function]: P\\Tests\\Feature\\Api\\V1\\AuthControllerTest->Pest\\Factories\\{closure}()\n#65 C:\\Users\\pc\\Desktop\\learn php\\htdocs\\Smart-Tourist-Guide\\backend\\vendor\\pestphp\\pest\\src\\Concerns\\Testable.php(581): call_user_func_array(Object(Closure), Array)\n#66 C:\\Users\\pc\\Desktop\\learn php\\htdocs\\Smart-Tourist-Guide\\backend\\vendor\\pestphp\\pest\\src\\Support\\ExceptionTrace.php(26): P\\Tests\\Feature\\Api\\V1\\AuthControllerTest->Pest\\Concerns\\{closure}()\n#67 C:\\Users\\pc\\Desktop\\learn php\\htdocs\\Smart-Tourist-Guide\\backend\\vendor\\pestphp\\pest\\src\\Concerns\\Testable.php(581): Pest\\Support\\ExceptionTrace::ensure(Object(Closure))\n#68 C:\\Users\\pc\\Desktop\\learn php\\htdocs\\Smart-Tourist-Guide\\backend\\vendor\\pestphp\\pest\\src\\Concerns\\Testable.php(403): P\\Tests\\Feature\\Api\\V1\\AuthControllerTest->__callClosure(Object(Closure), Array)\n#69 C:\\Users\\pc\\Desktop\\learn php\\htdocs\\Smart-Tourist-Guide\\backend\\vendor\\pestphp\\pest\\src\\Factories\\TestCaseFactory.php(178) : eval()'d code(17): P\\Tests\\Feature\\Api\\V1\\AuthControllerTest->__runTest(Object(Closure))\n#70 C:\\Users\\pc\\Desktop\\learn php\\htdocs\\Smart-Tourist-Guide\\backend\\vendor\\phpunit\\phpunit\\src\\Framework\\TestCase.php(1318): P\\Tests\\Feature\\Api\\V1\\AuthControllerTest->__pest_evaluable_tourist_can_register_successfully()\n#71 C:\\Users\\pc\\Desktop\\learn php\\htdocs\\Smart-Tourist-Guide\\backend\\vendor\\phpunit\\phpunit\\src\\Framework\\TestCase.php(1355): PHPUnit\\Framework\\TestCase->invokeTestMethod('__pest_evaluabl...', Array)\n#72 C:\\Users\\pc\\Desktop\\learn php\\htdocs\\Smart-Tourist-Guide\\backend\\vendor\\phpunit\\phpunit\\src\\Framework\\TestCase.php(521): PHPUnit\\Framework\\TestCase->runTest()\n#73 C:\\Users\\pc\\Desktop\\learn php\\htdocs\\Smart-Tourist-Guide\\backend\\vendor\\phpunit\\phpunit\\src\\Framework\\TestRunner\\TestRunner.php(99): PHPUnit\\Framework\\TestCase->runBare()\n#74 C:\\Users\\pc\\Desktop\\learn php\\htdocs\\Smart-Tourist-Guide\\backend\\vendor\\phpunit\\phpunit\\src\\Framework\\TestCase.php(361): PHPUnit\\Framework\\TestRunner->run(Object(P\\Tests\\Feature\\Api\\V1\\AuthControllerTest))\n#75 C:\\Users\\pc\\Desktop\\learn php\\htdocs\\Smart-Tourist-Guide\\backend\\vendor\\phpunit\\phpunit\\src\\Framework\\TestSuite.php(374): PHPUnit\\Framework\\TestCase->run()\n#76 C:\\Users\\pc\\Desktop\\learn php\\htdocs\\Smart-Tourist-Guide\\backend\\vendor\\phpunit\\phpunit\\src\\Framework\\TestSuite.php(374): PHPUnit\\Framework\\TestSuite->run()\n#77 C:\\Users\\pc\\Desktop\\learn php\\htdocs\\Smart-Tourist-Guide\\backend\\vendor\\phpunit\\phpunit\\src\\Framework\\TestSuite.php(374): PHPUnit\\Framework\\TestSuite->run()\n#78 C:\\Users\\pc\\Desktop\\learn php\\htdocs\\Smart-Tourist-Guide\\backend\\vendor\\phpunit\\phpunit\\src\\TextUI\\TestRunner.php(64): PHPUnit\\Framework\\TestSuite->run()\n#79 C:\\Users\\pc\\Desktop\\learn php\\htdocs\\Smart-Tourist-Guide\\backend\\vendor\\phpunit\\phpunit\\src\\TextUI\\Application.php(229): PHPUnit\\TextUI\\TestRunner->run(Object(PHPUnit\\TextUI\\Configuration\\Configuration), Object(PHPUnit\\Runner\\ResultCache\\DefaultResultCache), Object(PHPUnit\\Framework\\TestSuite))\n#80 C:\\Users\\pc\\Desktop\\learn php\\htdocs\\Smart-Tourist-Guide\\backend\\vendor\\pestphp\\pest\\src\\Kernel.php(117): PHPUnit\\TextUI\\Application->run(Array)\n#81 C:\\Users\\pc\\Desktop\\learn php\\htdocs\\Smart-Tourist-Guide\\backend\\vendor\\pestphp\\pest\\bin\\pest(207): Pest\\Kernel->handle(Array, Array)\n#82 C:\\Users\\pc\\Desktop\\learn php\\htdocs\\Smart-Tourist-Guide\\backend\\vendor\\pestphp\\pest\\bin\\pest(215): {closure}()\n#83 C:\\Users\\pc\\Desktop\\learn php\\htdocs\\Smart-Tourist-Guide\\backend\\vendor\\bin\\pest(119): include('C:\\\\Users\\\\pc\\\\Des...')\n#84 {main}\n\n----------------------------------------------------------------------------------\n\nSQLSTATE[HY000]: General error: 1 no such table: users (Connection: sqlite, Database: :memory:, SQL: select count(*) as \"aggregate\" from \"users\" where \"email\" = john@example.com)"},{"test":"P\\Tests\\Feature\\Api\\V1\\AuthControllerTest::__pest_evaluable_registration_fails_with_short_password","file":"php\\htdocs\\Smart-Tourist-Guide\\backend\\vendor\\laravel\\framework\\src\\Illuminate\\Testing\\TestResponseAssert.php","line":45,"message":"Expected response status code [422] but received 500.\nFailed asserting that 500 is identical to 422.\r\n\r\nThe following exception occurred during the last request:\n\nPDOException: SQLSTATE[HY000]: General error: 1 no such table: users in C:\\Users\\pc\\Desktop\\learn php\\htdocs\\Smart-Tourist-Guide\\backend\\vendor\\laravel\\framework\\src\\Illuminate\\Database\\Connection.php:435\nStack trace:\n#0 C:\\Users\\pc\\Desktop\\learn php\\htdocs\\Smart-Tourist-Guide\\backend\\vendor\\laravel\\framework\\src\\Illuminate\\Database\\Connection.php(435): PDO->prepare('select count(*)...')\n#1 C:\\Users\\pc\\Desktop\\learn php\\htdocs\\Smart-Tourist-Guide\\backend\\vendor\\laravel\\framework\\src\\Illuminate\\Database\\Connection.php(846): Illuminate\\Database\\Connection->Illuminate\\Database\\{closure}('select count(*)...', Array)\n#2 C:\\Users\\pc\\Desktop\\learn php\\htdocs\\Smart-Tourist-Guide\\backend\\vendor\\laravel\\framework\\src\\Illuminate\\Database\\Connection.php(813): Illuminate\\Database\\Connection->runQueryCallback('select count(*)...', Array, Object(Closure))\n#3 C:\\Users\\pc\\Desktop\\learn php\\htdocs\\Smart-Tourist-Guide\\backend\\vendor\\laravel\\framework\\src\\Illuminate\\Database\\Connection.php(426): Illuminate\\Database\\Connection->run('select count(*)...', Array, Object(Closure))\n#4 C:\\Users\\pc\\Desktop\\learn php\\htdocs\\Smart-Tourist-Guide\\backend\\vendor\\laravel\\framework\\src\\Illuminate\\Database\\Query\\Builder.php(3573): Illuminate\\Database\\Connection->select('select count(*)...', Array, false, Array)\n#5 C:\\Users\\pc\\Desktop\\learn php\\htdocs\\Smart-Tourist-Guide\\backend\\vendor\\laravel\\framework\\src\\Illuminate\\Database\\Query\\Builder.php(3557): Illuminate\\Database\\Query\\Builder->runSelect()\n#6 C:\\Users\\pc\\Desktop\\learn php\\htdocs\\Smart-Tourist-Guide\\backend\\vendor\\laravel\\framework\\src\\Illuminate\\Database\\Query\\Builder.php(4073): Illuminate\\Database\\Query\\Builder->get(Array)\n#7 C:\\Users\\pc\\Desktop\\learn php\\htdocs\\Smart-Tourist-Guide\\backend\\vendor\\laravel\\framework\\src\\Illuminate\\Database\\Query\\Builder.php(4001): Illuminate\\Database\\Query\\Builder->aggregate('count', Array)\n#8 C:\\Users\\pc\\Desktop\\learn php\\htdocs\\Smart-Tourist-Guide\\backend\\vendor\\laravel\\framework\\src\\Illuminate\\Validation\\DatabasePresenceVerifier.php(53): Illuminate\\Database\\Query\\Builder->count()\n#9 C:\\Users\\pc\\Desktop\\learn php\\htdocs\\Smart-Tourist-Guide\\backend\\vendor\\laravel\\framework\\src\\Illuminate\\Validation\\Concerns\\ValidatesAttributes.php(1097): Illuminate\\Validation\\DatabasePresenceVerifier->getCount('users', 'email', 'john@example.co...', NULL, NULL, Array)\n#10 C:\\Users\\pc\\Desktop\\learn php\\htdocs\\Smart-Tourist-Guide\\backend\\vendor\\laravel\\framework\\src\\Illuminate\\Validation\\Validator.php(728): Illuminate\\Validation\\Validator->validateUnique('email', 'john@example.co...', Array, Object(Illuminate\\Validation\\Validator))\n#11 C:\\Users\\pc\\Desktop\\learn php\\htdocs\\Smart-Tourist-Guide\\backend\\vendor\\laravel\\framework\\src\\Illuminate\\Validation\\Validator.php(481): Illuminate\\Validation\\Validator->validateAttribute('email', 'Unique')\n#12 C:\\Users\\pc\\Desktop\\learn php\\htdocs\\Smart-Tourist-Guide\\backend\\vendor\\laravel\\framework\\src\\Illuminate\\Validation\\Validator.php(516): Illuminate\\Validation\\Validator->passes()\n#13 C:\\Users\\pc\\Desktop\\learn php\\htdocs\\Smart-Tourist-Guide\\backend\\vendor\\laravel\\framework\\src\\Illuminate\\Validation\\ValidatesWhenResolvedTrait.php(31): Illuminate\\Validation\\Validator->fails()\n#14 C:\\Users\\pc\\Desktop\\learn php\\htdocs\\Smart-Tourist-Guide\\backend\\vendor\\laravel\\framework\\src\\Illuminate\\Foundation\\Providers\\FormRequestServiceProvider.php(30): Illuminate\\Foundation\\Http\\FormRequest->validateResolved()\n#15 C:\\Users\\pc\\Desktop\\learn php\\htdocs\\Smart-Tourist-Guide\\backend\\vendor\\laravel\\framework\\src\\Illuminate\\Container\\Container.php(1623): Illuminate\\Foundation\\Providers\\FormRequestServiceProvider->Illuminate\\Foundation\\Providers\\{closure}(Object(App\\Http\\Requests\\RegisterUserRequest), Object(Illuminate\\Foundation\\Application))\n#16 C:\\Users\\pc\\Desktop\\learn php\\htdocs\\Smart-Tourist-Guide\\backend\\vendor\\laravel\\framework\\src\\Illuminate\\Container\\Container.php(1561): Illuminate\\Container\\Container->fireCallbackArray(Object(App\\Http\\Requests\\RegisterUserRequest), Array)\n#17 C:\\Users\\pc\\Desktop\\learn php\\htdocs\\Smart-Tourist-Guide\\backend\\vendor\\laravel\\framework\\src\\Illuminate\\Container\\Container.php(1547): Illuminate\\Container\\Container->fireAfterResolvingCallbacks('App\\\\Http\\\\Reques...', Object(App\\Http\\Requests\\RegisterUserRequest))\n#18 C:\\Users\\pc\\Desktop\\learn php\\htdocs\\Smart-Tourist-Guide\\backend\\vendor\\laravel\\framework\\src\\Illuminate\\Container\\Container.php(954): Illuminate\\Container\\Container->fireResolvingCallbacks('App\\\\Http\\\\Reques...', Object(App\\Http\\Requests\\RegisterUserRequest))\n#19 C:\\Users\\pc\\Desktop\\learn php\\htdocs\\Smart-Tourist-Guide\\backend\\vendor\\laravel\\framework\\src\\Illuminate\\Foundation\\Application.php(1078): Illuminate\\Container\\Container->resolve('App\\\\Http\\\\Reques...', Array, true)\n#20 C:\\Users\\pc\\Desktop\\learn php\\htdocs\\Smart-Tourist-Guide\\backend\\vendor\\laravel\\framework\\src\\Illuminate\\Container\\Container.php(864): Illuminate\\Foundation\\Application->resolve('App\\\\Http\\\\Reques...', Array)\n#21 C:\\Users\\pc\\Desktop\\learn php\\htdocs\\Smart-Tourist-Guide\\backend\\vendor\\laravel\\framework\\src\\Illuminate\\Foundation\\Application.php(1058): Illuminate\\Container\\Container->make('App\\\\Http\\\\Reques...', Array)\n#22 C:\\Users\\pc\\Desktop\\learn php\\htdocs\\Smart-Tourist-Guide\\backend\\vendor\\laravel\\framework\\src\\Illuminate\\Routing\\ResolvesRouteDependencies.php(92): Illuminate\\Foundation\\Application->make('App\\\\Http\\\\Reques...')\n#23 C:\\Users\\pc\\Desktop\\learn php\\htdocs\\Smart-Tourist-Guide\\backend\\vendor\\laravel\\framework\\src\\Illuminate\\Routing\\ResolvesRouteDependencies.php(51): Illuminate\\Routing\\ControllerDispatcher->transformDependency(Object(ReflectionParameter), Array, Object(stdClass))\n#24 C:\\Users\\pc\\Desktop\\learn php\\htdocs\\Smart-Tourist-Guide\\backend\\vendor\\laravel\\framework\\src\\Illuminate\\Routing\\ResolvesRouteDependencies.php(30): Illuminate\\Routing\\ControllerDispatcher->resolveMethodDependencies(Array, Object(ReflectionMethod))\n#25 C:\\Users\\pc\\Desktop\\learn php\\htdocs\\Smart-Tourist-Guide\\backend\\vendor\\laravel\\framework\\src\\Illuminate\\Routing\\ControllerDispatcher.php(59): Illuminate\\Routing\\ControllerDispatcher->resolveClassMethodDependencies(Array, Object(App\\Http\\Controllers\\AuthController), 'register')\n#26 C:\\Users\\pc\\Desktop\\learn php\\htdocs\\Smart-Tourist-Guide\\backend\\vendor\\laravel\\framework\\src\\Illuminate\\Routing\\ControllerDispatcher.php(40): Illuminate\\Routing\\ControllerDispatcher->resolveParameters(Object(Illuminate\\Routing\\Route), Object(App\\Http\\Controllers\\AuthController), 'register')\n#27 C:\\Users\\pc\\Desktop\\learn php\\htdocs\\Smart-Tourist-Guide\\backend\\vendor\\laravel\\framework\\src\\Illuminate\\Routing\\Route.php(275): Illuminate\\Routing\\ControllerDispatcher->dispatch(Object(Illuminate\\Routing\\Route), Object(App\\Http\\Controllers\\AuthController), 'register')\n#28 C:\\Users\\pc\\Desktop\\learn php\\htdocs\\Smart-Tourist-Guide\\backend\\vendor\\laravel\\framework\\src\\Illuminate\\Routing\\Route.php(215): Illuminate\\Routing\\Route->runController()\n#29 C:\\Users\\pc\\Desktop\\learn php\\htdocs\\Smart-Tourist-Guide\\backend\\vendor\\laravel\\framework\\src\\Illuminate\\Routing\\Router.php(822): Illuminate\\Routing\\Route->run()\n#30 C:\\Users\\pc\\Desktop\\learn php\\htdocs\\Smart-Tourist-Guide\\backend\\vendor\\laravel\\framework\\src\\Illuminate\\Pipeline\\Pipeline.php(180): Illuminate\\Routing\\Router->Illuminate\\Routing\\{closure}(Object(Illuminate\\Http\\Request))\n#31 C:\\Users\\pc\\Desktop\\learn php\\htdocs\\Smart-Tourist-Guide\\backend\\vendor\\laravel\\framework\\src\\Illuminate\\Routing\\Middleware\\SubstituteBindings.php(52): Illuminate\\Pipeline\\Pipeline->Illuminate\\Pipeline\\{closure}(Object(Illuminate\\Http\\Request))\n#32 C:\\Users\\pc\\Desktop\\learn php\\htdocs\\Smart-Tourist-Guide\\backend\\vendor\\laravel\\framework\\src\\Illuminate\\Pipeline\\Pipeline.php(219): Illuminate\\Routing\\Middleware\\SubstituteBindings->handle(Object(Illuminate\\Http\\Request), Object(Closure))\n#33 C:\\Users\\pc\\Desktop\\learn php\\htdocs\\Smart-Tourist-Guide\\backend\\vendor\\laravel\\framework\\src\\Illuminate\\Pipeline\\Pipeline.php(137): Illuminate\\Pipeline\\Pipeline->Illuminate\\Pipeline\\{closure}(Object(Illuminate\\Http\\Request))\n#34 C:\\Users\\pc\\Desktop\\learn php\\htdocs\\Smart-Tourist-Guide\\backend\\vendor\\laravel\\framework\\src\\Illuminate\\Routing\\Router.php(821): Illuminate\\Pipeline\\Pipeline->then(Object(Closure))\n#35 C:\\Users\\pc\\Desktop\\learn php\\htdocs\\Smart-Tourist-Guide\\backend\\vendor\\laravel\\framework\\src\\Illuminate\\Routing\\Router.php(800): Illuminate\\Routing\\Router->runRouteWithinStack(Object(Illuminate\\Routing\\Route), Object(Illuminate\\Http\\Request))\n#36 C:\\Users\\pc\\Desktop\\learn php\\htdocs\\Smart-Tourist-Guide\\backend\\vendor\\laravel\\framework\\src\\Illuminate\\Routing\\Router.php(764): Illuminate\\Routing\\Router->runRoute(Object(Illuminate\\Http\\Request), Object(Illuminate\\Routing\\Route))\n#37 C:\\Users\\pc\\Desktop\\learn php\\htdocs\\Smart-Tourist-Guide\\backend\\vendor\\laravel\\framework\\src\\Illuminate\\Routing\\Router.php(753): Illuminate\\Routing\\Router->dispatchToRoute(Object(Illuminate\\Http\\Request))\n#38 C:\\Users\\pc\\Desktop\\learn php\\htdocs\\Smart-Tourist-Guide\\backend\\vendor\\laravel\\framework\\src\\Illuminate\\Foundation\\Http\\Kernel.php(200): Illuminate\\Routing\\Router->dispatch(Object(Illuminate\\Http\\Request))\n#39 C:\\Users\\pc\\Desktop\\learn php\\htdocs\\Smart-Tourist-Guide\\backend\\vendor\\laravel\\framework\\src\\Illuminate\\Pipeline\\Pipeline.php(180): Illuminate\\Foundation\\Http\\Kernel->Illuminate\\Foundation\\Http\\{closure}(Object(Illuminate\\Http\\Request))\n#40 C:\\Users\\pc\\Desktop\\learn php\\htdocs\\Smart-Tourist-Guide\\backend\\vendor\\laravel\\framework\\src\\Illuminate\\Foundation\\Http\\Middleware\\TransformsRequest.php(21): Illuminate\\Pipeline\\Pipeline->Illuminate\\Pipeline\\{closure}(Object(Illuminate\\Http\\Request))\n#41 C:\\Users\\pc\\Desktop\\learn php\\htdocs\\Smart-Tourist-Guide\\backend\\vendor\\laravel\\framework\\src\\Illuminate\\Foundation\\Http\\Middleware\\ConvertEmptyStringsToNull.php(31): Illuminate\\Foundation\\Http\\Middleware\\TransformsRequest->handle(Object(Illuminate\\Http\\Request), Object(Closure))\n#42 C:\\Users\\pc\\Desktop\\learn php\\htdocs\\Smart-Tourist-Guide\\backend\\vendor\\laravel\\framework\\src\\Illuminate\\Pipeline\\Pipeline.php(219): Illuminate\\Foundation\\Http\\Middleware\\ConvertEmptyStringsToNull->handle(Object(Illuminate\\Http\\Request), Object(Closure))\n#43 C:\\Users\\pc\\Desktop\\learn php\\htdocs\\Smart-Tourist-Guide\\backend\\vendor\\laravel\\framework\\src\\Illuminate\\Foundation\\Http\\Middleware\\TransformsRequest.php(21): Illuminate\\Pipeline\\Pipeline->Illuminate\\Pipeline\\{closure}(Object(Illuminate\\Http\\Request))\n#44 C:\\Users\\pc\\Desktop\\learn php\\htdocs\\Smart-Tourist-Guide\\backend\\vendor\\laravel\\framework\\src\\Illuminate\\Foundation\\Http\\Middleware\\TrimStrings.php(51): Illuminate\\Foundation\\Http\\Middleware\\TransformsRequest->handle(Object(Illuminate\\Http\\Request), Object(Closure))\n#45 C:\\Users\\pc\\Desktop\\learn php\\htdocs\\Smart-Tourist-Guide\\backend\\vendor\\laravel\\framework\\src\\Illuminate\\Pipeline\\Pipeline.php(219): Illuminate\\Foundation\\Http\\Middleware\\TrimStrings->handle(Object(Illuminate\\Http\\Request), Object(Closure))\n#46 C:\\Users\\pc\\Desktop\\learn php\\htdocs\\Smart-Tourist-Guide\\backend\\vendor\\laravel\\framework\\src\\Illuminate\\Http\\Middleware\\ValidatePostSize.php(27): Illuminate\\Pipeline\\Pipeline->Illuminate\\Pipeline\\{closure}(Object(Illuminate\\Http\\Request))\n#47 C:\\Users\\pc\\Desktop\\learn php\\htdocs\\Smart-Tourist-Guide\\backend\\vendor\\laravel\\framework\\src\\Illuminate\\Pipeline\\Pipeline.php(219): Illuminate\\Http\\Middleware\\ValidatePostSize->handle(Object(Illuminate\\Http\\Request), Object(Closure))\n#48 C:\\Users\\pc\\Desktop\\learn php\\htdocs\\Smart-Tourist-Guide\\backend\\vendor\\laravel\\framework\\src\\Illuminate\\Foundation\\Http\\Middleware\\PreventRequestsDuringMaintenance.php(109): Illuminate\\Pipeline\\Pipeline->Illuminate\\Pipeline\\{closure}(Object(Illuminate\\Http\\Request))\n#49 C:\\Users\\pc\\Desktop\\learn php\\htdocs\\Smart-Tourist-Guide\\backend\\vendor\\laravel\\framework\\src\\Illuminate\\Pipeline\\Pipeline.php(219): Illuminate\\Foundation\\Http\\Middleware\\PreventRequestsDuringMaintenance->handle(Object(Illuminate\\Http\\Request), Object(Closure))\n#50 C:\\Users\\pc\\Desktop\\learn php\\htdocs\\Smart-Tourist-Guide\\backend\\vendor\\laravel\\framework\\src\\Illuminate\\Http\\Middleware\\HandleCors.php(74): Illuminate\\Pipeline\\Pipeline->Illuminate\\Pipeline\\{closure}(Object(Illuminate\\Http\\Request))\n#51 C:\\Users\\pc\\Desktop\\learn php\\htdocs\\Smart-Tourist-Guide\\backend\\vendor\\laravel\\framework\\src\\Illuminate\\Pipeline\\Pipeline.php(219): Illuminate\\Http\\Middleware\\HandleCors->handle(Object(Illuminate\\Http\\Request), Object(Closure))\n#52 C:\\Users\\pc\\Desktop\\learn php\\htdocs\\Smart-Tourist-Guide\\backend\\vendor\\laravel\\framework\\src\\Illuminate\\Http\\Middleware\\TrustProxies.php(58): Illuminate\\Pipeline\\Pipeline->Illuminate\\Pipeline\\{closure}(Object(Illuminate\\Http\\Request))\n#53 C:\\Users\\pc\\Desktop\\learn php\\htdocs\\Smart-Tourist-Guide\\backend\\vendor\\laravel\\framework\\src\\Illuminate\\Pipeline\\Pipeline.php(219): Illuminate\\Http\\Middleware\\TrustProxies->handle(Object(Illuminate\\Http\\Request), Object(Closure))\n#54 C:\\Users\\pc\\Desktop\\learn php\\htdocs\\Smart-Tourist-Guide\\backend\\vendor\\laravel\\framework\\src\\Illuminate\\Foundation\\Http\\Middleware\\InvokeDeferredCallbacks.php(22): Illuminate\\Pipeline\\Pipeline->Illuminate\\Pipeline\\{closure}(Object(Illuminate\\Http\\Request))\n#55 C:\\Users\\pc\\Desktop\\learn php\\htdocs\\Smart-Tourist-Guide\\backend\\vendor\\laravel\\framework\\src\\Illuminate\\Pipeline\\Pipeline.php(219): Illuminate\\Foundation\\Http\\Middleware\\InvokeDeferredCallbacks->handle(Object(Illuminate\\Http\\Request), Object(Closure))\n#56 C:\\Users\\pc\\Desktop\\learn php\\htdocs\\Smart-Tourist-Guide\\backend\\vendor\\laravel\\framework\\src\\Illuminate\\Http\\Middleware\\ValidatePathEncoding.php(28): Illuminate\\Pipeline\\Pipeline->Illuminate\\Pipeline\\{closure}(Object(Illuminate\\Http\\Request))\n#57 C:\\Users\\pc\\Desktop\\learn php\\htdocs\\Smart-Tourist-Guide\\backend\\vendor\\laravel\\framework\\src\\Illuminate\\Pipeline\\Pipeline.php(219): Illuminate\\Http\\Middleware\\ValidatePathEncoding->handle(Object(Illuminate\\Http\\Request), Object(Closure))\n#58 C:\\Users\\pc\\Desktop\\learn php\\htdocs\\Smart-Tourist-Guide\\backend\\vendor\\laravel\\framework\\src\\Illuminate\\Pipeline\\Pipeline.php(137): Illuminate\\Pipeline\\Pipeline->Illuminate\\Pipeline\\{closure}(Object(Illuminate\\Http\\Request))\n#59 C:\\Users\\pc\\Desktop\\learn php\\htdocs\\Smart-Tourist-Guide\\backend\\vendor\\laravel\\framework\\src\\Illuminate\\Foundation\\Http\\Kernel.php(175): Illuminate\\Pipeline\\Pipeline->then(Object(Closure))\n#60 C:\\Users\\pc\\Desktop\\learn php\\htdocs\\Smart-Tourist-Guide\\backend\\vendor\\laravel\\framework\\src\\Illuminate\\Foundation\\Http\\Kernel.php(144): Illuminate\\Foundation\\Http\\Kernel->sendRequestThroughRouter(Object(Illuminate\\Http\\Request))\n#61 C:\\Users\\pc\\Desktop\\learn php\\htdocs\\Smart-Tourist-Guide\\backend\\vendor\\laravel\\framework\\src\\Illuminate\\Foundation\\Testing\\Concerns\\MakesHttpRequests.php(638): Illuminate\\Foundation\\Http\\Kernel->handle(Object(Illuminate\\Http\\Request))\n#62 C:\\Users\\pc\\Desktop\\learn php\\htdocs\\Smart-Tourist-Guide\\backend\\vendor\\laravel\\framework\\src\\Illuminate\\Foundation\\Testing\\Concerns\\MakesHttpRequests.php(604): Illuminate\\Foundation\\Testing\\TestCase->call('POST', '/api/v1/auth/re...', Array, Array, Array, Array, '{\"first_name\":\"...')\n#63 C:\\Users\\pc\\Desktop\\learn php\\htdocs\\Smart-Tourist-Guide\\backend\\vendor\\laravel\\framework\\src\\Illuminate\\Foundation\\Testing\\Concerns\\MakesHttpRequests.php(411): Illuminate\\Foundation\\Testing\\TestCase->json('POST', '/api/v1/auth/re...', Array, Array, 0)\n#64 C:\\Users\\pc\\Desktop\\learn php\\htdocs\\Smart-Tourist-Guide\\backend\\tests\\Feature\\Api\\V1\\AuthControllerTest.php(90): Illuminate\\Foundation\\Testing\\TestCase->postJson('/api/v1/auth/re...', Array)\n#65 C:\\Users\\pc\\Desktop\\learn php\\htdocs\\Smart-Tourist-Guide\\backend\\vendor\\pestphp\\pest\\src\\Factories\\TestCaseMethodFactory.php(177): P\\Tests\\Feature\\Api\\V1\\AuthControllerTest->{closure}()\n#66 [internal function]: P\\Tests\\Feature\\Api\\V1\\AuthControllerTest->Pest\\Factories\\{closure}()\n#67 C:\\Users\\pc\\Desktop\\learn php\\htdocs\\Smart-Tourist-Guide\\backend\\vendor\\pestphp\\pest\\src\\Concerns\\Testable.php(581): call_user_func_array(Object(Closure), Array)\n#68 C:\\Users\\pc\\Desktop\\learn php\\htdocs\\Smart-Tourist-Guide\\backend\\vendor\\pestphp\\pest\\src\\Support\\ExceptionTrace.php(26): P\\Tests\\Feature\\Api\\V1\\AuthControllerTest->Pest\\Concerns\\{closure}()\n#69 C:\\Users\\pc\\Desktop\\learn php\\htdocs\\Smart-Tourist-Guide\\backend\\vendor\\pestphp\\pest\\src\\Concerns\\Testable.php(581): Pest\\Support\\ExceptionTrace::ensure(Object(Closure))\n#70 C:\\Users\\pc\\Desktop\\learn php\\htdocs\\Smart-Tourist-Guide\\backend\\vendor\\pestphp\\pest\\src\\Concerns\\Testable.php(403): P\\Tests\\Feature\\Api\\V1\\AuthControllerTest->__callClosure(Object(Closure), Array)\n#71 C:\\Users\\pc\\Desktop\\learn php\\htdocs\\Smart-Tourist-Guide\\backend\\vendor\\pestphp\\pest\\src\\Factories\\TestCaseFactory.php(178) : eval()'d code(53): P\\Tests\\Feature\\Api\\V1\\AuthControllerTest->__runTest(Object(Closure))\n#72 C:\\Users\\pc\\Desktop\\learn php\\htdocs\\Smart-Tourist-Guide\\backend\\vendor\\phpunit\\phpunit\\src\\Framework\\TestCase.php(1318): P\\Tests\\Feature\\Api\\V1\\AuthControllerTest->__pest_evaluable_registration_fails_with_short_password()\n#73 C:\\Users\\pc\\Desktop\\learn php\\htdocs\\Smart-Tourist-Guide\\backend\\vendor\\phpunit\\phpunit\\src\\Framework\\TestCase.php(1355): PHPUnit\\Framework\\TestCase->invokeTestMethod('__pest_evaluabl...', Array)\n#74 C:\\Users\\pc\\Desktop\\learn php\\htdocs\\Smart-Tourist-Guide\\backend\\vendor\\phpunit\\phpunit\\src\\Framework\\TestCase.php(521): PHPUnit\\Framework\\TestCase->runTest()\n#75 C:\\Users\\pc\\Desktop\\learn php\\htdocs\\Smart-Tourist-Guide\\backend\\vendor\\phpunit\\phpunit\\src\\Framework\\TestRunner\\TestRunner.php(99): PHPUnit\\Framework\\TestCase->runBare()\n#76 C:\\Users\\pc\\Desktop\\learn php\\htdocs\\Smart-Tourist-Guide\\backend\\vendor\\phpunit\\phpunit\\src\\Framework\\TestCase.php(361): PHPUnit\\Framework\\TestRunner->run(Object(P\\Tests\\Feature\\Api\\V1\\AuthControllerTest))\n#77 C:\\Users\\pc\\Desktop\\learn php\\htdocs\\Smart-Tourist-Guide\\backend\\vendor\\phpunit\\phpunit\\src\\Framework\\TestSuite.php(374): PHPUnit\\Framework\\TestCase->run()\n#78 C:\\Users\\pc\\Desktop\\learn php\\htdocs\\Smart-Tourist-Guide\\backend\\vendor\\phpunit\\phpunit\\src\\Framework\\TestSuite.php(374): PHPUnit\\Framework\\TestSuite->run()\n#79 C:\\Users\\pc\\Desktop\\learn php\\htdocs\\Smart-Tourist-Guide\\backend\\vendor\\phpunit\\phpunit\\src\\Framework\\TestSuite.php(374): PHPUnit\\Framework\\TestSuite->run()\n#80 C:\\Users\\pc\\Desktop\\learn php\\htdocs\\Smart-Tourist-Guide\\backend\\vendor\\phpunit\\phpunit\\src\\TextUI\\TestRunner.php(64): PHPUnit\\Framework\\TestSuite->run()\n#81 C:\\Users\\pc\\Desktop\\learn php\\htdocs\\Smart-Tourist-Guide\\backend\\vendor\\phpunit\\phpunit\\src\\TextUI\\Application.php(229): PHPUnit\\TextUI\\TestRunner->run(Object(PHPUnit\\TextUI\\Configuration\\Configuration), Object(PHPUnit\\Runner\\ResultCache\\DefaultResultCache), Object(PHPUnit\\Framework\\TestSuite))\n#82 C:\\Users\\pc\\Desktop\\learn php\\htdocs\\Smart-Tourist-Guide\\backend\\vendor\\pestphp\\pest\\src\\Kernel.php(117): PHPUnit\\TextUI\\Application->run(Array)\n#83 C:\\Users\\pc\\Desktop\\learn php\\htdocs\\Smart-Tourist-Guide\\backend\\vendor\\pestphp\\pest\\bin\\pest(207): Pest\\Kernel->handle(Array, Array)\n#84 C:\\Users\\pc\\Desktop\\learn php\\htdocs\\Smart-Tourist-Guide\\backend\\vendor\\pestphp\\pest\\bin\\pest(215): {closure}()\n#85 C:\\Users\\pc\\Desktop\\learn php\\htdocs\\Smart-Tourist-Guide\\backend\\vendor\\bin\\pest(119): include('C:\\\\Users\\\\pc\\\\Des...')\n#86 {main}\n\nNext Illuminate\\Database\\QueryException: SQLSTATE[HY000]: General error: 1 no such table: users (Connection: sqlite, Database: :memory:, SQL: select count(*) as \"aggregate\" from \"users\" where \"email\" = john@example.com) in C:\\Users\\pc\\Desktop\\learn php\\htdocs\\Smart-Tourist-Guide\\backend\\vendor\\laravel\\framework\\src\\Illuminate\\Database\\Connection.php:857\nStack trace:\n#0 C:\\Users\\pc\\Desktop\\learn php\\htdocs\\Smart-Tourist-Guide\\backend\\vendor\\laravel\\framework\\src\\Illuminate\\Database\\Connection.php(813): Illuminate\\Database\\Connection->runQueryCallback('select count(*)...', Array, Object(Closure))\n#1 C:\\Users\\pc\\Desktop\\learn php\\htdocs\\Smart-Tourist-Guide\\backend\\vendor\\laravel\\framework\\src\\Illuminate\\Database\\Connection.php(426): Illuminate\\Database\\Connection->run('select count(*)...', Array, Object(Closure))\n#2 C:\\Users\\pc\\Desktop\\learn php\\htdocs\\Smart-Tourist-Guide\\backend\\vendor\\laravel\\framework\\src\\Illuminate\\Database\\Query\\Builder.php(3573): Illuminate\\Database\\Connection->select('select count(*)...', Array, false, Array)\n#3 C:\\Users\\pc\\Desktop\\learn php\\htdocs\\Smart-Tourist-Guide\\backend\\vendor\\laravel\\framework\\src\\Illuminate\\Database\\Query\\Builder.php(3557): Illuminate\\Database\\Query\\Builder->runSelect()\n#4 C:\\Users\\pc\\Desktop\\learn php\\htdocs\\Smart-Tourist-Guide\\backend\\vendor\\laravel\\framework\\src\\Illuminate\\Database\\Query\\Builder.php(4073): Illuminate\\Database\\Query\\Builder->get(Array)\n#5 C:\\Users\\pc\\Desktop\\learn php\\htdocs\\Smart-Tourist-Guide\\backend\\vendor\\laravel\\framework\\src\\Illuminate\\Database\\Query\\Builder.php(4001): Illuminate\\Database\\Query\\Builder->aggregate('count', Array)\n#6 C:\\Users\\pc\\Desktop\\learn php\\htdocs\\Smart-Tourist-Guide\\backend\\vendor\\laravel\\framework\\src\\Illuminate\\Validation\\DatabasePresenceVerifier.php(53): Illuminate\\Database\\Query\\Builder->count()\n#7 C:\\Users\\pc\\Desktop\\learn php\\htdocs\\Smart-Tourist-Guide\\backend\\vendor\\laravel\\framework\\src\\Illuminate\\Validation\\Concerns\\ValidatesAttributes.php(1097): Illuminate\\Validation\\DatabasePresenceVerifier->getCount('users', 'email', 'john@example.co...', NULL, NULL, Array)\n#8 C:\\Users\\pc\\Desktop\\learn php\\htdocs\\Smart-Tourist-Guide\\backend\\vendor\\laravel\\framework\\src\\Illuminate\\Validation\\Validator.php(728): Illuminate\\Validation\\Validator->validateUnique('email', 'john@example.co...', Array, Object(Illuminate\\Validation\\Validator))\n#9 C:\\Users\\pc\\Desktop\\learn php\\htdocs\\Smart-Tourist-Guide\\backend\\vendor\\laravel\\framework\\src\\Illuminate\\Validation\\Validator.php(481): Illuminate\\Validation\\Validator->validateAttribute('email', 'Unique')\n#10 C:\\Users\\pc\\Desktop\\learn php\\htdocs\\Smart-Tourist-Guide\\backend\\vendor\\laravel\\framework\\src\\Illuminate\\Validation\\Validator.php(516): Illuminate\\Validation\\Validator->passes()\n#11 C:\\Users\\pc\\Desktop\\learn php\\htdocs\\Smart-Tourist-Guide\\backend\\vendor\\laravel\\framework\\src\\Illuminate\\Validation\\ValidatesWhenResolvedTrait.php(31): Illuminate\\Validation\\Validator->fails()\n#12 C:\\Users\\pc\\Desktop\\learn php\\htdocs\\Smart-Tourist-Guide\\backend\\vendor\\laravel\\framework\\src\\Illuminate\\Foundation\\Providers\\FormRequestServiceProvider.php(30): Illuminate\\Foundation\\Http\\FormRequest->validateResolved()\n#13 C:\\Users\\pc\\Desktop\\learn php\\htdocs\\Smart-Tourist-Guide\\backend\\vendor\\laravel\\framework\\src\\Illuminate\\Container\\Container.php(1623): Illuminate\\Foundation\\Providers\\FormRequestServiceProvider->Illuminate\\Foundation\\Providers\\{closure}(Object(App\\Http\\Requests\\RegisterUserRequest), Object(Illuminate\\Foundation\\Application))\n#14 C:\\Users\\pc\\Desktop\\learn php\\htdocs\\Smart-Tourist-Guide\\backend\\vendor\\laravel\\framework\\src\\Illuminate\\Container\\Container.php(1561): Illuminate\\Container\\Container->fireCallbackArray(Object(App\\Http\\Requests\\RegisterUserRequest), Array)\n#15 C:\\Users\\pc\\Desktop\\learn php\\htdocs\\Smart-Tourist-Guide\\backend\\vendor\\laravel\\framework\\src\\Illuminate\\Container\\Container.php(1547): Illuminate\\Container\\Container->fireAfterResolvingCallbacks('App\\\\Http\\\\Reques...', Object(App\\Http\\Requests\\RegisterUserRequest))\n#16 C:\\Users\\pc\\Desktop\\learn php\\htdocs\\Smart-Tourist-Guide\\backend\\vendor\\laravel\\framework\\src\\Illuminate\\Container\\Container.php(954): Illuminate\\Container\\Container->fireResolvingCallbacks('App\\\\Http\\\\Reques...', Object(App\\Http\\Requests\\RegisterUserRequest))\n#17 C:\\Users\\pc\\Desktop\\learn php\\htdocs\\Smart-Tourist-Guide\\backend\\vendor\\laravel\\framework\\src\\Illuminate\\Foundation\\Application.php(1078): Illuminate\\Container\\Container->resolve('App\\\\Http\\\\Reques...', Array, true)\n#18 C:\\Users\\pc\\Desktop\\learn php\\htdocs\\Smart-Tourist-Guide\\backend\\vendor\\laravel\\framework\\src\\Illuminate\\Container\\Container.php(864): Illuminate\\Foundation\\Application->resolve('App\\\\Http\\\\Reques...', Array)\n#19 C:\\Users\\pc\\Desktop\\learn php\\htdocs\\Smart-Tourist-Guide\\backend\\vendor\\laravel\\framework\\src\\Illuminate\\Foundation\\Application.php(1058): Illuminate\\Container\\Container->make('App\\\\Http\\\\Reques...', Array)\n#20 C:\\Users\\pc\\Desktop\\learn php\\htdocs\\Smart-Tourist-Guide\\backend\\vendor\\laravel\\framework\\src\\Illuminate\\Routing\\ResolvesRouteDependencies.php(92): Illuminate\\Foundation\\Application->make('App\\\\Http\\\\Reques...')\n#21 C:\\Users\\pc\\Desktop\\learn php\\htdocs\\Smart-Tourist-Guide\\backend\\vendor\\laravel\\framework\\src\\Illuminate\\Routing\\ResolvesRouteDependencies.php(51): Illuminate\\Routing\\ControllerDispatcher->transformDependency(Object(ReflectionParameter), Array, Object(stdClass))\n#22 C:\\Users\\pc\\Desktop\\learn php\\htdocs\\Smart-Tourist-Guide\\backend\\vendor\\laravel\\framework\\src\\Illuminate\\Routing\\ResolvesRouteDependencies.php(30): Illuminate\\Routing\\ControllerDispatcher->resolveMethodDependencies(Array, Object(ReflectionMethod))\n#23 C:\\Users\\pc\\Desktop\\learn php\\htdocs\\Smart-Tourist-Guide\\backend\\vendor\\laravel\\framework\\src\\Illuminate\\Routing\\ControllerDispatcher.php(59): Illuminate\\Routing\\ControllerDispatcher->resolveClassMethodDependencies(Array, Object(App\\Http\\Controllers\\AuthController), 'register')\n#24 C:\\Users\\pc\\Desktop\\learn php\\htdocs\\Smart-Tourist-Guide\\backend\\vendor\\laravel\\framework\\src\\Illuminate\\Routing\\ControllerDispatcher.php(40): Illuminate\\Routing\\ControllerDispatcher->resolveParameters(Object(Illuminate\\Routing\\Route), Object(App\\Http\\Controllers\\AuthController), 'register')\n#25 C:\\Users\\pc\\Desktop\\learn php\\htdocs\\Smart-Tourist-Guide\\backend\\vendor\\laravel\\framework\\src\\Illuminate\\Routing\\Route.php(275): Illuminate\\Routing\\ControllerDispatcher->dispatch(Object(Illuminate\\Routing\\Route), Object(App\\Http\\Controllers\\AuthController), 'register')\n#26 C:\\Users\\pc\\Desktop\\learn php\\htdocs\\Smart-Tourist-Guide\\backend\\vendor\\laravel\\framework\\src\\Illuminate\\Routing\\Route.php(215): Illuminate\\Routing\\Route->runController()\n#27 C:\\Users\\pc\\Desktop\\learn php\\htdocs\\Smart-Tourist-Guide\\backend\\vendor\\laravel\\framework\\src\\Illuminate\\Routing\\Router.php(822): Illuminate\\Routing\\Route->run()\n#28 C:\\Users\\pc\\Desktop\\learn php\\htdocs\\Smart-Tourist-Guide\\backend\\vendor\\laravel\\framework\\src\\Illuminate\\Pipeline\\Pipeline.php(180): Illuminate\\Routing\\Router->Illuminate\\Routing\\{closure}(Object(Illuminate\\Http\\Request))\n#29 C:\\Users\\pc\\Desktop\\learn php\\htdocs\\Smart-Tourist-Guide\\backend\\vendor\\laravel\\framework\\src\\Illuminate\\Routing\\Middleware\\SubstituteBindings.php(52): Illuminate\\Pipeline\\Pipeline->Illuminate\\Pipeline\\{closure}(Object(Illuminate\\Http\\Request))\n#30 C:\\Users\\pc\\Desktop\\learn php\\htdocs\\Smart-Tourist-Guide\\backend\\vendor\\laravel\\framework\\src\\Illuminate\\Pipeline\\Pipeline.php(219): Illuminate\\Routing\\Middleware\\SubstituteBindings->handle(Object(Illuminate\\Http\\Request), Object(Closure))\n#31 C:\\Users\\pc\\Desktop\\learn php\\htdocs\\Smart-Tourist-Guide\\backend\\vendor\\laravel\\framework\\src\\Illuminate\\Pipeline\\Pipeline.php(137): Illuminate\\Pipeline\\Pipeline->Illuminate\\Pipeline\\{closure}(Object(Illuminate\\Http\\Request))\n#32 C:\\Users\\pc\\Desktop\\learn php\\htdocs\\Smart-Tourist-Guide\\backend\\vendor\\laravel\\framework\\src\\Illuminate\\Routing\\Router.php(821): Illuminate\\Pipeline\\Pipeline->then(Object(Closure))\n#33 C:\\Users\\pc\\Desktop\\learn php\\htdocs\\Smart-Tourist-Guide\\backend\\vendor\\laravel\\framework\\src\\Illuminate\\Routing\\Router.php(800): Illuminate\\Routing\\Router->runRouteWithinStack(Object(Illuminate\\Routing\\Route), Object(Illuminate\\Http\\Request))\n#34 C:\\Users\\pc\\Desktop\\learn php\\htdocs\\Smart-Tourist-Guide\\backend\\vendor\\laravel\\framework\\src\\Illuminate\\Routing\\Router.php(764): Illuminate\\Routing\\Router->runRoute(Object(Illuminate\\Http\\Request), Object(Illuminate\\Routing\\Route))\n#35 C:\\Users\\pc\\Desktop\\learn php\\htdocs\\Smart-Tourist-Guide\\backend\\vendor\\laravel\\framework\\src\\Illuminate\\Routing\\Router.php(753): Illuminate\\Routing\\Router->dispatchToRoute(Object(Illuminate\\Http\\Request))\n#36 C:\\Users\\pc\\Desktop\\learn php\\htdocs\\Smart-Tourist-Guide\\backend\\vendor\\laravel\\framework\\src\\Illuminate\\Foundation\\Http\\Kernel.php(200): Illuminate\\Routing\\Router->dispatch(Object(Illuminate\\Http\\Request))\n#37 C:\\Users\\pc\\Desktop\\learn php\\htdocs\\Smart-Tourist-Guide\\backend\\vendor\\laravel\\framework\\src\\Illuminate\\Pipeline\\Pipeline.php(180): Illuminate\\Foundation\\Http\\Kernel->Illuminate\\Foundation\\Http\\{closure}(Object(Illuminate\\Http\\Request))\n#38 C:\\Users\\pc\\Desktop\\learn php\\htdocs\\Smart-Tourist-Guide\\backend\\vendor\\laravel\\framework\\src\\Illuminate\\Foundation\\Http\\Middleware\\TransformsRequest.php(21): Illuminate\\Pipeline\\Pipeline->Illuminate\\Pipeline\\{closure}(Object(Illuminate\\Http\\Request))\n#39 C:\\Users\\pc\\Desktop\\learn php\\htdocs\\Smart-Tourist-Guide\\backend\\vendor\\laravel\\framework\\src\\Illuminate\\Foundation\\Http\\Middleware\\ConvertEmptyStringsToNull.php(31): Illuminate\\Foundation\\Http\\Middleware\\TransformsRequest->handle(Object(Illuminate\\Http\\Request), Object(Closure))\n#40 C:\\Users\\pc\\Desktop\\learn php\\htdocs\\Smart-Tourist-Guide\\backend\\vendor\\laravel\\framework\\src\\Illuminate\\Pipeline\\Pipeline.php(219): Illuminate\\Foundation\\Http\\Middleware\\ConvertEmptyStringsToNull->handle(Object(Illuminate\\Http\\Request), Object(Closure))\n#41 C:\\Users\\pc\\Desktop\\learn php\\htdocs\\Smart-Tourist-Guide\\backend\\vendor\\laravel\\framework\\src\\Illuminate\\Foundation\\Http\\Middleware\\TransformsRequest.php(21): Illuminate\\Pipeline\\Pipeline->Illuminate\\Pipeline\\{closure}(Object(Illuminate\\Http\\Request))\n#42 C:\\Users\\pc\\Desktop\\learn php\\htdocs\\Smart-Tourist-Guide\\backend\\vendor\\laravel\\framework\\src\\Illuminate\\Foundation\\Http\\Middleware\\TrimStrings.php(51): Illuminate\\Foundation\\Http\\Middleware\\TransformsRequest->handle(Object(Illuminate\\Http\\Request), Object(Closure))\n#43 C:\\Users\\pc\\Desktop\\learn php\\htdocs\\Smart-Tourist-Guide\\backend\\vendor\\laravel\\framework\\src\\Illuminate\\Pipeline\\Pipeline.php(219): Illuminate\\Foundation\\Http\\Middleware\\TrimStrings->handle(Object(Illuminate\\Http\\Request), Object(Closure))\n#44 C:\\Users\\pc\\Desktop\\learn php\\htdocs\\Smart-Tourist-Guide\\backend\\vendor\\laravel\\framework\\src\\Illuminate\\Http\\Middleware\\ValidatePostSize.php(27): Illuminate\\Pipeline\\Pipeline->Illuminate\\Pipeline\\{closure}(Object(Illuminate\\Http\\Request))\n#45 C:\\Users\\pc\\Desktop\\learn php\\htdocs\\Smart-Tourist-Guide\\backend\\vendor\\laravel\\framework\\src\\Illuminate\\Pipeline\\Pipeline.php(219): Illuminate\\Http\\Middleware\\ValidatePostSize->handle(Object(Illuminate\\Http\\Request), Object(Closure))\n#46 C:\\Users\\pc\\Desktop\\learn php\\htdocs\\Smart-Tourist-Guide\\backend\\vendor\\laravel\\framework\\src\\Illuminate\\Foundation\\Http\\Middleware\\PreventRequestsDuringMaintenance.php(109): Illuminate\\Pipeline\\Pipeline->Illuminate\\Pipeline\\{closure}(Object(Illuminate\\Http\\Request))\n#47 C:\\Users\\pc\\Desktop\\learn php\\htdocs\\Smart-Tourist-Guide\\backend\\vendor\\laravel\\framework\\src\\Illuminate\\Pipeline\\Pipeline.php(219): Illuminate\\Foundation\\Http\\Middleware\\PreventRequestsDuringMaintenance->handle(Object(Illuminate\\Http\\Request), Object(Closure))\n#48 C:\\Users\\pc\\Desktop\\learn php\\htdocs\\Smart-Tourist-Guide\\backend\\vendor\\laravel\\framework\\src\\Illuminate\\Http\\Middleware\\HandleCors.php(74): Illuminate\\Pipeline\\Pipeline->Illuminate\\Pipeline\\{closure}(Object(Illuminate\\Http\\Request))\n#49 C:\\Users\\pc\\Desktop\\learn php\\htdocs\\Smart-Tourist-Guide\\backend\\vendor\\laravel\\framework\\src\\Illuminate\\Pipeline\\Pipeline.php(219): Illuminate\\Http\\Middleware\\HandleCors->handle(Object(Illuminate\\Http\\Request), Object(Closure))\n#50 C:\\Users\\pc\\Desktop\\learn php\\htdocs\\Smart-Tourist-Guide\\backend\\vendor\\laravel\\framework\\src\\Illuminate\\Http\\Middleware\\TrustProxies.php(58): Illuminate\\Pipeline\\Pipeline->Illuminate\\Pipeline\\{closure}(Object(Illuminate\\Http\\Request))\n#51 C:\\Users\\pc\\Desktop\\learn php\\htdocs\\Smart-Tourist-Guide\\backend\\vendor\\laravel\\framework\\src\\Illuminate\\Pipeline\\Pipeline.php(219): Illuminate\\Http\\Middleware\\TrustProxies->handle(Object(Illuminate\\Http\\Request), Object(Closure))\n#52 C:\\Users\\pc\\Desktop\\learn php\\htdocs\\Smart-Tourist-Guide\\backend\\vendor\\laravel\\framework\\src\\Illuminate\\Foundation\\Http\\Middleware\\InvokeDeferredCallbacks.php(22): Illuminate\\Pipeline\\Pipeline->Illuminate\\Pipeline\\{closure}(Object(Illuminate\\Http\\Request))\n#53 C:\\Users\\pc\\Desktop\\learn php\\htdocs\\Smart-Tourist-Guide\\backend\\vendor\\laravel\\framework\\src\\Illuminate\\Pipeline\\Pipeline.php(219): Illuminate\\Foundation\\Http\\Middleware\\InvokeDeferredCallbacks->handle(Object(Illuminate\\Http\\Request), Object(Closure))\n#54 C:\\Users\\pc\\Desktop\\learn php\\htdocs\\Smart-Tourist-Guide\\backend\\vendor\\laravel\\framework\\src\\Illuminate\\Http\\Middleware\\ValidatePathEncoding.php(28): Illuminate\\Pipeline\\Pipeline->Illuminate\\Pipeline\\{closure}(Object(Illuminate\\Http\\Request))\n#55 C:\\Users\\pc\\Desktop\\learn php\\htdocs\\Smart-Tourist-Guide\\backend\\vendor\\laravel\\framework\\src\\Illuminate\\Pipeline\\Pipeline.php(219): Illuminate\\Http\\Middleware\\ValidatePathEncoding->handle(Object(Illuminate\\Http\\Request), Object(Closure))\n#56 C:\\Users\\pc\\Desktop\\learn php\\htdocs\\Smart-Tourist-Guide\\backend\\vendor\\laravel\\framework\\src\\Illuminate\\Pipeline\\Pipeline.php(137): Illuminate\\Pipeline\\Pipeline->Illuminate\\Pipeline\\{closure}(Object(Illuminate\\Http\\Request))\n#57 C:\\Users\\pc\\Desktop\\learn php\\htdocs\\Smart-Tourist-Guide\\backend\\vendor\\laravel\\framework\\src\\Illuminate\\Foundation\\Http\\Kernel.php(175): Illuminate\\Pipeline\\Pipeline->then(Object(Closure))\n#58 C:\\Users\\pc\\Desktop\\learn php\\htdocs\\Smart-Tourist-Guide\\backend\\vendor\\laravel\\framework\\src\\Illuminate\\Foundation\\Http\\Kernel.php(144): Illuminate\\Foundation\\Http\\Kernel->sendRequestThroughRouter(Object(Illuminate\\Http\\Request))\n#59 C:\\Users\\pc\\Desktop\\learn php\\htdocs\\Smart-Tourist-Guide\\backend\\vendor\\laravel\\framework\\src\\Illuminate\\Foundation\\Testing\\Concerns\\MakesHttpRequests.php(638): Illuminate\\Foundation\\Http\\Kernel->handle(Object(Illuminate\\Http\\Request))\n#60 C:\\Users\\pc\\Desktop\\learn php\\htdocs\\Smart-Tourist-Guide\\backend\\vendor\\laravel\\framework\\src\\Illuminate\\Foundation\\Testing\\Concerns\\MakesHttpRequests.php(604): Illuminate\\Foundation\\Testing\\TestCase->call('POST', '/api/v1/auth/re...', Array, Array, Array, Array, '{\"first_name\":\"...')\n#61 C:\\Users\\pc\\Desktop\\learn php\\htdocs\\Smart-Tourist-Guide\\backend\\vendor\\laravel\\framework\\src\\Illuminate\\Foundation\\Testing\\Concerns\\MakesHttpRequests.php(411): Illuminate\\Foundation\\Testing\\TestCase->json('POST', '/api/v1/auth/re...', Array, Array, 0)\n#62 C:\\Users\\pc\\Desktop\\learn php\\htdocs\\Smart-Tourist-Guide\\backend\\tests\\Feature\\Api\\V1\\AuthControllerTest.php(90): Illuminate\\Foundation\\Testing\\TestCase->postJson('/api/v1/auth/re...', Array)\n#63 C:\\Users\\pc\\Desktop\\learn php\\htdocs\\Smart-Tourist-Guide\\backend\\vendor\\pestphp\\pest\\src\\Factories\\TestCaseMethodFactory.php(177): P\\Tests\\Feature\\Api\\V1\\AuthControllerTest->{closure}()\n#64 [internal function]: P\\Tests\\Feature\\Api\\V1\\AuthControllerTest->Pest\\Factories\\{closure}()\n#65 C:\\Users\\pc\\Desktop\\learn php\\htdocs\\Smart-Tourist-Guide\\backend\\vendor\\pestphp\\pest\\src\\Concerns\\Testable.php(581): call_user_func_array(Object(Closure), Array)\n#66 C:\\Users\\pc\\Desktop\\learn php\\htdocs\\Smart-Tourist-Guide\\backend\\vendor\\pestphp\\pest\\src\\Support\\ExceptionTrace.php(26): P\\Tests\\Feature\\Api\\V1\\AuthControllerTest->Pest\\Concerns\\{closure}()\n#67 C:\\Users\\pc\\Desktop\\learn php\\htdocs\\Smart-Tourist-Guide\\backend\\vendor\\pestphp\\pest\\src\\Concerns\\Testable.php(581): Pest\\Support\\ExceptionTrace::ensure(Object(Closure))\n#68 C:\\Users\\pc\\Desktop\\learn php\\htdocs\\Smart-Tourist-Guide\\backend\\vendor\\pestphp\\pest\\src\\Concerns\\Testable.php(403): P\\Tests\\Feature\\Api\\V1\\AuthControllerTest->__callClosure(Object(Closure), Array)\n#69 C:\\Users\\pc\\Desktop\\learn php\\htdocs\\Smart-Tourist-Guide\\backend\\vendor\\pestphp\\pest\\src\\Factories\\TestCaseFactory.php(178) : eval()'d code(53): P\\Tests\\Feature\\Api\\V1\\AuthControllerTest->__runTest(Object(Closure))\n#70 C:\\Users\\pc\\Desktop\\learn php\\htdocs\\Smart-Tourist-Guide\\backend\\vendor\\phpunit\\phpunit\\src\\Framework\\TestCase.php(1318): P\\Tests\\Feature\\Api\\V1\\AuthControllerTest->__pest_evaluable_registration_fails_with_short_password()\n#71 C:\\Users\\pc\\Desktop\\learn php\\htdocs\\Smart-Tourist-Guide\\backend\\vendor\\phpunit\\phpunit\\src\\Framework\\TestCase.php(1355): PHPUnit\\Framework\\TestCase->invokeTestMethod('__pest_evaluabl...', Array)\n#72 C:\\Users\\pc\\Desktop\\learn php\\htdocs\\Smart-Tourist-Guide\\backend\\vendor\\phpunit\\phpunit\\src\\Framework\\TestCase.php(521): PHPUnit\\Framework\\TestCase->runTest()\n#73 C:\\Users\\pc\\Desktop\\learn php\\htdocs\\Smart-Tourist-Guide\\backend\\vendor\\phpunit\\phpunit\\src\\Framework\\TestRunner\\TestRunner.php(99): PHPUnit\\Framework\\TestCase->runBare()\n#74 C:\\Users\\pc\\Desktop\\learn php\\htdocs\\Smart-Tourist-Guide\\backend\\vendor\\phpunit\\phpunit\\src\\Framework\\TestCase.php(361): PHPUnit\\Framework\\TestRunner->run(Object(P\\Tests\\Feature\\Api\\V1\\AuthControllerTest))\n#75 C:\\Users\\pc\\Desktop\\learn php\\htdocs\\Smart-Tourist-Guide\\backend\\vendor\\phpunit\\phpunit\\src\\Framework\\TestSuite.php(374): PHPUnit\\Framework\\TestCase->run()\n#76 C:\\Users\\pc\\Desktop\\learn php\\htdocs\\Smart-Tourist-Guide\\backend\\vendor\\phpunit\\phpunit\\src\\Framework\\TestSuite.php(374): PHPUnit\\Framework\\TestSuite->run()\n#77 C:\\Users\\pc\\Desktop\\learn php\\htdocs\\Smart-Tourist-Guide\\backend\\vendor\\phpunit\\phpunit\\src\\Framework\\TestSuite.php(374): PHPUnit\\Framework\\TestSuite->run()\n#78 C:\\Users\\pc\\Desktop\\learn php\\htdocs\\Smart-Tourist-Guide\\backend\\vendor\\phpunit\\phpunit\\src\\TextUI\\TestRunner.php(64): PHPUnit\\Framework\\TestSuite->run()\n#79 C:\\Users\\pc\\Desktop\\learn php\\htdocs\\Smart-Tourist-Guide\\backend\\vendor\\phpunit\\phpunit\\src\\TextUI\\Application.php(229): PHPUnit\\TextUI\\TestRunner->run(Object(PHPUnit\\TextUI\\Configuration\\Configuration), Object(PHPUnit\\Runner\\ResultCache\\DefaultResultCache), Object(PHPUnit\\Framework\\TestSuite))\n#80 C:\\Users\\pc\\Desktop\\learn php\\htdocs\\Smart-Tourist-Guide\\backend\\vendor\\pestphp\\pest\\src\\Kernel.php(117): PHPUnit\\TextUI\\Application->run(Array)\n#81 C:\\Users\\pc\\Desktop\\learn php\\htdocs\\Smart-Tourist-Guide\\backend\\vendor\\pestphp\\pest\\bin\\pest(207): Pest\\Kernel->handle(Array, Array)\n#82 C:\\Users\\pc\\Desktop\\learn php\\htdocs\\Smart-Tourist-Guide\\backend\\vendor\\pestphp\\pest\\bin\\pest(215): {closure}()\n#83 C:\\Users\\pc\\Desktop\\learn php\\htdocs\\Smart-Tourist-Guide\\backend\\vendor\\bin\\pest(119): include('C:\\\\Users\\\\pc\\\\Des...')\n#84 {main}\n\n----------------------------------------------------------------------------------\n\nSQLSTATE[HY000]: General error: 1 no such table: users (Connection: sqlite, Database: :memory:, SQL: select count(*) as \"aggregate\" from \"users\" where \"email\" = john@example.com)"},{"test":"P\\Tests\\Feature\\Api\\V1\\AuthControllerTest::__pest_evaluable_login_fails_with_non_existent_email","file":"php\\htdocs\\Smart-Tourist-Guide\\backend\\vendor\\laravel\\framework\\src\\Illuminate\\Testing\\TestResponseAssert.php","line":45,"message":"Expected response status code [422] but received 500.\nFailed asserting that 500 is identical to 422.\r\n\r\nThe following exception occurred during the last request:\n\nPDOException: SQLSTATE[HY000]: General error: 1 no such table: users in C:\\Users\\pc\\Desktop\\learn php\\htdocs\\Smart-Tourist-Guide\\backend\\vendor\\laravel\\framework\\src\\Illuminate\\Database\\Connection.php:435\nStack trace:\n#0 C:\\Users\\pc\\Desktop\\learn php\\htdocs\\Smart-Tourist-Guide\\backend\\vendor\\laravel\\framework\\src\\Illuminate\\Database\\Connection.php(435): PDO->prepare('select * from \"...')\n#1 C:\\Users\\pc\\Desktop\\learn php\\htdocs\\Smart-Tourist-Guide\\backend\\vendor\\laravel\\framework\\src\\Illuminate\\Database\\Connection.php(846): Illuminate\\Database\\Connection->Illuminate\\Database\\{closure}('select * from \"...', Array)\n#2 C:\\Users\\pc\\Desktop\\learn php\\htdocs\\Smart-Tourist-Guide\\backend\\vendor\\laravel\\framework\\src\\Illuminate\\Database\\Connection.php(813): Illuminate\\Database\\Connection->runQueryCallback('select * from \"...', Array, Object(Closure))\n#3 C:\\Users\\pc\\Desktop\\learn php\\htdocs\\Smart-Tourist-Guide\\backend\\vendor\\laravel\\framework\\src\\Illuminate\\Database\\Connection.php(426): Illuminate\\Database\\Connection->run('select * from \"...', Array, Object(Closure))\n#4 C:\\Users\\pc\\Desktop\\learn php\\htdocs\\Smart-Tourist-Guide\\backend\\vendor\\laravel\\framework\\src\\Illuminate\\Database\\Query\\Builder.php(3573): Illuminate\\Database\\Connection->select('select * from \"...', Array, true, Array)\n#5 C:\\Users\\pc\\Desktop\\learn php\\htdocs\\Smart-Tourist-Guide\\backend\\vendor\\laravel\\framework\\src\\Illuminate\\Database\\Query\\Builder.php(3557): Illuminate\\Database\\Query\\Builder->runSelect()\n#6 C:\\Users\\pc\\Desktop\\learn php\\htdocs\\Smart-Tourist-Guide\\backend\\vendor\\laravel\\framework\\src\\Illuminate\\Database\\Eloquent\\Builder.php(908): Illuminate\\Database\\Query\\Builder->get(Array)\n#7 C:\\Users\\pc\\Desktop\\learn php\\htdocs\\Smart-Tourist-Guide\\backend\\vendor\\laravel\\framework\\src\\Illuminate\\Database\\Eloquent\\Builder.php(890): Illuminate\\Database\\Eloquent\\Builder->getModels(Array)\n#8 C:\\Users\\pc\\Desktop\\learn php\\htdocs\\Smart-Tourist-Guide\\backend\\vendor\\laravel\\framework\\src\\Illuminate\\Database\\Concerns\\BuildsQueries.php(366): Illuminate\\Database\\Eloquent\\Builder->get(Array)\n#9 C:\\Users\\pc\\Desktop\\learn php\\htdocs\\Smart-Tourist-Guide\\backend\\app\\Http\\Controllers\\AuthController.php(56): Illuminate\\Database\\Eloquent\\Builder->first()\n#10 C:\\Users\\pc\\Desktop\\learn php\\htdocs\\Smart-Tourist-Guide\\backend\\vendor\\laravel\\framework\\src\\Illuminate\\Routing\\ControllerDispatcher.php(46): App\\Http\\Controllers\\AuthController->login(Object(App\\Http\\Requests\\LoginUserRequest))\n#11 C:\\Users\\pc\\Desktop\\learn php\\htdocs\\Smart-Tourist-Guide\\backend\\vendor\\laravel\\framework\\src\\Illuminate\\Routing\\Route.php(275): Illuminate\\Routing\\ControllerDispatcher->dispatch(Object(Illuminate\\Routing\\Route), Object(App\\Http\\Controllers\\AuthController), 'login')\n#12 C:\\Users\\pc\\Desktop\\learn php\\htdocs\\Smart-Tourist-Guide\\backend\\vendor\\laravel\\framework\\src\\Illuminate\\Routing\\Route.php(215): Illuminate\\Routing\\Route->runController()\n#13 C:\\Users\\pc\\Desktop\\learn php\\htdocs\\Smart-Tourist-Guide\\backend\\vendor\\laravel\\framework\\src\\Illuminate\\Routing\\Router.php(822): Illuminate\\Routing\\Route->run()\n#14 C:\\Users\\pc\\Desktop\\learn php\\htdocs\\Smart-Tourist-Guide\\backend\\vendor\\laravel\\framework\\src\\Illuminate\\Pipeline\\Pipeline.php(180): Illuminate\\Routing\\Router->Illuminate\\Routing\\{closure}(Object(Illuminate\\Http\\Request))\n#15 C:\\Users\\pc\\Desktop\\learn php\\htdocs\\Smart-Tourist-Guide\\backend\\vendor\\laravel\\framework\\src\\Illuminate\\Routing\\Middleware\\SubstituteBindings.php(52): Illuminate\\Pipeline\\Pipeline->Illuminate\\Pipeline\\{closure}(Object(Illuminate\\Http\\Request))\n#16 C:\\Users\\pc\\Desktop\\learn php\\htdocs\\Smart-Tourist-Guide\\backend\\vendor\\laravel\\framework\\src\\Illuminate\\Pipeline\\Pipeline.php(219): Illuminate\\Routing\\Middleware\\SubstituteBindings->handle(Object(Illuminate\\Http\\Request), Object(Closure))\n#17 C:\\Users\\pc\\Desktop\\learn php\\htdocs\\Smart-Tourist-Guide\\backend\\vendor\\laravel\\framework\\src\\Illuminate\\Pipeline\\Pipeline.php(137): Illuminate\\Pipeline\\Pipeline->Illuminate\\Pipeline\\{closure}(Object(Illuminate\\Http\\Request))\n#18 C:\\Users\\pc\\Desktop\\learn php\\htdocs\\Smart-Tourist-Guide\\backend\\vendor\\laravel\\framework\\src\\Illuminate\\Routing\\Router.php(821): Illuminate\\Pipeline\\Pipeline->then(Object(Closure))\n#19 C:\\Users\\pc\\Desktop\\learn php\\htdocs\\Smart-Tourist-Guide\\backend\\vendor\\laravel\\framework\\src\\Illuminate\\Routing\\Router.php(800): Illuminate\\Routing\\Router->runRouteWithinStack(Object(Illuminate\\Routing\\Route), Object(Illuminate\\Http\\Request))\n#20 C:\\Users\\pc\\Desktop\\learn php\\htdocs\\Smart-Tourist-Guide\\backend\\vendor\\laravel\\framework\\src\\Illuminate\\Routing\\Router.php(764): Illuminate\\Routing\\Router->runRoute(Object(Illuminate\\Http\\Request), Object(Illuminate\\Routing\\Route))\n#21 C:\\Users\\pc\\Desktop\\learn php\\htdocs\\Smart-Tourist-Guide\\backend\\vendor\\laravel\\framework\\src\\Illuminate\\Routing\\Router.php(753): Illuminate\\Routing\\Router->dispatchToRoute(Object(Illuminate\\Http\\Request))\n#22 C:\\Users\\pc\\Desktop\\learn php\\htdocs\\Smart-Tourist-Guide\\backend\\vendor\\laravel\\framework\\src\\Illuminate\\Foundation\\Http\\Kernel.php(200): Illuminate\\Routing\\Router->dispatch(Object(Illuminate\\Http\\Request))\n#23 C:\\Users\\pc\\Desktop\\learn php\\htdocs\\Smart-Tourist-Guide\\backend\\vendor\\laravel\\framework\\src\\Illuminate\\Pipeline\\Pipeline.php(180): Illuminate\\Foundation\\Http\\Kernel->Illuminate\\Foundation\\Http\\{closure}(Object(Illuminate\\Http\\Request))\n#24 C:\\Users\\pc\\Desktop\\learn php\\htdocs\\Smart-Tourist-Guide\\backend\\vendor\\laravel\\framework\\src\\Illuminate\\Foundation\\Http\\Middleware\\TransformsRequest.php(21): Illuminate\\Pipeline\\Pipeline->Illuminate\\Pipeline\\{closure}(Object(Illuminate\\Http\\Request))\n#25 C:\\Users\\pc\\Desktop\\learn php\\htdocs\\Smart-Tourist-Guide\\backend\\vendor\\laravel\\framework\\src\\Illuminate\\Foundation\\Http\\Middleware\\ConvertEmptyStringsToNull.php(31): Illuminate\\Foundation\\Http\\Middleware\\TransformsRequest->handle(Object(Illuminate\\Http\\Request), Object(Closure))\n#26 C:\\Users\\pc\\Desktop\\learn php\\htdocs\\Smart-Tourist-Guide\\backend\\vendor\\laravel\\framework\\src\\Illuminate\\Pipeline\\Pipeline.php(219): Illuminate\\Foundation\\Http\\Middleware\\ConvertEmptyStringsToNull->handle(Object(Illuminate\\Http\\Request), Object(Closure))\n#27 C:\\Users\\pc\\Desktop\\learn php\\htdocs\\Smart-Tourist-Guide\\backend\\vendor\\laravel\\framework\\src\\Illuminate\\Foundation\\Http\\Middleware\\TransformsRequest.php(21): Illuminate\\Pipeline\\Pipeline->Illuminate\\Pipeline\\{closure}(Object(Illuminate\\Http\\Request))\n#28 C:\\Users\\pc\\Desktop\\learn php\\htdocs\\Smart-Tourist-Guide\\backend\\vendor\\laravel\\framework\\src\\Illuminate\\Foundation\\Http\\Middleware\\TrimStrings.php(51): Illuminate\\Foundation\\Http\\Middleware\\TransformsRequest->handle(Object(Illuminate\\Http\\Request), Object(Closure))\n#29 C:\\Users\\pc\\Desktop\\learn php\\htdocs\\Smart-Tourist-Guide\\backend\\vendor\\laravel\\framework\\src\\Illuminate\\Pipeline\\Pipeline.php(219): Illuminate\\Foundation\\Http\\Middleware\\TrimStrings->handle(Object(Illuminate\\Http\\Request), Object(Closure))\n#30 C:\\Users\\pc\\Desktop\\learn php\\htdocs\\Smart-Tourist-Guide\\backend\\vendor\\laravel\\framework\\src\\Illuminate\\Http\\Middleware\\ValidatePostSize.php(27): Illuminate\\Pipeline\\Pipeline->Illuminate\\Pipeline\\{closure}(Object(Illuminate\\Http\\Request))\n#31 C:\\Users\\pc\\Desktop\\learn php\\htdocs\\Smart-Tourist-Guide\\backend\\vendor\\laravel\\framework\\src\\Illuminate\\Pipeline\\Pipeline.php(219): Illuminate\\Http\\Middleware\\ValidatePostSize->handle(Object(Illuminate\\Http\\Request), Object(Closure))\n#32 C:\\Users\\pc\\Desktop\\learn php\\htdocs\\Smart-Tourist-Guide\\backend\\vendor\\laravel\\framework\\src\\Illuminate\\Foundation\\Http\\Middleware\\PreventRequestsDuringMaintenance.php(109): Illuminate\\Pipeline\\Pipeline->Illuminate\\Pipeline\\{closure}(Object(Illuminate\\Http\\Request))\n#33 C:\\Users\\pc\\Desktop\\learn php\\htdocs\\Smart-Tourist-Guide\\backend\\vendor\\laravel\\framework\\src\\Illuminate\\Pipeline\\Pipeline.php(219): Illuminate\\Foundation\\Http\\Middleware\\PreventRequestsDuringMaintenance->handle(Object(Illuminate\\Http\\Request), Object(Closure))\n#34 C:\\Users\\pc\\Desktop\\learn php\\htdocs\\Smart-Tourist-Guide\\backend\\vendor\\laravel\\framework\\src\\Illuminate\\Http\\Middleware\\HandleCors.php(74): Illuminate\\Pipeline\\Pipeline->Illuminate\\Pipeline\\{closure}(Object(Illuminate\\Http\\Request))\n#35 C:\\Users\\pc\\Desktop\\learn php\\htdocs\\Smart-Tourist-Guide\\backend\\vendor\\laravel\\framework\\src\\Illuminate\\Pipeline\\Pipeline.php(219): Illuminate\\Http\\Middleware\\HandleCors->handle(Object(Illuminate\\Http\\Request), Object(Closure))\n#36 C:\\Users\\pc\\Desktop\\learn php\\htdocs\\Smart-Tourist-Guide\\backend\\vendor\\laravel\\framework\\src\\Illuminate\\Http\\Middleware\\TrustProxies.php(58): Illuminate\\Pipeline\\Pipeline->Illuminate\\Pipeline\\{closure}(Object(Illuminate\\Http\\Request))\n#37 C:\\Users\\pc\\Desktop\\learn php\\htdocs\\Smart-Tourist-Guide\\backend\\vendor\\laravel\\framework\\src\\Illuminate\\Pipeline\\Pipeline.php(219): Illuminate\\Http\\Middleware\\TrustProxies->handle(Object(Illuminate\\Http\\Request), Object(Closure))\n#38 C:\\Users\\pc\\Desktop\\learn php\\htdocs\\Smart-Tourist-Guide\\backend\\vendor\\laravel\\framework\\src\\Illuminate\\Foundation\\Http\\Middleware\\InvokeDeferredCallbacks.php(22): Illuminate\\Pipeline\\Pipeline->Illuminate\\Pipeline\\{closure}(Object(Illuminate\\Http\\Request))\n#39 C:\\Users\\pc\\Desktop\\learn php\\htdocs\\Smart-Tourist-Guide\\backend\\vendor\\laravel\\framework\\src\\Illuminate\\Pipeline\\Pipeline.php(219): Illuminate\\Foundation\\Http\\Middleware\\InvokeDeferredCallbacks->handle(Object(Illuminate\\Http\\Request), Object(Closure))\n#40 C:\\Users\\pc\\Desktop\\learn php\\htdocs\\Smart-Tourist-Guide\\backend\\vendor\\laravel\\framework\\src\\Illuminate\\Http\\Middleware\\ValidatePathEncoding.php(28): Illuminate\\Pipeline\\Pipeline->Illuminate\\Pipeline\\{closure}(Object(Illuminate\\Http\\Request))\n#41 C:\\Users\\pc\\Desktop\\learn php\\htdocs\\Smart-Tourist-Guide\\backend\\vendor\\laravel\\framework\\src\\Illuminate\\Pipeline\\Pipeline.php(219): Illuminate\\Http\\Middleware\\ValidatePathEncoding->handle(Object(Illuminate\\Http\\Request), Object(Closure))\n#42 C:\\Users\\pc\\Desktop\\learn php\\htdocs\\Smart-Tourist-Guide\\backend\\vendor\\laravel\\framework\\src\\Illuminate\\Pipeline\\Pipeline.php(137): Illuminate\\Pipeline\\Pipeline->Illuminate\\Pipeline\\{closure}(Object(Illuminate\\Http\\Request))\n#43 C:\\Users\\pc\\Desktop\\learn php\\htdocs\\Smart-Tourist-Guide\\backend\\vendor\\laravel\\framework\\src\\Illuminate\\Foundation\\Http\\Kernel.php(175): Illuminate\\Pipeline\\Pipeline->then(Object(Closure))\n#44 C:\\Users\\pc\\Desktop\\learn php\\htdocs\\Smart-Tourist-Guide\\backend\\vendor\\laravel\\framework\\src\\Illuminate\\Foundation\\Http\\Kernel.php(144): Illuminate\\Foundation\\Http\\Kernel->sendRequestThroughRouter(Object(Illuminate\\Http\\Request))\n#45 C:\\Users\\pc\\Desktop\\learn php\\htdocs\\Smart-Tourist-Guide\\backend\\vendor\\laravel\\framework\\src\\Illuminate\\Foundation\\Testing\\Concerns\\MakesHttpRequests.php(638): Illuminate\\Foundation\\Http\\Kernel->handle(Object(Illuminate\\Http\\Request))\n#46 C:\\Users\\pc\\Desktop\\learn php\\htdocs\\Smart-Tourist-Guide\\backend\\vendor\\laravel\\framework\\src\\Illuminate\\Foundation\\Testing\\Concerns\\MakesHttpRequests.php(604): Illuminate\\Foundation\\Testing\\TestCase->call('POST', '/api/v1/auth/lo...', Array, Array, Array, Array, '{\"email\":\"nonex...')\n#47 C:\\Users\\pc\\Desktop\\learn php\\htdocs\\Smart-Tourist-Guide\\backend\\vendor\\laravel\\framework\\src\\Illuminate\\Foundation\\Testing\\Concerns\\MakesHttpRequests.php(411): Illuminate\\Foundation\\Testing\\TestCase->json('POST', '/api/v1/auth/lo...', Array, Array, 0)\n#48 C:\\Users\\pc\\Desktop\\learn php\\htdocs\\Smart-Tourist-Guide\\backend\\tests\\Feature\\Api\\V1\\AuthControllerTest.php(138): Illuminate\\Foundation\\Testing\\TestCase->postJson('/api/v1/auth/lo...', Array)\n#49 C:\\Users\\pc\\Desktop\\learn php\\htdocs\\Smart-Tourist-Guide\\backend\\vendor\\pestphp\\pest\\src\\Factories\\TestCaseMethodFactory.php(177): P\\Tests\\Feature\\Api\\V1\\AuthControllerTest->{closure}()\n#50 [internal function]: P\\Tests\\Feature\\Api\\V1\\AuthControllerTest->Pest\\Factories\\{closure}()\n#51 C:\\Users\\pc\\Desktop\\learn php\\htdocs\\Smart-Tourist-Guide\\backend\\vendor\\pestphp\\pest\\src\\Concerns\\Testable.php(581): call_user_func_array(Object(Closure), Array)\n#52 C:\\Users\\pc\\Desktop\\learn php\\htdocs\\Smart-Tourist-Guide\\backend\\vendor\\pestphp\\pest\\src\\Support\\ExceptionTrace.php(26): P\\Tests\\Feature\\Api\\V1\\AuthControllerTest->Pest\\Concerns\\{closure}()\n#53 C:\\Users\\pc\\Desktop\\learn php\\htdocs\\Smart-Tourist-Guide\\backend\\vendor\\pestphp\\pest\\src\\Concerns\\Testable.php(581): Pest\\Support\\ExceptionTrace::ensure(Object(Closure))\n#54 C:\\Users\\pc\\Desktop\\learn php\\htdocs\\Smart-Tourist-Guide\\backend\\vendor\\pestphp\\pest\\src\\Concerns\\Testable.php(403): P\\Tests\\Feature\\Api\\V1\\AuthControllerTest->__callClosure(Object(Closure), Array)\n#55 C:\\Users\\pc\\Desktop\\learn php\\htdocs\\Smart-Tourist-Guide\\backend\\vendor\\pestphp\\pest\\src\\Factories\\TestCaseFactory.php(178) : eval()'d code(80): P\\Tests\\Feature\\Api\\V1\\AuthControllerTest->__runTest(Object(Closure))\n#56 C:\\Users\\pc\\Desktop\\learn php\\htdocs\\Smart-Tourist-Guide\\backend\\vendor\\phpunit\\phpunit\\src\\Framework\\TestCase.php(1318): P\\Tests\\Feature\\Api\\V1\\AuthControllerTest->__pest_evaluable_login_fails_with_non_existent_email()\n#57 C:\\Users\\pc\\Desktop\\learn php\\htdocs\\Smart-Tourist-Guide\\backend\\vendor\\phpunit\\phpunit\\src\\Framework\\TestCase.php(1355): PHPUnit\\Framework\\TestCase->invokeTestMethod('__pest_evaluabl...', Array)\n#58 C:\\Users\\pc\\Desktop\\learn php\\htdocs\\Smart-Tourist-Guide\\backend\\vendor\\phpunit\\phpunit\\src\\Framework\\TestCase.php(521): PHPUnit\\Framework\\TestCase->runTest()\n#59 C:\\Users\\pc\\Desktop\\learn php\\htdocs\\Smart-Tourist-Guide\\backend\\vendor\\phpunit\\phpunit\\src\\Framework\\TestRunner\\TestRunner.php(99): PHPUnit\\Framework\\TestCase->runBare()\n#60 C:\\Users\\pc\\Desktop\\learn php\\htdocs\\Smart-Tourist-Guide\\backend\\vendor\\phpunit\\phpunit\\src\\Framework\\TestCase.php(361): PHPUnit\\Framework\\TestRunner->run(Object(P\\Tests\\Feature\\Api\\V1\\AuthControllerTest))\n#61 C:\\Users\\pc\\Desktop\\learn php\\htdocs\\Smart-Tourist-Guide\\backend\\vendor\\phpunit\\phpunit\\src\\Framework\\TestSuite.php(374): PHPUnit\\Framework\\TestCase->run()\n#62 C:\\Users\\pc\\Desktop\\learn php\\htdocs\\Smart-Tourist-Guide\\backend\\vendor\\phpunit\\phpunit\\src\\Framework\\TestSuite.php(374): PHPUnit\\Framework\\TestSuite->run()\n#63 C:\\Users\\pc\\Desktop\\learn php\\htdocs\\Smart-Tourist-Guide\\backend\\vendor\\phpunit\\phpunit\\src\\Framework\\TestSuite.php(374): PHPUnit\\Framework\\TestSuite->run()\n#64 C:\\Users\\pc\\Desktop\\learn php\\htdocs\\Smart-Tourist-Guide\\backend\\vendor\\phpunit\\phpunit\\src\\TextUI\\TestRunner.php(64): PHPUnit\\Framework\\TestSuite->run()\n#65 C:\\Users\\pc\\Desktop\\learn php\\htdocs\\Smart-Tourist-Guide\\backend\\vendor\\phpunit\\phpunit\\src\\TextUI\\Application.php(229): PHPUnit\\TextUI\\TestRunner->run(Object(PHPUnit\\TextUI\\Configuration\\Configuration), Object(PHPUnit\\Runner\\ResultCache\\DefaultResultCache), Object(PHPUnit\\Framework\\TestSuite))\n#66 C:\\Users\\pc\\Desktop\\learn php\\htdocs\\Smart-Tourist-Guide\\backend\\vendor\\pestphp\\pest\\src\\Kernel.php(117): PHPUnit\\TextUI\\Application->run(Array)\n#67 C:\\Users\\pc\\Desktop\\learn php\\htdocs\\Smart-Tourist-Guide\\backend\\vendor\\pestphp\\pest\\bin\\pest(207): Pest\\Kernel->handle(Array, Array)\n#68 C:\\Users\\pc\\Desktop\\learn php\\htdocs\\Smart-Tourist-Guide\\backend\\vendor\\pestphp\\pest\\bin\\pest(215): {closure}()\n#69 C:\\Users\\pc\\Desktop\\learn php\\htdocs\\Smart-Tourist-Guide\\backend\\vendor\\bin\\pest(119): include('C:\\\\Users\\\\pc\\\\Des...')\n#70 {main}\n\nNext Illuminate\\Database\\QueryException: SQLSTATE[HY000]: General error: 1 no such table: users (Connection: sqlite, Database: :memory:, SQL: select * from \"users\" where \"email\" = nonexistent@example.com limit 1) in C:\\Users\\pc\\Desktop\\learn php\\htdocs\\Smart-Tourist-Guide\\backend\\vendor\\laravel\\framework\\src\\Illuminate\\Database\\Connection.php:857\nStack trace:\n#0 C:\\Users\\pc\\Desktop\\learn php\\htdocs\\Smart-Tourist-Guide\\backend\\vendor\\laravel\\framework\\src\\Illuminate\\Database\\Connection.php(813): Illuminate\\Database\\Connection->runQueryCallback('select * from \"...', Array, Object(Closure))\n#1 C:\\Users\\pc\\Desktop\\learn php\\htdocs\\Smart-Tourist-Guide\\backend\\vendor\\laravel\\framework\\src\\Illuminate\\Database\\Connection.php(426): Illuminate\\Database\\Connection->run('select * from \"...', Array, Object(Closure))\n#2 C:\\Users\\pc\\Desktop\\learn php\\htdocs\\Smart-Tourist-Guide\\backend\\vendor\\laravel\\framework\\src\\Illuminate\\Database\\Query\\Builder.php(3573): Illuminate\\Database\\Connection->select('select * from \"...', Array, true, Array)\n#3 C:\\Users\\pc\\Desktop\\learn php\\htdocs\\Smart-Tourist-Guide\\backend\\vendor\\laravel\\framework\\src\\Illuminate\\Database\\Query\\Builder.php(3557): Illuminate\\Database\\Query\\Builder->runSelect()\n#4 C:\\Users\\pc\\Desktop\\learn php\\htdocs\\Smart-Tourist-Guide\\backend\\vendor\\laravel\\framework\\src\\Illuminate\\Database\\Eloquent\\Builder.php(908): Illuminate\\Database\\Query\\Builder->get(Array)\n#5 C:\\Users\\pc\\Desktop\\learn php\\htdocs\\Smart-Tourist-Guide\\backend\\vendor\\laravel\\framework\\src\\Illuminate\\Database\\Eloquent\\Builder.php(890): Illuminate\\Database\\Eloquent\\Builder->getModels(Array)\n#6 C:\\Users\\pc\\Desktop\\learn php\\htdocs\\Smart-Tourist-Guide\\backend\\vendor\\laravel\\framework\\src\\Illuminate\\Database\\Concerns\\BuildsQueries.php(366): Illuminate\\Database\\Eloquent\\Builder->get(Array)\n#7 C:\\Users\\pc\\Desktop\\learn php\\htdocs\\Smart-Tourist-Guide\\backend\\app\\Http\\Controllers\\AuthController.php(56): Illuminate\\Database\\Eloquent\\Builder->first()\n#8 C:\\Users\\pc\\Desktop\\learn php\\htdocs\\Smart-Tourist-Guide\\backend\\vendor\\laravel\\framework\\src\\Illuminate\\Routing\\ControllerDispatcher.php(46): App\\Http\\Controllers\\AuthController->login(Object(App\\Http\\Requests\\LoginUserRequest))\n#9 C:\\Users\\pc\\Desktop\\learn php\\htdocs\\Smart-Tourist-Guide\\backend\\vendor\\laravel\\framework\\src\\Illuminate\\Routing\\Route.php(275): Illuminate\\Routing\\ControllerDispatcher->dispatch(Object(Illuminate\\Routing\\Route), Object(App\\Http\\Controllers\\AuthController), 'login')\n#10 C:\\Users\\pc\\Desktop\\learn php\\htdocs\\Smart-Tourist-Guide\\backend\\vendor\\laravel\\framework\\src\\Illuminate\\Routing\\Route.php(215): Illuminate\\Routing\\Route->runController()\n#11 C:\\Users\\pc\\Desktop\\learn php\\htdocs\\Smart-Tourist-Guide\\backend\\vendor\\laravel\\framework\\src\\Illuminate\\Routing\\Router.php(822): Illuminate\\Routing\\Route->run()\n#12 C:\\Users\\pc\\Desktop\\learn php\\htdocs\\Smart-Tourist-Guide\\backend\\vendor\\laravel\\framework\\src\\Illuminate\\Pipeline\\Pipeline.php(180): Illuminate\\Routing\\Router->Illuminate\\Routing\\{closure}(Object(Illuminate\\Http\\Request))\n#13 C:\\Users\\pc\\Desktop\\learn php\\htdocs\\Smart-Tourist-Guide\\backend\\vendor\\laravel\\framework\\src\\Illuminate\\Routing\\Middleware\\SubstituteBindings.php(52): Illuminate\\Pipeline\\Pipeline->Illuminate\\Pipeline\\{closure}(Object(Illuminate\\Http\\Request))\n#14 C:\\Users\\pc\\Desktop\\learn php\\htdocs\\Smart-Tourist-Guide\\backend\\vendor\\laravel\\framework\\src\\Illuminate\\Pipeline\\Pipeline.php(219): Illuminate\\Routing\\Middleware\\SubstituteBindings->handle(Object(Illuminate\\Http\\Request), Object(Closure))\n#15 C:\\Users\\pc\\Desktop\\learn php\\htdocs\\Smart-Tourist-Guide\\backend\\vendor\\laravel\\framework\\src\\Illuminate\\Pipeline\\Pipeline.php(137): Illuminate\\Pipeline\\Pipeline->Illuminate\\Pipeline\\{closure}(Object(Illuminate\\Http\\Request))\n#16 C:\\Users\\pc\\Desktop\\learn php\\htdocs\\Smart-Tourist-Guide\\backend\\vendor\\laravel\\framework\\src\\Illuminate\\Routing\\Router.php(821): Illuminate\\Pipeline\\Pipeline->then(Object(Closure))\n#17 C:\\Users\\pc\\Desktop\\learn php\\htdocs\\Smart-Tourist-Guide\\backend\\vendor\\laravel\\framework\\src\\Illuminate\\Routing\\Router.php(800): Illuminate\\Routing\\Router->runRouteWithinStack(Object(Illuminate\\Routing\\Route), Object(Illuminate\\Http\\Request))\n#18 C:\\Users\\pc\\Desktop\\learn php\\htdocs\\Smart-Tourist-Guide\\backend\\vendor\\laravel\\framework\\src\\Illuminate\\Routing\\Router.php(764): Illuminate\\Routing\\Router->runRoute(Object(Illuminate\\Http\\Request), Object(Illuminate\\Routing\\Route))\n#19 C:\\Users\\pc\\Desktop\\learn php\\htdocs\\Smart-Tourist-Guide\\backend\\vendor\\laravel\\framework\\src\\Illuminate\\Routing\\Router.php(753): Illuminate\\Routing\\Router->dispatchToRoute(Object(Illuminate\\Http\\Request))\n#20 C:\\Users\\pc\\Desktop\\learn php\\htdocs\\Smart-Tourist-Guide\\backend\\vendor\\laravel\\framework\\src\\Illuminate\\Foundation\\Http\\Kernel.php(200): Illuminate\\Routing\\Router->dispatch(Object(Illuminate\\Http\\Request))\n#21 C:\\Users\\pc\\Desktop\\learn php\\htdocs\\Smart-Tourist-Guide\\backend\\vendor\\laravel\\framework\\src\\Illuminate\\Pipeline\\Pipeline.php(180): Illuminate\\Foundation\\Http\\Kernel->Illuminate\\Foundation\\Http\\{closure}(Object(Illuminate\\Http\\Request))\n#22 C:\\Users\\pc\\Desktop\\learn php\\htdocs\\Smart-Tourist-Guide\\backend\\vendor\\laravel\\framework\\src\\Illuminate\\Foundation\\Http\\Middleware\\TransformsRequest.php(21): Illuminate\\Pipeline\\Pipeline->Illuminate\\Pipeline\\{closure}(Object(Illuminate\\Http\\Request))\n#23 C:\\Users\\pc\\Desktop\\learn php\\htdocs\\Smart-Tourist-Guide\\backend\\vendor\\laravel\\framework\\src\\Illuminate\\Foundation\\Http\\Middleware\\ConvertEmptyStringsToNull.php(31): Illuminate\\Foundation\\Http\\Middleware\\TransformsRequest->handle(Object(Illuminate\\Http\\Request), Object(Closure))\n#24 C:\\Users\\pc\\Desktop\\learn php\\htdocs\\Smart-Tourist-Guide\\backend\\vendor\\laravel\\framework\\src\\Illuminate\\Pipeline\\Pipeline.php(219): Illuminate\\Foundation\\Http\\Middleware\\ConvertEmptyStringsToNull->handle(Object(Illuminate\\Http\\Request), Object(Closure))\n#25 C:\\Users\\pc\\Desktop\\learn php\\htdocs\\Smart-Tourist-Guide\\backend\\vendor\\laravel\\framework\\src\\Illuminate\\Foundation\\Http\\Middleware\\TransformsRequest.php(21): Illuminate\\Pipeline\\Pipeline->Illuminate\\Pipeline\\{closure}(Object(Illuminate\\Http\\Request))\n#26 C:\\Users\\pc\\Desktop\\learn php\\htdocs\\Smart-Tourist-Guide\\backend\\vendor\\laravel\\framework\\src\\Illuminate\\Foundation\\Http\\Middleware\\TrimStrings.php(51): Illuminate\\Foundation\\Http\\Middleware\\TransformsRequest->handle(Object(Illuminate\\Http\\Request), Object(Closure))\n#27 C:\\Users\\pc\\Desktop\\learn php\\htdocs\\Smart-Tourist-Guide\\backend\\vendor\\laravel\\framework\\src\\Illuminate\\Pipeline\\Pipeline.php(219): Illuminate\\Foundation\\Http\\Middleware\\TrimStrings->handle(Object(Illuminate\\Http\\Request), Object(Closure))\n#28 C:\\Users\\pc\\Desktop\\learn php\\htdocs\\Smart-Tourist-Guide\\backend\\vendor\\laravel\\framework\\src\\Illuminate\\Http\\Middleware\\ValidatePostSize.php(27): Illuminate\\Pipeline\\Pipeline->Illuminate\\Pipeline\\{closure}(Object(Illuminate\\Http\\Request))\n#29 C:\\Users\\pc\\Desktop\\learn php\\htdocs\\Smart-Tourist-Guide\\backend\\vendor\\laravel\\framework\\src\\Illuminate\\Pipeline\\Pipeline.php(219): Illuminate\\Http\\Middleware\\ValidatePostSize->handle(Object(Illuminate\\Http\\Request), Object(Closure))\n#30 C:\\Users\\pc\\Desktop\\learn php\\htdocs\\Smart-Tourist-Guide\\backend\\vendor\\laravel\\framework\\src\\Illuminate\\Foundation\\Http\\Middleware\\PreventRequestsDuringMaintenance.php(109): Illuminate\\Pipeline\\Pipeline->Illuminate\\Pipeline\\{closure}(Object(Illuminate\\Http\\Request))\n#31 C:\\Users\\pc\\Desktop\\learn php\\htdocs\\Smart-Tourist-Guide\\backend\\vendor\\laravel\\framework\\src\\Illuminate\\Pipeline\\Pipeline.php(219): Illuminate\\Foundation\\Http\\Middleware\\PreventRequestsDuringMaintenance->handle(Object(Illuminate\\Http\\Request), Object(Closure))\n#32 C:\\Users\\pc\\Desktop\\learn php\\htdocs\\Smart-Tourist-Guide\\backend\\vendor\\laravel\\framework\\src\\Illuminate\\Http\\Middleware\\HandleCors.php(74): Illuminate\\Pipeline\\Pipeline->Illuminate\\Pipeline\\{closure}(Object(Illuminate\\Http\\Request))\n#33 C:\\Users\\pc\\Desktop\\learn php\\htdocs\\Smart-Tourist-Guide\\backend\\vendor\\laravel\\framework\\src\\Illuminate\\Pipeline\\Pipeline.php(219): Illuminate\\Http\\Middleware\\HandleCors->handle(Object(Illuminate\\Http\\Request), Object(Closure))\n#34 C:\\Users\\pc\\Desktop\\learn php\\htdocs\\Smart-Tourist-Guide\\backend\\vendor\\laravel\\framework\\src\\Illuminate\\Http\\Middleware\\TrustProxies.php(58): Illuminate\\Pipeline\\Pipeline->Illuminate\\Pipeline\\{closure}(Object(Illuminate\\Http\\Request))\n#35 C:\\Users\\pc\\Desktop\\learn php\\htdocs\\Smart-Tourist-Guide\\backend\\vendor\\laravel\\framework\\src\\Illuminate\\Pipeline\\Pipeline.php(219): Illuminate\\Http\\Middleware\\TrustProxies->handle(Object(Illuminate\\Http\\Request), Object(Closure))\n#36 C:\\Users\\pc\\Desktop\\learn php\\htdocs\\Smart-Tourist-Guide\\backend\\vendor\\laravel\\framework\\src\\Illuminate\\Foundation\\Http\\Middleware\\InvokeDeferredCallbacks.php(22): Illuminate\\Pipeline\\Pipeline->Illuminate\\Pipeline\\{closure}(Object(Illuminate\\Http\\Request))\n#37 C:\\Users\\pc\\Desktop\\learn php\\htdocs\\Smart-Tourist-Guide\\backend\\vendor\\laravel\\framework\\src\\Illuminate\\Pipeline\\Pipeline.php(219): Illuminate\\Foundation\\Http\\Middleware\\InvokeDeferredCallbacks->handle(Object(Illuminate\\Http\\Request), Object(Closure))\n#38 C:\\Users\\pc\\Desktop\\learn php\\htdocs\\Smart-Tourist-Guide\\backend\\vendor\\laravel\\framework\\src\\Illuminate\\Http\\Middleware\\ValidatePathEncoding.php(28): Illuminate\\Pipeline\\Pipeline->Illuminate\\Pipeline\\{closure}(Object(Illuminate\\Http\\Request))\n#39 C:\\Users\\pc\\Desktop\\learn php\\htdocs\\Smart-Tourist-Guide\\backend\\vendor\\laravel\\framework\\src\\Illuminate\\Pipeline\\Pipeline.php(219): Illuminate\\Http\\Middleware\\ValidatePathEncoding->handle(Object(Illuminate\\Http\\Request), Object(Closure))\n#40 C:\\Users\\pc\\Desktop\\learn php\\htdocs\\Smart-Tourist-Guide\\backend\\vendor\\laravel\\framework\\src\\Illuminate\\Pipeline\\Pipeline.php(137): Illuminate\\Pipeline\\Pipeline->Illuminate\\Pipeline\\{closure}(Object(Illuminate\\Http\\Request))\n#41 C:\\Users\\pc\\Desktop\\learn php\\htdocs\\Smart-Tourist-Guide\\backend\\vendor\\laravel\\framework\\src\\Illuminate\\Foundation\\Http\\Kernel.php(175): Illuminate\\Pipeline\\Pipeline->then(Object(Closure))\n#42 C:\\Users\\pc\\Desktop\\learn php\\htdocs\\Smart-Tourist-Guide\\backend\\vendor\\laravel\\framework\\src\\Illuminate\\Foundation\\Http\\Kernel.php(144): Illuminate\\Foundation\\Http\\Kernel->sendRequestThroughRouter(Object(Illuminate\\Http\\Request))\n#43 C:\\Users\\pc\\Desktop\\learn php\\htdocs\\Smart-Tourist-Guide\\backend\\vendor\\laravel\\framework\\src\\Illuminate\\Foundation\\Testing\\Concerns\\MakesHttpRequests.php(638): Illuminate\\Foundation\\Http\\Kernel->handle(Object(Illuminate\\Http\\Request))\n#44 C:\\Users\\pc\\Desktop\\learn php\\htdocs\\Smart-Tourist-Guide\\backend\\vendor\\laravel\\framework\\src\\Illuminate\\Foundation\\Testing\\Concerns\\MakesHttpRequests.php(604): Illuminate\\Foundation\\Testing\\TestCase->call('POST', '/api/v1/auth/lo...', Array, Array, Array, Array, '{\"email\":\"nonex...')\n#45 C:\\Users\\pc\\Desktop\\learn php\\htdocs\\Smart-Tourist-Guide\\backend\\vendor\\laravel\\framework\\src\\Illuminate\\Foundation\\Testing\\Concerns\\MakesHttpRequests.php(411): Illuminate\\Foundation\\Testing\\TestCase->json('POST', '/api/v1/auth/lo...', Array, Array, 0)\n#46 C:\\Users\\pc\\Desktop\\learn php\\htdocs\\Smart-Tourist-Guide\\backend\\tests\\Feature\\Api\\V1\\AuthControllerTest.php(138): Illuminate\\Foundation\\Testing\\TestCase->postJson('/api/v1/auth/lo...', Array)\n#47 C:\\Users\\pc\\Desktop\\learn php\\htdocs\\Smart-Tourist-Guide\\backend\\vendor\\pestphp\\pest\\src\\Factories\\TestCaseMethodFactory.php(177): P\\Tests\\Feature\\Api\\V1\\AuthControllerTest->{closure}()\n#48 [internal function]: P\\Tests\\Feature\\Api\\V1\\AuthControllerTest->Pest\\Factories\\{closure}()\n#49 C:\\Users\\pc\\Desktop\\learn php\\htdocs\\Smart-Tourist-Guide\\backend\\vendor\\pestphp\\pest\\src\\Concerns\\Testable.php(581): call_user_func_array(Object(Closure), Array)\n#50 C:\\Users\\pc\\Desktop\\learn php\\htdocs\\Smart-Tourist-Guide\\backend\\vendor\\pestphp\\pest\\src\\Support\\ExceptionTrace.php(26): P\\Tests\\Feature\\Api\\V1\\AuthControllerTest->Pest\\Concerns\\{closure}()\n#51 C:\\Users\\pc\\Desktop\\learn php\\htdocs\\Smart-Tourist-Guide\\backend\\vendor\\pestphp\\pest\\src\\Concerns\\Testable.php(581): Pest\\Support\\ExceptionTrace::ensure(Object(Closure))\n#52 C:\\Users\\pc\\Desktop\\learn php\\htdocs\\Smart-Tourist-Guide\\backend\\vendor\\pestphp\\pest\\src\\Concerns\\Testable.php(403): P\\Tests\\Feature\\Api\\V1\\AuthControllerTest->__callClosure(Object(Closure), Array)\n#53 C:\\Users\\pc\\Desktop\\learn php\\htdocs\\Smart-Tourist-Guide\\backend\\vendor\\pestphp\\pest\\src\\Factories\\TestCaseFactory.php(178) : eval()'d code(80): P\\Tests\\Feature\\Api\\V1\\AuthControllerTest->__runTest(Object(Closure))\n#54 C:\\Users\\pc\\Desktop\\learn php\\htdocs\\Smart-Tourist-Guide\\backend\\vendor\\phpunit\\phpunit\\src\\Framework\\TestCase.php(1318): P\\Tests\\Feature\\Api\\V1\\AuthControllerTest->__pest_evaluable_login_fails_with_non_existent_email()\n#55 C:\\Users\\pc\\Desktop\\learn php\\htdocs\\Smart-Tourist-Guide\\backend\\vendor\\phpunit\\phpunit\\src\\Framework\\TestCase.php(1355): PHPUnit\\Framework\\TestCase->invokeTestMethod('__pest_evaluabl...', Array)\n#56 C:\\Users\\pc\\Desktop\\learn php\\htdocs\\Smart-Tourist-Guide\\backend\\vendor\\phpunit\\phpunit\\src\\Framework\\TestCase.php(521): PHPUnit\\Framework\\TestCase->runTest()\n#57 C:\\Users\\pc\\Desktop\\learn php\\htdocs\\Smart-Tourist-Guide\\backend\\vendor\\phpunit\\phpunit\\src\\Framework\\TestRunner\\TestRunner.php(99): PHPUnit\\Framework\\TestCase->runBare()\n#58 C:\\Users\\pc\\Desktop\\learn php\\htdocs\\Smart-Tourist-Guide\\backend\\vendor\\phpunit\\phpunit\\src\\Framework\\TestCase.php(361): PHPUnit\\Framework\\TestRunner->run(Object(P\\Tests\\Feature\\Api\\V1\\AuthControllerTest))\n#59 C:\\Users\\pc\\Desktop\\learn php\\htdocs\\Smart-Tourist-Guide\\backend\\vendor\\phpunit\\phpunit\\src\\Framework\\TestSuite.php(374): PHPUnit\\Framework\\TestCase->run()\n#60 C:\\Users\\pc\\Desktop\\learn php\\htdocs\\Smart-Tourist-Guide\\backend\\vendor\\phpunit\\phpunit\\src\\Framework\\TestSuite.php(374): PHPUnit\\Framework\\TestSuite->run()\n#61 C:\\Users\\pc\\Desktop\\learn php\\htdocs\\Smart-Tourist-Guide\\backend\\vendor\\phpunit\\phpunit\\src\\Framework\\TestSuite.php(374): PHPUnit\\Framework\\TestSuite->run()\n#62 C:\\Users\\pc\\Desktop\\learn php\\htdocs\\Smart-Tourist-Guide\\backend\\vendor\\phpunit\\phpunit\\src\\TextUI\\TestRunner.php(64): PHPUnit\\Framework\\TestSuite->run()\n#63 C:\\Users\\pc\\Desktop\\learn php\\htdocs\\Smart-Tourist-Guide\\backend\\vendor\\phpunit\\phpunit\\src\\TextUI\\Application.php(229): PHPUnit\\TextUI\\TestRunner->run(Object(PHPUnit\\TextUI\\Configuration\\Configuration), Object(PHPUnit\\Runner\\ResultCache\\DefaultResultCache), Object(PHPUnit\\Framework\\TestSuite))\n#64 C:\\Users\\pc\\Desktop\\learn php\\htdocs\\Smart-Tourist-Guide\\backend\\vendor\\pestphp\\pest\\src\\Kernel.php(117): PHPUnit\\TextUI\\Application->run(Array)\n#65 C:\\Users\\pc\\Desktop\\learn php\\htdocs\\Smart-Tourist-Guide\\backend\\vendor\\pestphp\\pest\\bin\\pest(207): Pest\\Kernel->handle(Array, Array)\n#66 C:\\Users\\pc\\Desktop\\learn php\\htdocs\\Smart-Tourist-Guide\\backend\\vendor\\pestphp\\pest\\bin\\pest(215): {closure}()\n#67 C:\\Users\\pc\\Desktop\\learn php\\htdocs\\Smart-Tourist-Guide\\backend\\vendor\\bin\\pest(119): include('C:\\\\Users\\\\pc\\\\Des...')\n#68 {main}\n\n----------------------------------------------------------------------------------\n\nSQLSTATE[HY000]: General error: 1 no such table: users (Connection: sqlite, Database: :memory:, SQL: select * from \"users\" where \"email\" = nonexistent@example.com limit 1)"},{"test":"P\\Tests\\Feature\\Api\\V1\\CityControllerTest::__pest_evaluable_show_returns_404_for_non_existent","file":"php\\htdocs\\Smart-Tourist-Guide\\backend\\vendor\\laravel\\framework\\src\\Illuminate\\Testing\\TestResponseAssert.php","line":45,"message":"Expected response status code [404] but received 401.\nFailed asserting that 401 is identical to 404."},{"test":"P\\Tests\\Feature\\Api\\V1\\RoomControllerTest::__pest_evaluable_it_returns_404_for_non_existent_room","file":"php\\htdocs\\Smart-Tourist-Guide\\backend\\vendor\\laravel\\framework\\src\\Illuminate\\Testing\\TestResponseAssert.php","line":45,"message":"Expected response status code [404] but received 401.\nFailed asserting that 401 is identical to 404."},{"test":"P\\Tests\\Feature\\Api\\V1\\VehicleControllerTest::__pest_evaluable_it_returns_404_for_non_existent_vehicle","file":"php\\htdocs\\Smart-Tourist-Guide\\backend\\vendor\\laravel\\framework\\src\\Illuminate\\Testing\\TestResponseAssert.php","line":45,"message":"Expected response status code [404] but received 401.\nFailed asserting that 401 is identical to 404."}],"errors":52,"error_details":[{"test":"P\\Tests\\Feature\\Api\\V1\\AuthControllerTest::__pest_evaluable_driver_can_register_with_city__id_and_license__number","file":"php\\htdocs\\Smart-Tourist-Guide\\backend\\vendor\\fakerphp\\faker\\src\\Faker\\Generator.php","line":743,"message":"Unknown format \"region\""},{"test":"P\\Tests\\Feature\\Api\\V1\\AuthControllerTest::__pest_evaluable_registration_fails_with_duplicate_email","file":"php\\htdocs\\Smart-Tourist-Guide\\backend\\vendor\\laravel\\framework\\src\\Illuminate\\Database\\Connection.php","line":595,"message":"SQLSTATE[HY000]: General error: 1 no such table: users (Connection: sqlite, Database: :memory:, SQL: insert into \"users\" (\"first_name\", \"last_name\", \"email\", \"phone\", \"password\", \"remember_token\", \"role\", \"status\", \"active\", \"updated_at\", \"created_at\") values (Colt, Champlin, existing@example.com, 4989104711, $2y$04$LY3a1ap4x0u.3PF/bi/QHuOMxTdaqH775cPiXHCQPqXQuyuz6l9l6, EGbwoxuIKh, tourist, Approved, 1, 2026-07-31 18:58:53, 2026-07-31 18:58:53))"},{"test":"P\\Tests\\Feature\\Api\\V1\\AuthControllerTest::__pest_evaluable_login_with_valid_credentials","file":"php\\htdocs\\Smart-Tourist-Guide\\backend\\vendor\\laravel\\framework\\src\\Illuminate\\Database\\Connection.php","line":595,"message":"SQLSTATE[HY000]: General error: 1 no such table: users (Connection: sqlite, Database: :memory:, SQL: insert into \"users\" (\"first_name\", \"last_name\", \"email\", \"phone\", \"password\", \"remember_token\", \"role\", \"status\", \"active\", \"updated_at\", \"created_at\") values (Justice, Gorczany, login@example.com, 3584830639, $2y$04$iyqFo5ATUrXr8zoeuiocguyvnXWA8qJAAUQo9PMwOEKT83B4ZcWrW, 4JUlRze0QJ, tourist, Approved, 1, 2026-07-31 18:58:53, 2026-07-31 18:58:53))"},{"test":"P\\Tests\\Feature\\Api\\V1\\AuthControllerTest::__pest_evaluable_login_fails_with_wrong_password","file":"php\\htdocs\\Smart-Tourist-Guide\\backend\\vendor\\laravel\\framework\\src\\Illuminate\\Database\\Connection.php","line":595,"message":"SQLSTATE[HY000]: General error: 1 no such table: users (Connection: sqlite, Database: :memory:, SQL: insert into \"users\" (\"first_name\", \"last_name\", \"email\", \"phone\", \"password\", \"remember_token\", \"role\", \"status\", \"active\", \"updated_at\", \"created_at\") values (Zelma, Spinka, login@example.com, 2784868246, $2y$04$oRydPdVEX2ZXR/UX3PZ35u7EpbwRiWGKzDlIRrRiQxht4h8bKh2NG, eztZU8aiZt, tourist, Approved, 1, 2026-07-31 18:58:53, 2026-07-31 18:58:53))"},{"test":"P\\Tests\\Feature\\Api\\V1\\AuthControllerTest::__pest_evaluable_logout_revokes_current_token","file":"php\\htdocs\\Smart-Tourist-Guide\\backend\\vendor\\laravel\\framework\\src\\Illuminate\\Database\\Connection.php","line":595,"message":"SQLSTATE[HY000]: General error: 1 no such table: users (Connection: sqlite, Database: :memory:, SQL: insert into \"users\" (\"first_name\", \"last_name\", \"email\", \"phone\", \"password\", \"remember_token\", \"role\", \"status\", \"active\", \"updated_at\", \"created_at\") values (Audra, Feil, charley16@example.net, 4724048909, $2y$04$LY3a1ap4x0u.3PF/bi/QHuOMxTdaqH775cPiXHCQPqXQuyuz6l9l6, 8yGURnbwTJ, tourist, Approved, 1, 2026-07-31 18:58:53, 2026-07-31 18:58:53))"},{"test":"P\\Tests\\Feature\\Api\\V1\\AuthControllerTest::__pest_evaluable_me_returns_authenticated_user","file":"php\\htdocs\\Smart-Tourist-Guide\\backend\\vendor\\laravel\\framework\\src\\Illuminate\\Database\\Connection.php","line":595,"message":"SQLSTATE[HY000]: General error: 1 no such table: users (Connection: sqlite, Database: :memory:, SQL: insert into \"users\" (\"first_name\", \"last_name\", \"email\", \"phone\", \"password\", \"remember_token\", \"role\", \"status\", \"active\", \"updated_at\", \"created_at\") values (Grady, DuBuque, lowe.stephan@example.com, 6359090494, $2y$04$LY3a1ap4x0u.3PF/bi/QHuOMxTdaqH775cPiXHCQPqXQuyuz6l9l6, xTWJKInvyH, tourist, Approved, 1, 2026-07-31 18:58:53, 2026-07-31 18:58:53))"},{"test":"P\\Tests\\Feature\\Api\\V1\\AuthControllerTest::__pest_evaluable_issueToken_creates_new_token","file":"php\\htdocs\\Smart-Tourist-Guide\\backend\\vendor\\laravel\\framework\\src\\Illuminate\\Database\\Connection.php","line":595,"message":"SQLSTATE[HY000]: General error: 1 no such table: users (Connection: sqlite, Database: :memory:, SQL: insert into \"users\" (\"first_name\", \"last_name\", \"email\", \"phone\", \"password\", \"remember_token\", \"role\", \"status\", \"active\", \"updated_at\", \"created_at\") values (Antonette, Breitenberg, iflatley@example.org, 8066184827, $2y$04$LY3a1ap4x0u.3PF/bi/QHuOMxTdaqH775cPiXHCQPqXQuyuz6l9l6, AlxEnnSnrF, tourist, Approved, 1, 2026-07-31 18:58:53, 2026-07-31 18:58:53))"},{"test":"P\\Tests\\Feature\\Api\\V1\\AuthControllerTest::__pest_evaluable_listTokens_returns_tokens","file":"php\\htdocs\\Smart-Tourist-Guide\\backend\\vendor\\laravel\\framework\\src\\Illuminate\\Database\\Connection.php","line":595,"message":"SQLSTATE[HY000]: General error: 1 no such table: users (Connection: sqlite, Database: :memory:, SQL: insert into \"users\" (\"first_name\", \"last_name\", \"email\", \"phone\", \"password\", \"remember_token\", \"role\", \"status\", \"active\", \"updated_at\", \"created_at\") values (Yvette, Grant, burdette.boyer@example.net, 4735118552, $2y$04$LY3a1ap4x0u.3PF/bi/QHuOMxTdaqH775cPiXHCQPqXQuyuz6l9l6, GX9WRTTsmJ, tourist, Approved, 1, 2026-07-31 18:58:53, 2026-07-31 18:58:53))"},{"test":"P\\Tests\\Feature\\Api\\V1\\AuthControllerTest::__pest_evaluable_revokeToken_deletes_specific_token","file":"php\\htdocs\\Smart-Tourist-Guide\\backend\\vendor\\laravel\\framework\\src\\Illuminate\\Database\\Connection.php","line":595,"message":"SQLSTATE[HY000]: General error: 1 no such table: users (Connection: sqlite, Database: :memory:, SQL: insert into \"users\" (\"first_name\", \"last_name\", \"email\", \"phone\", \"password\", \"remember_token\", \"role\", \"status\", \"active\", \"updated_at\", \"created_at\") values (Eileen, Yost, dstracke@example.org, 0454921033, $2y$04$LY3a1ap4x0u.3PF/bi/QHuOMxTdaqH775cPiXHCQPqXQuyuz6l9l6, V2bYAuC3cR, tourist, Approved, 1, 2026-07-31 18:58:53, 2026-07-31 18:58:53))"},{"test":"P\\Tests\\Feature\\Api\\V1\\AuthControllerTest::__pest_evaluable_revokeAllTokens_deletes_all_tokens","file":"php\\htdocs\\Smart-Tourist-Guide\\backend\\vendor\\laravel\\framework\\src\\Illuminate\\Database\\Connection.php","line":595,"message":"SQLSTATE[HY000]: General error: 1 no such table: users (Connection: sqlite, Database: :memory:, SQL: insert into \"users\" (\"first_name\", \"last_name\", \"email\", \"phone\", \"password\", \"remember_token\", \"role\", \"status\", \"active\", \"updated_at\", \"created_at\") values (Addison, Auer, marcia.mante@example.org, 9386252129, $2y$04$LY3a1ap4x0u.3PF/bi/QHuOMxTdaqH775cPiXHCQPqXQuyuz6l9l6, J4KrDPG7WK, tourist, Approved, 1, 2026-07-31 18:58:54, 2026-07-31 18:58:54))"},{"test":"P\\Tests\\Feature\\Api\\V1\\CityControllerTest::__pest_evaluable_list_all_cities","file":"php\\htdocs\\Smart-Tourist-Guide\\backend\\vendor\\fakerphp\\faker\\src\\Faker\\Generator.php","line":743,"message":"Unknown format \"region\""},{"test":"P\\Tests\\Feature\\Api\\V1\\CityControllerTest::__pest_evaluable_store_creates_city_when_authenticated","file":"php\\htdocs\\Smart-Tourist-Guide\\backend\\vendor\\laravel\\framework\\src\\Illuminate\\Database\\Connection.php","line":595,"message":"SQLSTATE[HY000]: General error: 1 no such table: users (Connection: sqlite, Database: :memory:, SQL: insert into \"users\" (\"first_name\", \"last_name\", \"email\", \"phone\", \"password\", \"remember_token\", \"role\", \"status\", \"active\", \"updated_at\", \"created_at\") values (Elisha, Waters, drew.gorczany@example.org, 5280661795, $2y$04$LY3a1ap4x0u.3PF/bi/QHuOMxTdaqH775cPiXHCQPqXQuyuz6l9l6, bPJmzY7FIj, administrator, Approved, 1, 2026-07-31 18:58:54, 2026-07-31 18:58:54))"},{"test":"P\\Tests\\Feature\\Api\\V1\\CityControllerTest::__pest_evaluable_store_fails_with_missing_name","file":"php\\htdocs\\Smart-Tourist-Guide\\backend\\vendor\\laravel\\framework\\src\\Illuminate\\Database\\Connection.php","line":595,"message":"SQLSTATE[HY000]: General error: 1 no such table: users (Connection: sqlite, Database: :memory:, SQL: insert into \"users\" (\"first_name\", \"last_name\", \"email\", \"phone\", \"password\", \"remember_token\", \"role\", \"status\", \"active\", \"updated_at\", \"created_at\") values (Haskell, Legros, hayes.connie@example.net, 4305960052, $2y$04$LY3a1ap4x0u.3PF/bi/QHuOMxTdaqH775cPiXHCQPqXQuyuz6l9l6, PGGLFUQDOn, administrator, Approved, 1, 2026-07-31 18:58:54, 2026-07-31 18:58:54))"},{"test":"P\\Tests\\Feature\\Api\\V1\\CityControllerTest::__pest_evaluable_show_returns_city","file":"php\\htdocs\\Smart-Tourist-Guide\\backend\\vendor\\fakerphp\\faker\\src\\Faker\\Generator.php","line":743,"message":"Unknown format \"region\""},{"test":"P\\Tests\\Feature\\Api\\V1\\CityControllerTest::__pest_evaluable_update_modifies_city","file":"php\\htdocs\\Smart-Tourist-Guide\\backend\\vendor\\fakerphp\\faker\\src\\Faker\\Generator.php","line":743,"message":"Unknown format \"region\""},{"test":"P\\Tests\\Feature\\Api\\V1\\CityControllerTest::__pest_evaluable_update_fails_with_invalid_data","file":"php\\htdocs\\Smart-Tourist-Guide\\backend\\vendor\\fakerphp\\faker\\src\\Faker\\Generator.php","line":743,"message":"Unknown format \"region\""},{"test":"P\\Tests\\Feature\\Api\\V1\\CityControllerTest::__pest_evaluable_destroy_deletes_city","file":"php\\htdocs\\Smart-Tourist-Guide\\backend\\vendor\\fakerphp\\faker\\src\\Faker\\Generator.php","line":743,"message":"Unknown format \"region\""},{"test":"P\\Tests\\Feature\\Api\\V1\\DriverControllerTest::__pest_evaluable_list_all_drivers_returns_200","file":"php\\htdocs\\Smart-Tourist-Guide\\backend\\vendor\\fakerphp\\faker\\src\\Faker\\Generator.php","line":743,"message":"Unknown format \"region\""},{"test":"P\\Tests\\Feature\\Api\\V1\\DriverControllerTest::__pest_evaluable_list_filters_by_city__id","file":"php\\htdocs\\Smart-Tourist-Guide\\backend\\vendor\\fakerphp\\faker\\src\\Faker\\Generator.php","line":743,"message":"Unknown format \"region\""},{"test":"P\\Tests\\Feature\\Api\\V1\\DriverControllerTest::__pest_evaluable_list_filters_by_verified","file":"php\\htdocs\\Smart-Tourist-Guide\\backend\\vendor\\fakerphp\\faker\\src\\Faker\\Generator.php","line":743,"message":"Unknown format \"region\""},{"test":"P\\Tests\\Feature\\Api\\V1\\DriverControllerTest::__pest_evaluable_store_creates_driver_profile_for_driver_user","file":"php\\htdocs\\Smart-Tourist-Guide\\backend\\vendor\\fakerphp\\faker\\src\\Faker\\Generator.php","line":743,"message":"Unknown format \"region\""},{"test":"P\\Tests\\Feature\\Api\\V1\\DriverControllerTest::__pest_evaluable_store_fails_for_non_driver_user","file":"php\\htdocs\\Smart-Tourist-Guide\\backend\\vendor\\fakerphp\\faker\\src\\Faker\\Generator.php","line":743,"message":"Unknown format \"region\""},{"test":"P\\Tests\\Feature\\Api\\V1\\DriverControllerTest::__pest_evaluable_store_fails_with_missing_required_fields","file":"php\\htdocs\\Smart-Tourist-Guide\\backend\\tests\\Feature\\Api\\V1\\DriverControllerTest.php","line":97,"message":"Call to undefined function actingAs()"},{"test":"P\\Tests\\Feature\\Api\\V1\\DriverControllerTest::__pest_evaluable_show_returns_driver","file":"php\\htdocs\\Smart-Tourist-Guide\\backend\\vendor\\fakerphp\\faker\\src\\Faker\\Generator.php","line":743,"message":"Unknown format \"region\""},{"test":"P\\Tests\\Feature\\Api\\V1\\DriverControllerTest::__pest_evaluable_update_allows_owner_to_update","file":"php\\htdocs\\Smart-Tourist-Guide\\backend\\vendor\\fakerphp\\faker\\src\\Faker\\Generator.php","line":743,"message":"Unknown format \"region\""},{"test":"P\\Tests\\Feature\\Api\\V1\\DriverControllerTest::__pest_evaluable_update_fails_for_non_owner_non_admin","file":"php\\htdocs\\Smart-Tourist-Guide\\backend\\vendor\\fakerphp\\faker\\src\\Faker\\Generator.php","line":743,"message":"Unknown format \"region\""},{"test":"P\\Tests\\Feature\\Api\\V1\\DriverControllerTest::__pest_evaluable_verify_allows_admin_to_toggle","file":"php\\htdocs\\Smart-Tourist-Guide\\backend\\vendor\\fakerphp\\faker\\src\\Faker\\Generator.php","line":743,"message":"Unknown format \"region\""},{"test":"P\\Tests\\Feature\\Api\\V1\\DriverControllerTest::__pest_evaluable_verify_fails_for_non_admin","file":"php\\htdocs\\Smart-Tourist-Guide\\backend\\vendor\\fakerphp\\faker\\src\\Faker\\Generator.php","line":743,"message":"Unknown format \"region\""},{"test":"P\\Tests\\Feature\\Api\\V1\\RestaurantControllerTest::__pest_evaluable_list_all_restaurants_returns_200","file":"php\\htdocs\\Smart-Tourist-Guide\\backend\\vendor\\fakerphp\\faker\\src\\Faker\\Generator.php","line":743,"message":"Unknown format \"region\""},{"test":"P\\Tests\\Feature\\Api\\V1\\RestaurantControllerTest::__pest_evaluable_store_creates_restaurant_when_authenticated","file":"php\\htdocs\\Smart-Tourist-Guide\\backend\\vendor\\fakerphp\\faker\\src\\Faker\\Generator.php","line":743,"message":"Unknown format \"region\""},{"test":"P\\Tests\\Feature\\Api\\V1\\RestaurantControllerTest::__pest_evaluable_store_fails_without_auth","file":"php\\htdocs\\Smart-Tourist-Guide\\backend\\vendor\\fakerphp\\faker\\src\\Faker\\Generator.php","line":743,"message":"Unknown format \"region\""},{"test":"P\\Tests\\Feature\\Api\\V1\\RestaurantControllerTest::__pest_evaluable_show_returns_restaurant","file":"php\\htdocs\\Smart-Tourist-Guide\\backend\\vendor\\fakerphp\\faker\\src\\Faker\\Generator.php","line":743,"message":"Unknown format \"region\""},{"test":"P\\Tests\\Feature\\Api\\V1\\RestaurantControllerTest::__pest_evaluable_update_modifies_restaurant","file":"php\\htdocs\\Smart-Tourist-Guide\\backend\\vendor\\fakerphp\\faker\\src\\Faker\\Generator.php","line":743,"message":"Unknown format \"region\""},{"test":"P\\Tests\\Feature\\Api\\V1\\RestaurantControllerTest::__pest_evaluable_destroy_deletes_restaurant","file":"php\\htdocs\\Smart-Tourist-Guide\\backend\\vendor\\fakerphp\\faker\\src\\Faker\\Generator.php","line":743,"message":"Unknown format \"region\""},{"test":"P\\Tests\\Feature\\Api\\V1\\RoomControllerTest::__pest_evaluable_it_lists_rooms_for_hotel","file":"php\\htdocs\\Smart-Tourist-Guide\\backend\\vendor\\laravel\\framework\\src\\Illuminate\\Database\\Connection.php","line":595,"message":"SQLSTATE[HY000]: General error: 1 no such table: users (Connection: sqlite, Database: :memory:, SQL: insert into \"users\" (\"first_name\", \"last_name\", \"email\", \"phone\", \"password\", \"remember_token\", \"role\", \"status\", \"active\", \"updated_at\", \"created_at\") values (Marlene, Waters, kmarvin@example.com, 1107875477, $2y$04$LY3a1ap4x0u.3PF/bi/QHuOMxTdaqH775cPiXHCQPqXQuyuz6l9l6, q99IAZzSoR, hotel_manager, Approved, 1, 2026-07-31 18:58:59, 2026-07-31 18:58:59))"},{"test":"P\\Tests\\Feature\\Api\\V1\\RoomControllerTest::__pest_evaluable_it_filters_rooms_by_type","file":"php\\htdocs\\Smart-Tourist-Guide\\backend\\vendor\\laravel\\framework\\src\\Illuminate\\Database\\Connection.php","line":595,"message":"SQLSTATE[HY000]: General error: 1 no such table: users (Connection: sqlite, Database: :memory:, SQL: insert into \"users\" (\"first_name\", \"last_name\", \"email\", \"phone\", \"password\", \"remember_token\", \"role\", \"status\", \"active\", \"updated_at\", \"created_at\") values (Mauricio, Emmerich, lorenzo.luettgen@example.net, 1942976109, $2y$04$LY3a1ap4x0u.3PF/bi/QHuOMxTdaqH775cPiXHCQPqXQuyuz6l9l6, JHqH2bHSfs, hotel_manager, Approved, 1, 2026-07-31 18:58:59, 2026-07-31 18:58:59))"},{"test":"P\\Tests\\Feature\\Api\\V1\\RoomControllerTest::__pest_evaluable_it_creates_room_for_hotel_owner","file":"php\\htdocs\\Smart-Tourist-Guide\\backend\\vendor\\laravel\\framework\\src\\Illuminate\\Database\\Connection.php","line":595,"message":"SQLSTATE[HY000]: General error: 1 no such table: users (Connection: sqlite, Database: :memory:, SQL: insert into \"users\" (\"first_name\", \"last_name\", \"email\", \"phone\", \"password\", \"remember_token\", \"role\", \"status\", \"active\", \"updated_at\", \"created_at\") values (Dandre, Fisher, chase15@example.org, 8278865446, $2y$04$LY3a1ap4x0u.3PF/bi/QHuOMxTdaqH775cPiXHCQPqXQuyuz6l9l6, L7YiTQGw3A, hotel_manager, Approved, 1, 2026-07-31 18:59:00, 2026-07-31 18:59:00))"},{"test":"P\\Tests\\Feature\\Api\\V1\\RoomControllerTest::__pest_evaluable_it_fails_to_create_room_for_non_owner_non_admin","file":"php\\htdocs\\Smart-Tourist-Guide\\backend\\vendor\\laravel\\framework\\src\\Illuminate\\Database\\Connection.php","line":595,"message":"SQLSTATE[HY000]: General error: 1 no such table: users (Connection: sqlite, Database: :memory:, SQL: insert into \"users\" (\"first_name\", \"last_name\", \"email\", \"phone\", \"password\", \"remember_token\", \"role\", \"status\", \"active\", \"updated_at\", \"created_at\") values (Keyshawn, Jenkins, wolff.efren@example.net, 2227537076, $2y$04$LY3a1ap4x0u.3PF/bi/QHuOMxTdaqH775cPiXHCQPqXQuyuz6l9l6, RJiyMMkdIT, hotel_manager, Approved, 1, 2026-07-31 18:59:00, 2026-07-31 18:59:00))"},{"test":"P\\Tests\\Feature\\Api\\V1\\RoomControllerTest::__pest_evaluable_it_fails_to_create_room_with_missing_fields","file":"php\\htdocs\\Smart-Tourist-Guide\\backend\\vendor\\laravel\\framework\\src\\Illuminate\\Database\\Connection.php","line":595,"message":"SQLSTATE[HY000]: General error: 1 no such table: users (Connection: sqlite, Database: :memory:, SQL: insert into \"users\" (\"first_name\", \"last_name\", \"email\", \"phone\", \"password\", \"remember_token\", \"role\", \"status\", \"active\", \"updated_at\", \"created_at\") values (Arden, Reynolds, lionel.boyle@example.org, 9045074349, $2y$04$LY3a1ap4x0u.3PF/bi/QHuOMxTdaqH775cPiXHCQPqXQuyuz6l9l6, ujMeDYupVv, hotel_manager, Approved, 1, 2026-07-31 18:59:00, 2026-07-31 18:59:00))"},{"test":"P\\Tests\\Feature\\Api\\V1\\RoomControllerTest::__pest_evaluable_it_shows_room","file":"php\\htdocs\\Smart-Tourist-Guide\\backend\\vendor\\laravel\\framework\\src\\Illuminate\\Database\\Connection.php","line":595,"message":"SQLSTATE[HY000]: General error: 1 no such table: users (Connection: sqlite, Database: :memory:, SQL: insert into \"users\" (\"first_name\", \"last_name\", \"email\", \"phone\", \"password\", \"remember_token\", \"role\", \"status\", \"active\", \"updated_at\", \"created_at\") values (Cassidy, Bechtelar, kiehn.larry@example.net, 1085852535, $2y$04$LY3a1ap4x0u.3PF/bi/QHuOMxTdaqH775cPiXHCQPqXQuyuz6l9l6, Z0BklvDQY2, hotel_manager, Approved, 1, 2026-07-31 18:59:00, 2026-07-31 18:59:00))"},{"test":"P\\Tests\\Feature\\Api\\V1\\RoomControllerTest::__pest_evaluable_it_allows_hotel_owner_to_update_room","file":"php\\htdocs\\Smart-Tourist-Guide\\backend\\vendor\\laravel\\framework\\src\\Illuminate\\Database\\Connection.php","line":595,"message":"SQLSTATE[HY000]: General error: 1 no such table: users (Connection: sqlite, Database: :memory:, SQL: insert into \"users\" (\"first_name\", \"last_name\", \"email\", \"phone\", \"password\", \"remember_token\", \"role\", \"status\", \"active\", \"updated_at\", \"created_at\") values (Edwin, Lehner, shane.quitzon@example.org, 9437826580, $2y$04$LY3a1ap4x0u.3PF/bi/QHuOMxTdaqH775cPiXHCQPqXQuyuz6l9l6, Ej1eus8m8z, hotel_manager, Approved, 1, 2026-07-31 18:59:00, 2026-07-31 18:59:00))"},{"test":"P\\Tests\\Feature\\Api\\V1\\RoomControllerTest::__pest_evaluable_it_fails_to_update_room_for_non_owner","file":"php\\htdocs\\Smart-Tourist-Guide\\backend\\vendor\\laravel\\framework\\src\\Illuminate\\Database\\Connection.php","line":595,"message":"SQLSTATE[HY000]: General error: 1 no such table: users (Connection: sqlite, Database: :memory:, SQL: insert into \"users\" (\"first_name\", \"last_name\", \"email\", \"phone\", \"password\", \"remember_token\", \"role\", \"status\", \"active\", \"updated_at\", \"created_at\") values (Kylee, Berge, liana.mills@example.org, 0809374850, $2y$04$LY3a1ap4x0u.3PF/bi/QHuOMxTdaqH775cPiXHCQPqXQuyuz6l9l6, ceTAalpFpa, hotel_manager, Approved, 1, 2026-07-31 18:59:00, 2026-07-31 18:59:00))"},{"test":"P\\Tests\\Feature\\Api\\V1\\RoomControllerTest::__pest_evaluable_it_soft_deletes_room","file":"php\\htdocs\\Smart-Tourist-Guide\\backend\\vendor\\laravel\\framework\\src\\Illuminate\\Database\\Connection.php","line":595,"message":"SQLSTATE[HY000]: General error: 1 no such table: users (Connection: sqlite, Database: :memory:, SQL: insert into \"users\" (\"first_name\", \"last_name\", \"email\", \"phone\", \"password\", \"remember_token\", \"role\", \"status\", \"active\", \"updated_at\", \"created_at\") values (Jordi, Gulgowski, nparker@example.net, 5118516935, $2y$04$LY3a1ap4x0u.3PF/bi/QHuOMxTdaqH775cPiXHCQPqXQuyuz6l9l6, WeyaZn2A49, hotel_manager, Approved, 1, 2026-07-31 18:59:00, 2026-07-31 18:59:00))"},{"test":"P\\Tests\\Feature\\Api\\V1\\RoomControllerTest::__pest_evaluable_it_restores_soft_deleted_room","file":"php\\htdocs\\Smart-Tourist-Guide\\backend\\vendor\\laravel\\framework\\src\\Illuminate\\Database\\Connection.php","line":595,"message":"SQLSTATE[HY000]: General error: 1 no such table: users (Connection: sqlite, Database: :memory:, SQL: insert into \"users\" (\"first_name\", \"last_name\", \"email\", \"phone\", \"password\", \"remember_token\", \"role\", \"status\", \"active\", \"updated_at\", \"created_at\") values (Keaton, Strosin, block.montana@example.org, 2941499262, $2y$04$LY3a1ap4x0u.3PF/bi/QHuOMxTdaqH775cPiXHCQPqXQuyuz6l9l6, 42GVi7MIH0, hotel_manager, Approved, 1, 2026-07-31 18:59:00, 2026-07-31 18:59:00))"},{"test":"P\\Tests\\Feature\\Api\\V1\\VehicleControllerTest::__pest_evaluable_it_lists_vehicles_for_driver","file":"php\\htdocs\\Smart-Tourist-Guide\\backend\\vendor\\laravel\\framework\\src\\Illuminate\\Database\\Connection.php","line":595,"message":"SQLSTATE[HY000]: General error: 1 no such table: users (Connection: sqlite, Database: :memory:, SQL: insert into \"users\" (\"first_name\", \"last_name\", \"email\", \"phone\", \"password\", \"remember_token\", \"role\", \"status\", \"active\", \"updated_at\", \"created_at\") values (Kaley, McKenzie, eldridge43@example.org, 3775273703, $2y$04$LY3a1ap4x0u.3PF/bi/QHuOMxTdaqH775cPiXHCQPqXQuyuz6l9l6, sRO0A5r61c, driver, Approved, 1, 2026-07-31 18:59:01, 2026-07-31 18:59:01))"},{"test":"P\\Tests\\Feature\\Api\\V1\\VehicleControllerTest::__pest_evaluable_it_creates_vehicle_for_driver_owner","file":"php\\htdocs\\Smart-Tourist-Guide\\backend\\vendor\\laravel\\framework\\src\\Illuminate\\Database\\Connection.php","line":595,"message":"SQLSTATE[HY000]: General error: 1 no such table: users (Connection: sqlite, Database: :memory:, SQL: insert into \"users\" (\"first_name\", \"last_name\", \"email\", \"phone\", \"password\", \"remember_token\", \"role\", \"status\", \"active\", \"updated_at\", \"created_at\") values (Luella, Hill, gchristiansen@example.com, 4662653212, $2y$04$LY3a1ap4x0u.3PF/bi/QHuOMxTdaqH775cPiXHCQPqXQuyuz6l9l6, zIIZ1D7OU3, driver, Approved, 1, 2026-07-31 18:59:02, 2026-07-31 18:59:02))"},{"test":"P\\Tests\\Feature\\Api\\V1\\VehicleControllerTest::__pest_evaluable_it_fails_to_create_vehicle_for_non_owner_non_admin","file":"php\\htdocs\\Smart-Tourist-Guide\\backend\\vendor\\laravel\\framework\\src\\Illuminate\\Database\\Connection.php","line":595,"message":"SQLSTATE[HY000]: General error: 1 no such table: users (Connection: sqlite, Database: :memory:, SQL: insert into \"users\" (\"first_name\", \"last_name\", \"email\", \"phone\", \"password\", \"remember_token\", \"role\", \"status\", \"active\", \"updated_at\", \"created_at\") values (Fred, Jacobs, olen67@example.net, 4032304287, $2y$04$LY3a1ap4x0u.3PF/bi/QHuOMxTdaqH775cPiXHCQPqXQuyuz6l9l6, 3DVlt6hrFA, driver, Approved, 1, 2026-07-31 18:59:02, 2026-07-31 18:59:02))"},{"test":"P\\Tests\\Feature\\Api\\V1\\VehicleControllerTest::__pest_evaluable_it_fails_to_create_vehicle_with_missing_fields","file":"php\\htdocs\\Smart-Tourist-Guide\\backend\\vendor\\laravel\\framework\\src\\Illuminate\\Database\\Connection.php","line":595,"message":"SQLSTATE[HY000]: General error: 1 no such table: users (Connection: sqlite, Database: :memory:, SQL: insert into \"users\" (\"first_name\", \"last_name\", \"email\", \"phone\", \"password\", \"remember_token\", \"role\", \"status\", \"active\", \"updated_at\", \"created_at\") values (Tyson, O'Reilly, reilly.abshire@example.org, 5521564834, $2y$04$LY3a1ap4x0u.3PF/bi/QHuOMxTdaqH775cPiXHCQPqXQuyuz6l9l6, B4KVeaQntJ, driver, Approved, 1, 2026-07-31 18:59:02, 2026-07-31 18:59:02))"},{"test":"P\\Tests\\Feature\\Api\\V1\\VehicleControllerTest::__pest_evaluable_it_shows_vehicle","file":"php\\htdocs\\Smart-Tourist-Guide\\backend\\vendor\\laravel\\framework\\src\\Illuminate\\Database\\Connection.php","line":595,"message":"SQLSTATE[HY000]: General error: 1 no such table: users (Connection: sqlite, Database: :memory:, SQL: insert into \"users\" (\"first_name\", \"last_name\", \"email\", \"phone\", \"password\", \"remember_token\", \"role\", \"status\", \"active\", \"updated_at\", \"created_at\") values (Everardo, Murray, alison.fritsch@example.net, 1967221343, $2y$04$LY3a1ap4x0u.3PF/bi/QHuOMxTdaqH775cPiXHCQPqXQuyuz6l9l6, tazUPHseSt, driver, Approved, 1, 2026-07-31 18:59:02, 2026-07-31 18:59:02))"},{"test":"P\\Tests\\Feature\\Api\\V1\\VehicleControllerTest::__pest_evaluable_it_allows_driver_owner_to_update_vehicle","file":"php\\htdocs\\Smart-Tourist-Guide\\backend\\vendor\\laravel\\framework\\src\\Illuminate\\Database\\Connection.php","line":595,"message":"SQLSTATE[HY000]: General error: 1 no such table: users (Connection: sqlite, Database: :memory:, SQL: insert into \"users\" (\"first_name\", \"last_name\", \"email\", \"phone\", \"password\", \"remember_token\", \"role\", \"status\", \"active\", \"updated_at\", \"created_at\") values (Wilson, Bechtelar, clay.rippin@example.net, 6529504608, $2y$04$LY3a1ap4x0u.3PF/bi/QHuOMxTdaqH775cPiXHCQPqXQuyuz6l9l6, 9yPXprgMW3, driver, Approved, 1, 2026-07-31 18:59:02, 2026-07-31 18:59:02))"},{"test":"P\\Tests\\Feature\\Api\\V1\\VehicleControllerTest::__pest_evaluable_it_fails_to_update_vehicle_for_non_owner","file":"php\\htdocs\\Smart-Tourist-Guide\\backend\\vendor\\laravel\\framework\\src\\Illuminate\\Database\\Connection.php","line":595,"message":"SQLSTATE[HY000]: General error: 1 no such table: users (Connection: sqlite, Database: :memory:, SQL: insert into \"users\" (\"first_name\", \"last_name\", \"email\", \"phone\", \"password\", \"remember_token\", \"role\", \"status\", \"active\", \"updated_at\", \"created_at\") values (Weldon, Botsford, mveum@example.org, 0750372551, $2y$04$LY3a1ap4x0u.3PF/bi/QHuOMxTdaqH775cPiXHCQPqXQuyuz6l9l6, vr5XTCCEaH, driver, Approved, 1, 2026-07-31 18:59:02, 2026-07-31 18:59:02))"},{"test":"P\\Tests\\Feature\\Api\\V1\\VehicleControllerTest::__pest_evaluable_it_deletes_vehicle","file":"php\\htdocs\\Smart-Tourist-Guide\\backend\\vendor\\laravel\\framework\\src\\Illuminate\\Database\\Connection.php","line":595,"message":"SQLSTATE[HY000]: General error: 1 no such table: users (Connection: sqlite, Database: :memory:, SQL: insert into \"users\" (\"first_name\", \"last_name\", \"email\", \"phone\", \"password\", \"remember_token\", \"role\", \"status\", \"active\", \"updated_at\", \"created_at\") values (Michale, Hegmann, mark.veum@example.com, 3836405074, $2y$04$LY3a1ap4x0u.3PF/bi/QHuOMxTdaqH775cPiXHCQPqXQuyuz6l9l6, yl395AvDSe, driver, Approved, 1, 2026-07-31 18:59:02, 2026-07-31 18:59:02))"}]}
